- 10.100.5.100 - - [30/Nov/2017:11:00:03 +0530] "GET /nawaloka2/1.0.0/read?PatientId=abc%40abc.com HTTP/1.1" - - "https://172.17.0.1:9444/store/apis/info?name=NawalokaPatientService2&version=1.0.0&provider=admin" "Mozilla/5.0 (X11; Linux x86_64) AppleWebKit/537.36 (KHTML, like Gecko) Chrome/62.0.3202.94 Safari/537.36"
- 127.0.0.1  - [30/Nov/2017:10:59:52 +0530] "- - " 200 - "-" "-"
- 127.0.0.1 - - [30/Nov/2017:11:00:03 +0530] "GET /services/ModifiedSEcuredESBResource/read?PatientId=abc%40abc.com HTTP/1.1" - - "https://172.17.0.1:9444/store/apis/info?name=NawalokaPatientService2&version=1.0.0&provider=admin" "Synapse-PT-HttpComponents-NIO"
- 10.100.5.100 - - [30/Nov/2017:11:00:04 +0530] "GET /nawaloka2/1.0.0/read?PatientId=abc%40abc.com HTTP/1.1" - - "https://172.17.0.1:9444/store/apis/info?name=NawalokaPatientService2&version=1.0.0&provider=admin" "Mozilla/5.0 (X11; Linux x86_64) AppleWebKit/537.36 (KHTML, like Gecko) Chrome/62.0.3202.94 Safari/537.36"
- 10.100.5.100  - [30/Nov/2017:10:59:52 +0530] "- - " 200 - "-" "-"
- 127.0.0.1 - - [30/Nov/2017:11:00:04 +0530] "GET /services/ModifiedSEcuredESBResource/read?PatientId=abc%40abc.com HTTP/1.1" - - "https://172.17.0.1:9444/store/apis/info?name=NawalokaPatientService2&version=1.0.0&provider=admin" "Synapse-PT-HttpComponents-NIO"
- 10.100.5.100 - - [30/Nov/2017:11:00:05 +0530] "GET /nawaloka2/1.0.0/read?PatientId=abc%40abc.com HTTP/1.1" - - "https://172.17.0.1:9444/store/apis/info?name=NawalokaPatientService2&version=1.0.0&provider=admin" "Mozilla/5.0 (X11; Linux x86_64) AppleWebKit/537.36 (KHTML, like Gecko) Chrome/62.0.3202.94 Safari/537.36"
- 127.0.0.1  - [30/Nov/2017:10:59:54 +0530] "- - " 200 - "-" "-"
- 127.0.0.1 - - [30/Nov/2017:11:00:05 +0530] "GET /services/ModifiedSEcuredESBResource/read?PatientId=abc%40abc.com HTTP/1.1" - - "https://172.17.0.1:9444/store/apis/info?name=NawalokaPatientService2&version=1.0.0&provider=admin" "Synapse-PT-HttpComponents-NIO"
- 10.100.5.100 - - [30/Nov/2017:11:00:05 +0530] "OPTIONS /nawaloka2/1.0.0/read?PatientId=abc%40abc.com HTTP/1.1" - - "-" "Mozilla/5.0 (X11; Linux x86_64) AppleWebKit/537.36 (KHTML, like Gecko) Chrome/62.0.3202.94 Safari/537.36"
- 10.100.5.100  - [30/Nov/2017:10:59:54 +0530] "- - " 200 - "-" "-"
- 10.100.5.100 - - [30/Nov/2017:11:00:05 +0530] "GET /nawaloka2/1.0.0/read?PatientId=abc%40abc.com HTTP/1.1" - - "https://172.17.0.1:9444/store/apis/info?name=NawalokaPatientService2&version=1.0.0&provider=admin" "Mozilla/5.0 (X11; Linux x86_64) AppleWebKit/537.36 (KHTML, like Gecko) Chrome/62.0.3202.94 Safari/537.36"
- 127.0.0.1 - - [30/Nov/2017:11:00:05 +0530] "GET /services/ModifiedSEcuredESBResource/read?PatientId=abc%40abc.com HTTP/1.1" - - "https://172.17.0.1:9444/store/apis/info?name=NawalokaPatientService2&version=1.0.0&provider=admin" "Synapse-PT-HttpComponents-NIO"
- 10.100.5.100  - [30/Nov/2017:10:59:54 +0530] "- - " 200 - "-" "-"
- 10.100.5.100 - - [30/Nov/2017:11:00:06 +0530] "GET /nawaloka2/1.0.0/read?PatientId=abc%40abc.com HTTP/1.1" - - "https://172.17.0.1:9444/store/apis/info?name=NawalokaPatientService2&version=1.0.0&provider=admin" "Mozilla/5.0 (X11; Linux x86_64) AppleWebKit/537.36 (KHTML, like Gecko) Chrome/62.0.3202.94 Safari/537.36"
- 127.0.0.1  - [30/Nov/2017:10:59:54 +0530] "- - " 200 - "-" "-"
- 127.0.0.1 - - [30/Nov/2017:11:00:06 +0530] "GET /services/ModifiedSEcuredESBResource/read?PatientId=abc%40abc.com HTTP/1.1" - - "https://172.17.0.1:9444/store/apis/info?name=NawalokaPatientService2&version=1.0.0&provider=admin" "Synapse-PT-HttpComponents-NIO"
- 10.100.5.100 - - [30/Nov/2017:11:00:08 +0530] "GET /nawaloka2/1.0.0/read?PatientId=abc%40abc.com HTTP/1.1" - - "https://172.17.0.1:9444/store/apis/info?name=NawalokaPatientService2&version=1.0.0&provider=admin" "Mozilla/5.0 (X11; Linux x86_64) AppleWebKit/537.36 (KHTML, like Gecko) Chrome/62.0.3202.94 Safari/537.36"
- 10.100.5.100  - [30/Nov/2017:10:59:54 +0530] "- - " 200 - "-" "-"
- 127.0.0.1 - - [30/Nov/2017:11:00:08 +0530] "GET /services/ModifiedSEcuredESBResource/read?PatientId=abc%40abc.com HTTP/1.1" - - "https://172.17.0.1:9444/store/apis/info?name=NawalokaPatientService2&version=1.0.0&provider=admin" "Synapse-PT-HttpComponents-NIO"
- 10.100.5.100 - - [30/Nov/2017:11:00:08 +0530] "GET /nawaloka2/1.0.0/read?PatientId=abc%40abc.com HTTP/1.1" - - "https://172.17.0.1:9444/store/apis/info?name=NawalokaPatientService2&version=1.0.0&provider=admin" "Mozilla/5.0 (X11; Linux x86_64) AppleWebKit/537.36 (KHTML, like Gecko) Chrome/62.0.3202.94 Safari/537.36"
- 127.0.0.1  - [30/Nov/2017:10:59:55 +0530] "- - " 200 - "-" "-"
- 127.0.0.1 - - [30/Nov/2017:11:00:08 +0530] "GET /services/ModifiedSEcuredESBResource/read?PatientId=abc%40abc.com HTTP/1.1" - - "https://172.17.0.1:9444/store/apis/info?name=NawalokaPatientService2&version=1.0.0&provider=admin" "Synapse-PT-HttpComponents-NIO"
- 10.100.5.100 - - [30/Nov/2017:11:00:09 +0530] "GET /nawaloka2/1.0.0/read?PatientId=abc%40abc.com HTTP/1.1" - - "https://172.17.0.1:9444/store/apis/info?name=NawalokaPatientService2&version=1.0.0&provider=admin" "Mozilla/5.0 (X11; Linux x86_64) AppleWebKit/537.36 (KHTML, like Gecko) Chrome/62.0.3202.94 Safari/537.36"
- 10.100.5.100  - [30/Nov/2017:10:59:55 +0530] "- - " 200 - "-" "-"
- 127.0.0.1 - - [30/Nov/2017:11:00:09 +0530] "GET /services/ModifiedSEcuredESBResource/read?PatientId=abc%40abc.com HTTP/1.1" - - "https://172.17.0.1:9444/store/apis/info?name=NawalokaPatientService2&version=1.0.0&provider=admin" "Synapse-PT-HttpComponents-NIO"
- 10.100.5.100 - - [30/Nov/2017:11:00:09 +0530] "GET /nawaloka2/1.0.0/read?PatientId=abc%40abc.com HTTP/1.1" - - "https://172.17.0.1:9444/store/apis/info?name=NawalokaPatientService2&version=1.0.0&provider=admin" "Mozilla/5.0 (X11; Linux x86_64) AppleWebKit/537.36 (KHTML, like Gecko) Chrome/62.0.3202.94 Safari/537.36"
- 127.0.0.1  - [30/Nov/2017:10:59:57 +0530] "- - " 200 - "-" "-"
- 127.0.0.1 - - [30/Nov/2017:11:00:09 +0530] "GET /services/ModifiedSEcuredESBResource/read?PatientId=abc%40abc.com HTTP/1.1" - - "https://172.17.0.1:9444/store/apis/info?name=NawalokaPatientService2&version=1.0.0&provider=admin" "Synapse-PT-HttpComponents-NIO"
- 10.100.5.100 - - [30/Nov/2017:11:00:12 +0530] "OPTIONS /nawaloka2/1.0.0/read?PatientId=abc%40abc.com HTTP/1.1" - - "-" "Mozilla/5.0 (X11; Linux x86_64) AppleWebKit/537.36 (KHTML, like Gecko) Chrome/62.0.3202.94 Safari/537.36"
- 10.100.5.100  - [30/Nov/2017:10:59:57 +0530] "- - " 200 - "-" "-"
- 10.100.5.100 - - [30/Nov/2017:11:00:12 +0530] "GET /nawaloka2/1.0.0/read?PatientId=abc%40abc.com HTTP/1.1" - - "https://172.17.0.1:9444/store/apis/info?name=NawalokaPatientService2&version=1.0.0&provider=admin" "Mozilla/5.0 (X11; Linux x86_64) AppleWebKit/537.36 (KHTML, like Gecko) Chrome/62.0.3202.94 Safari/537.36"
- 127.0.0.1 - - [30/Nov/2017:11:00:12 +0530] "GET /services/ModifiedSEcuredESBResource/read?PatientId=abc%40abc.com HTTP/1.1" - - "https://172.17.0.1:9444/store/apis/info?name=NawalokaPatientService2&version=1.0.0&provider=admin" "Synapse-PT-HttpComponents-NIO"
- 127.0.0.1  - [30/Nov/2017:10:59:58 +0530] "- - " 200 - "-" "-"
- 10.100.5.100  - [30/Nov/2017:10:59:58 +0530] "- - " 200 - "-" "-"
- 127.0.0.1  - [30/Nov/2017:10:59:59 +0530] "- - " 200 - "-" "-"
- 10.100.5.100  - [30/Nov/2017:10:59:59 +0530] "- - " 200 - "-" "-"
- 10.100.5.100  - [30/Nov/2017:11:00:00 +0530] "- - " 200 - "-" "-"
- 127.0.0.1  - [30/Nov/2017:11:00:00 +0530] "- - " 200 - "-" "-"
- 10.100.5.100  - [30/Nov/2017:11:00:00 +0530] "- - " 200 - "-" "-"
- 127.0.0.1  - [30/Nov/2017:11:00:02 +0530] "- - " 200 - "-" "-"
- 10.100.5.100  - [30/Nov/2017:11:00:02 +0530] "- - " 200 - "-" "-"
- 127.0.0.1  - [30/Nov/2017:11:00:03 +0530] "- - " 200 - "-" "-"
- 10.100.5.100  - [30/Nov/2017:11:00:03 +0530] "- - " 200 - "-" "-"
- 127.0.0.1  - [30/Nov/2017:11:00:04 +0530] "- - " 200 - "-" "-"
- 10.100.5.100  - [30/Nov/2017:11:00:04 +0530] "- - " 200 - "-" "-"
- 127.0.0.1  - [30/Nov/2017:11:00:05 +0530] "- - " 200 - "-" "-"
- 10.100.5.100  - [30/Nov/2017:11:00:05 +0530] "- - " 200 - "-" "-"
- 10.100.5.100  - [30/Nov/2017:11:00:05 +0530] "- - " 200 - "-" "-"
- 127.0.0.1  - [30/Nov/2017:11:00:06 +0530] "- - " 200 - "-" "-"
- 10.100.5.100  - [30/Nov/2017:11:00:06 +0530] "- - " 200 - "-" "-"
- 127.0.0.1  - [30/Nov/2017:11:00:06 +0530] "- - " 200 - "-" "-"
- 10.100.5.100  - [30/Nov/2017:11:00:06 +0530] "- - " 200 - "-" "-"
- 127.0.0.1  - [30/Nov/2017:11:00:08 +0530] "- - " 200 - "-" "-"
- 10.100.5.100  - [30/Nov/2017:11:00:08 +0530] "- - " 200 - "-" "-"
- 127.0.0.1  - [30/Nov/2017:11:00:08 +0530] "- - " 200 - "-" "-"
- 10.100.5.100  - [30/Nov/2017:11:00:08 +0530] "- - " 200 - "-" "-"
- 127.0.0.1  - [30/Nov/2017:11:00:09 +0530] "- - " 200 - "-" "-"
- 10.100.5.100  - [30/Nov/2017:11:00:09 +0530] "- - " 200 - "-" "-"
- 127.0.0.1  - [30/Nov/2017:11:00:09 +0530] "- - " 200 - "-" "-"
- 10.100.5.100  - [30/Nov/2017:11:00:09 +0530] "- - " 200 - "-" "-"
- 10.100.5.100  - [30/Nov/2017:11:00:12 +0530] "- - " 200 - "-" "-"
- 127.0.0.1  - [30/Nov/2017:11:00:12 +0530] "- - " 200 - "-" "-"
- 10.100.5.100  - [30/Nov/2017:11:00:12 +0530] "- - " 200 - "-" "-"
10.100.5.100 - - [30/Nov/2017:11:01:59 +0530] "GET /admin/api-policy-edit?policyName=Tier1 HTTP/1.1" 200 10206 "https://172.17.0.1:9444/admin/api-policy-list" "Mozilla/5.0 (X11; Linux x86_64) AppleWebKit/537.36 (KHTML, like Gecko) Chrome/62.0.3202.94 Safari/537.36"
10.100.5.100 - - [30/Nov/2017:11:01:59 +0530] "GET /admin/site/themes/wso2/libs/theme-wso2_1.0/css/theme-wso2.css HTTP/1.1" 200 31338 "https://172.17.0.1:9444/admin/api-policy-edit?policyName=Tier1" "Mozilla/5.0 (X11; Linux x86_64) AppleWebKit/537.36 (KHTML, like Gecko) Chrome/62.0.3202.94 Safari/537.36"
10.100.5.100 - - [30/Nov/2017:11:01:59 +0530] "GET /admin/site/themes/wso2/templates/policy/resource/policy-add/css/policy-designer.css HTTP/1.1" 200 1367 "https://172.17.0.1:9444/admin/api-policy-edit?policyName=Tier1" "Mozilla/5.0 (X11; Linux x86_64) AppleWebKit/537.36 (KHTML, like Gecko) Chrome/62.0.3202.94 Safari/537.36"
10.100.5.100 - - [30/Nov/2017:11:01:59 +0530] "GET /admin/site/themes/wso2/libs/data-tables_1.10.7/extensions/Bootstrap/css/dataTables.bootstrap.css HTTP/1.1" 200 1969 "https://172.17.0.1:9444/admin/api-policy-edit?policyName=Tier1" "Mozilla/5.0 (X11; Linux x86_64) AppleWebKit/537.36 (KHTML, like Gecko) Chrome/62.0.3202.94 Safari/537.36"
10.100.5.100 - - [30/Nov/2017:11:01:59 +0530] "GET /admin/site/themes/wso2/libs/data-tables_1.10.7/extensions/Responsive/css/dataTables.responsive.css HTTP/1.1" 200 656 "https://172.17.0.1:9444/admin/api-policy-edit?policyName=Tier1" "Mozilla/5.0 (X11; Linux x86_64) AppleWebKit/537.36 (KHTML, like Gecko) Chrome/62.0.3202.94 Safari/537.36"
10.100.5.100 - - [30/Nov/2017:11:01:59 +0530] "GET /admin/site/themes/wso2/libs/font-wso2_1.0.2/css/font-wso2.min.css HTTP/1.1" 200 2728 "https://172.17.0.1:9444/admin/api-policy-edit?policyName=Tier1" "Mozilla/5.0 (X11; Linux x86_64) AppleWebKit/537.36 (KHTML, like Gecko) Chrome/62.0.3202.94 Safari/537.36"
10.100.5.100 - - [30/Nov/2017:11:01:59 +0530] "GET /admin/site/themes/wso2/css/custom.css HTTP/1.1" 200 1712 "https://172.17.0.1:9444/admin/api-policy-edit?policyName=Tier1" "Mozilla/5.0 (X11; Linux x86_64) AppleWebKit/537.36 (KHTML, like Gecko) Chrome/62.0.3202.94 Safari/537.36"
10.100.5.100 - - [30/Nov/2017:11:01:59 +0530] "GET /admin//site/conf/locales/js/i18nResources.json HTTP/1.1" 200 7582 "https://172.17.0.1:9444/admin/api-policy-edit?policyName=Tier1" "Mozilla/5.0 (X11; Linux x86_64) AppleWebKit/537.36 (KHTML, like Gecko) Chrome/62.0.3202.94 Safari/537.36"
10.100.5.100 - - [30/Nov/2017:11:01:59 +0530] "GET /admin/site/themes/wso2/libs/bootstrap3-editable/css/bootstrap-editable.css HTTP/1.1" 200 3553 "https://172.17.0.1:9444/admin/api-policy-edit?policyName=Tier1" "Mozilla/5.0 (X11; Linux x86_64) AppleWebKit/537.36 (KHTML, like Gecko) Chrome/62.0.3202.94 Safari/537.36"
10.100.5.100 - - [30/Nov/2017:11:01:59 +0530] "GET /admin/site/themes/wso2/libs/select2_4.0.0/css/select2.min.css HTTP/1.1" 200 1959 "https://172.17.0.1:9444/admin/api-policy-edit?policyName=Tier1" "Mozilla/5.0 (X11; Linux x86_64) AppleWebKit/537.36 (KHTML, like Gecko) Chrome/62.0.3202.94 Safari/537.36"
10.100.5.100 - - [30/Nov/2017:11:01:59 +0530] "GET /admin//site/conf/locales/js/i18nResources.json HTTP/1.1" 200 7582 "https://172.17.0.1:9444/admin/api-policy-edit?policyName=Tier1" "Mozilla/5.0 (X11; Linux x86_64) AppleWebKit/537.36 (KHTML, like Gecko) Chrome/62.0.3202.94 Safari/537.36"
10.100.5.100 - - [30/Nov/2017:11:01:59 +0530] "GET /admin//site/conf/locales/js/i18nResources.json HTTP/1.1" 200 7582 "https://172.17.0.1:9444/admin/api-policy-edit?policyName=Tier1" "Mozilla/5.0 (X11; Linux x86_64) AppleWebKit/537.36 (KHTML, like Gecko) Chrome/62.0.3202.94 Safari/537.36"
10.100.5.100 - - [30/Nov/2017:11:02:00 +0530] "POST /admin/site/blocks/policy/resource/policy-add/ajax/policy-operations.jag HTTP/1.1" 200 989 "https://172.17.0.1:9444/admin/api-policy-edit?policyName=Tier1" "Mozilla/5.0 (X11; Linux x86_64) AppleWebKit/537.36 (KHTML, like Gecko) Chrome/62.0.3202.94 Safari/537.36"
127.0.0.1 - - [30/Nov/2017:11:02:13 +0530] "POST /services/AuthenticationAdmin HTTP/1.1" 200 299 "-" "Axis2"
127.0.0.1 - - [30/Nov/2017:11:02:13 +0530] "POST /services/EventProcessorAdminService HTTP/1.1" 200 390 "-" "Axis2"
127.0.0.1 - - [30/Nov/2017:11:02:13 +0530] "POST /services/AuthenticationAdmin HTTP/1.1" 200 299 "-" "Axis2"
127.0.0.1 - - [30/Nov/2017:11:02:13 +0530] "POST /services/EventProcessorAdminService HTTP/1.1" 200 390 "-" "Axis2"
127.0.0.1 - - [30/Nov/2017:11:02:13 +0530] "POST /services/AuthenticationAdmin HTTP/1.1" 200 299 "-" "Axis2"
127.0.0.1 - - [30/Nov/2017:11:02:13 +0530] "POST /services/EventProcessorAdminService HTTP/1.1" 200 327 "-" "Axis2"
127.0.0.1 - - [30/Nov/2017:11:02:13 +0530] "POST /services/EventProcessorAdminService HTTP/1.1" 200 382 "-" "Axis2"
127.0.0.1 - - [30/Nov/2017:11:02:13 +0530] "POST /services/AuthenticationAdmin HTTP/1.1" 202 5 "-" "Axis2"
127.0.0.1 - - [30/Nov/2017:11:02:13 +0530] "POST /services/AuthenticationAdmin HTTP/1.1" 200 299 "-" "Axis2"
127.0.0.1 - - [30/Nov/2017:11:02:13 +0530] "POST /services/EventProcessorAdminService HTTP/1.1" 200 327 "-" "Axis2"
127.0.0.1 - - [30/Nov/2017:11:02:13 +0530] "POST /services/EventProcessorAdminService HTTP/1.1" 200 382 "-" "Axis2"
127.0.0.1 - - [30/Nov/2017:11:02:13 +0530] "POST /services/AuthenticationAdmin HTTP/1.1" 202 5 "-" "Axis2"
10.100.5.100 - - [30/Nov/2017:11:02:13 +0530] "POST /admin/site/blocks/policy/resource/policy-add/ajax/policy-operations.jag HTTP/1.1" 200 21 "https://172.17.0.1:9444/admin/api-policy-edit?policyName=Tier1" "Mozilla/5.0 (X11; Linux x86_64) AppleWebKit/537.36 (KHTML, like Gecko) Chrome/62.0.3202.94 Safari/537.36"
10.100.5.100 - - [30/Nov/2017:11:02:13 +0530] "GET /admin/api-policy-list HTTP/1.1" 200 4725 "https://172.17.0.1:9444/admin/api-policy-edit?policyName=Tier1" "Mozilla/5.0 (X11; Linux x86_64) AppleWebKit/537.36 (KHTML, like Gecko) Chrome/62.0.3202.94 Safari/537.36"
10.100.5.100 - - [30/Nov/2017:11:02:13 +0530] "GET /admin/site/themes/wso2/templates/policy/resource/policy-list/js/policy-list.js HTTP/1.1" 200 1532 "https://172.17.0.1:9444/admin/api-policy-list" "Mozilla/5.0 (X11; Linux x86_64) AppleWebKit/537.36 (KHTML, like Gecko) Chrome/62.0.3202.94 Safari/537.36"
10.100.5.100 - - [30/Nov/2017:11:02:13 +0530] "GET /admin/site/themes/wso2/libs/font-wso2_1.0.2/css/font-wso2.min.css HTTP/1.1" 200 2728 "https://172.17.0.1:9444/admin/api-policy-list" "Mozilla/5.0 (X11; Linux x86_64) AppleWebKit/537.36 (KHTML, like Gecko) Chrome/62.0.3202.94 Safari/537.36"
10.100.5.100 - - [30/Nov/2017:11:02:13 +0530] "GET /admin/site/themes/wso2/css/custom.css HTTP/1.1" 200 1712 "https://172.17.0.1:9444/admin/api-policy-list" "Mozilla/5.0 (X11; Linux x86_64) AppleWebKit/537.36 (KHTML, like Gecko) Chrome/62.0.3202.94 Safari/537.36"
10.100.5.100 - - [30/Nov/2017:11:02:13 +0530] "GET /admin/site/themes/wso2/libs/data-tables_1.10.7/extensions/Bootstrap/css/dataTables.bootstrap.css HTTP/1.1" 200 1969 "https://172.17.0.1:9444/admin/api-policy-list" "Mozilla/5.0 (X11; Linux x86_64) AppleWebKit/537.36 (KHTML, like Gecko) Chrome/62.0.3202.94 Safari/537.36"
10.100.5.100 - - [30/Nov/2017:11:02:13 +0530] "GET /admin/site/themes/wso2/libs/theme-wso2_1.0/css/theme-wso2.css HTTP/1.1" 200 31338 "https://172.17.0.1:9444/admin/api-policy-list" "Mozilla/5.0 (X11; Linux x86_64) AppleWebKit/537.36 (KHTML, like Gecko) Chrome/62.0.3202.94 Safari/537.36"
10.100.5.100 - - [30/Nov/2017:11:02:13 +0530] "GET /admin/site/themes/wso2/libs/data-tables_1.10.7/extensions/Responsive/css/dataTables.responsive.css HTTP/1.1" 200 656 "https://172.17.0.1:9444/admin/api-policy-list" "Mozilla/5.0 (X11; Linux x86_64) AppleWebKit/537.36 (KHTML, like Gecko) Chrome/62.0.3202.94 Safari/537.36"
10.100.5.100 - - [30/Nov/2017:11:02:13 +0530] "GET /admin/site/themes/wso2/libs/select2_4.0.0/css/select2.min.css HTTP/1.1" 200 1959 "https://172.17.0.1:9444/admin/api-policy-list" "Mozilla/5.0 (X11; Linux x86_64) AppleWebKit/537.36 (KHTML, like Gecko) Chrome/62.0.3202.94 Safari/537.36"
10.100.5.100 - - [30/Nov/2017:11:02:13 +0530] "GET /admin//site/conf/locales/js/i18nResources.json HTTP/1.1" 200 7582 "https://172.17.0.1:9444/admin/api-policy-list" "Mozilla/5.0 (X11; Linux x86_64) AppleWebKit/537.36 (KHTML, like Gecko) Chrome/62.0.3202.94 Safari/537.36"
10.100.5.100 - - [30/Nov/2017:11:02:13 +0530] "GET /admin//site/conf/locales/js/i18nResources.json HTTP/1.1" 200 7582 "https://172.17.0.1:9444/admin/api-policy-list" "Mozilla/5.0 (X11; Linux x86_64) AppleWebKit/537.36 (KHTML, like Gecko) Chrome/62.0.3202.94 Safari/537.36"
10.100.5.100 - - [30/Nov/2017:11:02:13 +0530] "GET /admin//site/conf/locales/js/i18nResources.json HTTP/1.1" 200 7582 "https://172.17.0.1:9444/admin/api-policy-list" "Mozilla/5.0 (X11; Linux x86_64) AppleWebKit/537.36 (KHTML, like Gecko) Chrome/62.0.3202.94 Safari/537.36"
- 10.100.5.100  - [30/Nov/2017:11:02:28 +0530] "- - " 200 - "-" "-"
- 127.0.0.1  - [30/Nov/2017:11:02:28 +0530] "- - " 200 - "-" "-"
- 10.100.5.100 - - [30/Nov/2017:11:02:28 +0530] "OPTIONS /nawaloka2/1.0.0/read?PatientId=abc%40abc.com HTTP/1.1" - - "-" "Mozilla/5.0 (X11; Linux x86_64) AppleWebKit/537.36 (KHTML, like Gecko) Chrome/62.0.3202.94 Safari/537.36"
- 10.100.5.100 - - [30/Nov/2017:11:02:28 +0530] "GET /nawaloka2/1.0.0/read?PatientId=abc%40abc.com HTTP/1.1" - - "https://172.17.0.1:9444/store/apis/info?name=NawalokaPatientService2&version=1.0.0&provider=admin" "Mozilla/5.0 (X11; Linux x86_64) AppleWebKit/537.36 (KHTML, like Gecko) Chrome/62.0.3202.94 Safari/537.36"
- 10.100.5.100  - [30/Nov/2017:11:02:28 +0530] "- - " 200 - "-" "-"
- 127.0.0.1 - - [30/Nov/2017:11:02:28 +0530] "GET /services/ModifiedSEcuredESBResource/read?PatientId=abc%40abc.com HTTP/1.1" - - "https://172.17.0.1:9444/store/apis/info?name=NawalokaPatientService2&version=1.0.0&provider=admin" "Synapse-PT-HttpComponents-NIO"
- 10.100.5.100 - - [30/Nov/2017:11:02:30 +0530] "GET /nawaloka2/1.0.0/read?PatientId=abc%40abc.com HTTP/1.1" - - "https://172.17.0.1:9444/store/apis/info?name=NawalokaPatientService2&version=1.0.0&provider=admin" "Mozilla/5.0 (X11; Linux x86_64) AppleWebKit/537.36 (KHTML, like Gecko) Chrome/62.0.3202.94 Safari/537.36"
- 127.0.0.1 - - [30/Nov/2017:11:02:30 +0530] "GET /services/ModifiedSEcuredESBResource/read?PatientId=abc%40abc.com HTTP/1.1" - - "https://172.17.0.1:9444/store/apis/info?name=NawalokaPatientService2&version=1.0.0&provider=admin" "Synapse-PT-HttpComponents-NIO"
- 127.0.0.1  - [30/Nov/2017:11:02:30 +0530] "- - " 200 - "-" "-"
- 10.100.5.100 - - [30/Nov/2017:11:02:31 +0530] "GET /nawaloka2/1.0.0/read?PatientId=abc%40abc.com HTTP/1.1" - - "https://172.17.0.1:9444/store/apis/info?name=NawalokaPatientService2&version=1.0.0&provider=admin" "Mozilla/5.0 (X11; Linux x86_64) AppleWebKit/537.36 (KHTML, like Gecko) Chrome/62.0.3202.94 Safari/537.36"
- 127.0.0.1 - - [30/Nov/2017:11:02:31 +0530] "GET /services/ModifiedSEcuredESBResource/read?PatientId=abc%40abc.com HTTP/1.1" - - "https://172.17.0.1:9444/store/apis/info?name=NawalokaPatientService2&version=1.0.0&provider=admin" "Synapse-PT-HttpComponents-NIO"
- 10.100.5.100 - - [30/Nov/2017:11:02:31 +0530] "GET /nawaloka2/1.0.0/read?PatientId=abc%40abc.com HTTP/1.1" - - "https://172.17.0.1:9444/store/apis/info?name=NawalokaPatientService2&version=1.0.0&provider=admin" "Mozilla/5.0 (X11; Linux x86_64) AppleWebKit/537.36 (KHTML, like Gecko) Chrome/62.0.3202.94 Safari/537.36"
- 10.100.5.100  - [30/Nov/2017:11:02:30 +0530] "- - " 200 - "-" "-"
- 127.0.0.1 - - [30/Nov/2017:11:02:31 +0530] "GET /services/ModifiedSEcuredESBResource/read?PatientId=abc%40abc.com HTTP/1.1" - - "https://172.17.0.1:9444/store/apis/info?name=NawalokaPatientService2&version=1.0.0&provider=admin" "Synapse-PT-HttpComponents-NIO"
- 10.100.5.100 - - [30/Nov/2017:11:02:32 +0530] "GET /nawaloka2/1.0.0/read?PatientId=abc%40abc.com HTTP/1.1" - - "https://172.17.0.1:9444/store/apis/info?name=NawalokaPatientService2&version=1.0.0&provider=admin" "Mozilla/5.0 (X11; Linux x86_64) AppleWebKit/537.36 (KHTML, like Gecko) Chrome/62.0.3202.94 Safari/537.36"
- 127.0.0.1 - - [30/Nov/2017:11:02:32 +0530] "GET /services/ModifiedSEcuredESBResource/read?PatientId=abc%40abc.com HTTP/1.1" - - "https://172.17.0.1:9444/store/apis/info?name=NawalokaPatientService2&version=1.0.0&provider=admin" "Synapse-PT-HttpComponents-NIO"
- 127.0.0.1  - [30/Nov/2017:11:02:31 +0530] "- - " 200 - "-" "-"
- 10.100.5.100 - - [30/Nov/2017:11:02:33 +0530] "GET /nawaloka2/1.0.0/read?PatientId=abc%40abc.com HTTP/1.1" - - "https://172.17.0.1:9444/store/apis/info?name=NawalokaPatientService2&version=1.0.0&provider=admin" "Mozilla/5.0 (X11; Linux x86_64) AppleWebKit/537.36 (KHTML, like Gecko) Chrome/62.0.3202.94 Safari/537.36"
- 127.0.0.1 - - [30/Nov/2017:11:02:33 +0530] "GET /services/ModifiedSEcuredESBResource/read?PatientId=abc%40abc.com HTTP/1.1" - - "https://172.17.0.1:9444/store/apis/info?name=NawalokaPatientService2&version=1.0.0&provider=admin" "Synapse-PT-HttpComponents-NIO"
- 10.100.5.100 - - [30/Nov/2017:11:02:33 +0530] "OPTIONS /nawaloka2/1.0.0/read?PatientId=abc%40abc.com HTTP/1.1" - - "-" "Mozilla/5.0 (X11; Linux x86_64) AppleWebKit/537.36 (KHTML, like Gecko) Chrome/62.0.3202.94 Safari/537.36"
- 10.100.5.100 - - [30/Nov/2017:11:02:33 +0530] "GET /nawaloka2/1.0.0/read?PatientId=abc%40abc.com HTTP/1.1" - - "https://172.17.0.1:9444/store/apis/info?name=NawalokaPatientService2&version=1.0.0&provider=admin" "Mozilla/5.0 (X11; Linux x86_64) AppleWebKit/537.36 (KHTML, like Gecko) Chrome/62.0.3202.94 Safari/537.36"
- 10.100.5.100  - [30/Nov/2017:11:02:31 +0530] "- - " 200 - "-" "-"
- 127.0.0.1 - - [30/Nov/2017:11:02:33 +0530] "GET /services/ModifiedSEcuredESBResource/read?PatientId=abc%40abc.com HTTP/1.1" - - "https://172.17.0.1:9444/store/apis/info?name=NawalokaPatientService2&version=1.0.0&provider=admin" "Synapse-PT-HttpComponents-NIO"
- 10.100.5.100 - - [30/Nov/2017:11:02:34 +0530] "GET /nawaloka2/1.0.0/read?PatientId=abc%40abc.com HTTP/1.1" - - "https://172.17.0.1:9444/store/apis/info?name=NawalokaPatientService2&version=1.0.0&provider=admin" "Mozilla/5.0 (X11; Linux x86_64) AppleWebKit/537.36 (KHTML, like Gecko) Chrome/62.0.3202.94 Safari/537.36"
- 127.0.0.1 - - [30/Nov/2017:11:02:34 +0530] "GET /services/ModifiedSEcuredESBResource/read?PatientId=abc%40abc.com HTTP/1.1" - - "https://172.17.0.1:9444/store/apis/info?name=NawalokaPatientService2&version=1.0.0&provider=admin" "Synapse-PT-HttpComponents-NIO"
- 10.100.5.100 - - [30/Nov/2017:11:02:35 +0530] "GET /nawaloka2/1.0.0/read?PatientId=abc%40abc.com HTTP/1.1" - - "https://172.17.0.1:9444/store/apis/info?name=NawalokaPatientService2&version=1.0.0&provider=admin" "Mozilla/5.0 (X11; Linux x86_64) AppleWebKit/537.36 (KHTML, like Gecko) Chrome/62.0.3202.94 Safari/537.36"
- 127.0.0.1  - [30/Nov/2017:11:02:32 +0530] "- - " 200 - "-" "-"
- 127.0.0.1 - - [30/Nov/2017:11:02:35 +0530] "GET /services/ModifiedSEcuredESBResource/read?PatientId=abc%40abc.com HTTP/1.1" - - "https://172.17.0.1:9444/store/apis/info?name=NawalokaPatientService2&version=1.0.0&provider=admin" "Synapse-PT-HttpComponents-NIO"
- 10.100.5.100 - - [30/Nov/2017:11:02:37 +0530] "GET /nawaloka2/1.0.0/read?PatientId=abc%40abc.com HTTP/1.1" - - "https://172.17.0.1:9444/store/apis/info?name=NawalokaPatientService2&version=1.0.0&provider=admin" "Mozilla/5.0 (X11; Linux x86_64) AppleWebKit/537.36 (KHTML, like Gecko) Chrome/62.0.3202.94 Safari/537.36"
- 127.0.0.1 - - [30/Nov/2017:11:02:36 +0530] "GET /services/ModifiedSEcuredESBResource/read?PatientId=abc%40abc.com HTTP/1.1" - - "https://172.17.0.1:9444/store/apis/info?name=NawalokaPatientService2&version=1.0.0&provider=admin" "Synapse-PT-HttpComponents-NIO"
- 10.100.5.100 - - [30/Nov/2017:11:02:37 +0530] "GET /nawaloka2/1.0.0/read?PatientId=abc%40abc.com HTTP/1.1" - - "https://172.17.0.1:9444/store/apis/info?name=NawalokaPatientService2&version=1.0.0&provider=admin" "Mozilla/5.0 (X11; Linux x86_64) AppleWebKit/537.36 (KHTML, like Gecko) Chrome/62.0.3202.94 Safari/537.36"
- 10.100.5.100  - [30/Nov/2017:11:02:32 +0530] "- - " 200 - "-" "-"
- 127.0.0.1 - - [30/Nov/2017:11:02:37 +0530] "GET /services/ModifiedSEcuredESBResource/read?PatientId=abc%40abc.com HTTP/1.1" - - "https://172.17.0.1:9444/store/apis/info?name=NawalokaPatientService2&version=1.0.0&provider=admin" "Synapse-PT-HttpComponents-NIO"
- 10.100.5.100 - - [30/Nov/2017:11:02:38 +0530] "GET /nawaloka2/1.0.0/read?PatientId=abc%40abc.com HTTP/1.1" - - "https://172.17.0.1:9444/store/apis/info?name=NawalokaPatientService2&version=1.0.0&provider=admin" "Mozilla/5.0 (X11; Linux x86_64) AppleWebKit/537.36 (KHTML, like Gecko) Chrome/62.0.3202.94 Safari/537.36"
- 127.0.0.1 - - [30/Nov/2017:11:02:37 +0530] "GET /services/ModifiedSEcuredESBResource/read?PatientId=abc%40abc.com HTTP/1.1" - - "https://172.17.0.1:9444/store/apis/info?name=NawalokaPatientService2&version=1.0.0&provider=admin" "Synapse-PT-HttpComponents-NIO"
- 127.0.0.1  - [30/Nov/2017:11:02:32 +0530] "- - " 200 - "-" "-"
- 10.100.5.100 - - [30/Nov/2017:11:02:39 +0530] "OPTIONS /nawaloka2/1.0.0/read?PatientId=abc%40abc.com HTTP/1.1" - - "-" "Mozilla/5.0 (X11; Linux x86_64) AppleWebKit/537.36 (KHTML, like Gecko) Chrome/62.0.3202.94 Safari/537.36"
- 10.100.5.100 - - [30/Nov/2017:11:02:39 +0530] "GET /nawaloka2/1.0.0/read?PatientId=abc%40abc.com HTTP/1.1" - - "https://172.17.0.1:9444/store/apis/info?name=NawalokaPatientService2&version=1.0.0&provider=admin" "Mozilla/5.0 (X11; Linux x86_64) AppleWebKit/537.36 (KHTML, like Gecko) Chrome/62.0.3202.94 Safari/537.36"
- 127.0.0.1 - - [30/Nov/2017:11:02:38 +0530] "GET /services/ModifiedSEcuredESBResource/read?PatientId=abc%40abc.com HTTP/1.1" - - "https://172.17.0.1:9444/store/apis/info?name=NawalokaPatientService2&version=1.0.0&provider=admin" "Synapse-PT-HttpComponents-NIO"
- 10.100.5.100  - [30/Nov/2017:11:02:32 +0530] "- - " 200 - "-" "-"
- 127.0.0.1  - [30/Nov/2017:11:02:33 +0530] "- - " 200 - "-" "-"
- 10.100.5.100  - [30/Nov/2017:11:02:33 +0530] "- - " 200 - "-" "-"
- 10.100.5.100  - [30/Nov/2017:11:02:33 +0530] "- - " 200 - "-" "-"
- 127.0.0.1  - [30/Nov/2017:11:02:34 +0530] "- - " 200 - "-" "-"
- 10.100.5.100  - [30/Nov/2017:11:02:34 +0530] "- - " 200 - "-" "-"
- 127.0.0.1  - [30/Nov/2017:11:02:35 +0530] "- - " 200 - "-" "-"
- 10.100.5.100  - [30/Nov/2017:11:02:35 +0530] "- - " 200 - "-" "-"
- 127.0.0.1  - [30/Nov/2017:11:02:36 +0530] "- - " 200 - "-" "-"
- 10.100.5.100  - [30/Nov/2017:11:02:35 +0530] "- - " 200 - "-" "-"
- 127.0.0.1  - [30/Nov/2017:11:02:36 +0530] "- - " 200 - "-" "-"
- 10.100.5.100  - [30/Nov/2017:11:02:37 +0530] "- - " 200 - "-" "-"
- 127.0.0.1  - [30/Nov/2017:11:02:37 +0530] "- - " 200 - "-" "-"
- 10.100.5.100  - [30/Nov/2017:11:02:38 +0530] "- - " 200 - "-" "-"
- 127.0.0.1  - [30/Nov/2017:11:02:38 +0530] "- - " 200 - "-" "-"
- 10.100.5.100  - [30/Nov/2017:11:02:38 +0530] "- - " 200 - "-" "-"
- 10.100.5.100  - [30/Nov/2017:11:02:39 +0530] "- - " 200 - "-" "-"
- 127.0.0.1  - [30/Nov/2017:11:02:38 +0530] "- - " 200 - "-" "-"
- 10.100.5.100  - [30/Nov/2017:11:02:39 +0530] "- - " 200 - "-" "-"
10.100.5.100 - - [30/Nov/2017:11:06:56 +0530] "GET /publisher HTTP/1.1" 302 - "-" "Mozilla/5.0 (X11; Linux x86_64) AppleWebKit/537.36 (KHTML, like Gecko) Chrome/62.0.3202.94 Safari/537.36"
10.100.5.100 - - [30/Nov/2017:11:06:56 +0530] "GET /publisher/ HTTP/1.1" 302 - "-" "Mozilla/5.0 (X11; Linux x86_64) AppleWebKit/537.36 (KHTML, like Gecko) Chrome/62.0.3202.94 Safari/537.36"
10.100.5.100 - - [30/Nov/2017:11:06:57 +0530] "GET /publisher/site/pages/login.jag?requestedPage=/publisher/ HTTP/1.1" 200 2276 "-" "Mozilla/5.0 (X11; Linux x86_64) AppleWebKit/537.36 (KHTML, like Gecko) Chrome/62.0.3202.94 Safari/537.36"
10.100.5.100 - - [30/Nov/2017:11:06:57 +0530] "GET /publisher/site/themes/wso2/libs/jquery_1.11.0/jquery-1.11.3.min.js HTTP/1.1" 200 33789 "https://172.17.0.1:9444/publisher/site/pages/login.jag?requestedPage=/publisher/" "Mozilla/5.0 (X11; Linux x86_64) AppleWebKit/537.36 (KHTML, like Gecko) Chrome/62.0.3202.94 Safari/537.36"
10.100.5.100 - - [30/Nov/2017:11:06:57 +0530] "GET /publisher/site/themes/wso2/css/custom.css HTTP/1.1" 200 1115 "https://172.17.0.1:9444/publisher/site/pages/login.jag?requestedPage=/publisher/" "Mozilla/5.0 (X11; Linux x86_64) AppleWebKit/537.36 (KHTML, like Gecko) Chrome/62.0.3202.94 Safari/537.36"
10.100.5.100 - - [30/Nov/2017:11:06:57 +0530] "GET /publisher/site/themes/wso2/libs/data-tables_1.10.7/extensions/Bootstrap/css/dataTables.bootstrap.css HTTP/1.1" 200 1969 "https://172.17.0.1:9444/publisher/site/pages/login.jag?requestedPage=/publisher/" "Mozilla/5.0 (X11; Linux x86_64) AppleWebKit/537.36 (KHTML, like Gecko) Chrome/62.0.3202.94 Safari/537.36"
10.100.5.100 - - [30/Nov/2017:11:06:57 +0530] "GET /publisher/site/themes/wso2/libs/select2_4.0.0/css/select2.min.css HTTP/1.1" 200 1959 "https://172.17.0.1:9444/publisher/site/pages/login.jag?requestedPage=/publisher/" "Mozilla/5.0 (X11; Linux x86_64) AppleWebKit/537.36 (KHTML, like Gecko) Chrome/62.0.3202.94 Safari/537.36"
10.100.5.100 - - [30/Nov/2017:11:06:57 +0530] "GET /publisher/site/themes/wso2/libs/bootstrap-select/css/bootstrap-select.min.css HTTP/1.1" 200 1442 "https://172.17.0.1:9444/publisher/site/pages/login.jag?requestedPage=/publisher/" "Mozilla/5.0 (X11; Linux x86_64) AppleWebKit/537.36 (KHTML, like Gecko) Chrome/62.0.3202.94 Safari/537.36"
10.100.5.100 - - [30/Nov/2017:11:06:57 +0530] "GET /publisher/site/themes/wso2/libs/bootstrap-rating/bootstrap-rating.css HTTP/1.1" 200 210 "https://172.17.0.1:9444/publisher/site/pages/login.jag?requestedPage=/publisher/" "Mozilla/5.0 (X11; Linux x86_64) AppleWebKit/537.36 (KHTML, like Gecko) Chrome/62.0.3202.94 Safari/537.36"
10.100.5.100 - - [30/Nov/2017:11:06:57 +0530] "GET /publisher/site/themes/wso2/libs/jasny-bootstrap/dist/css/jasny-bootstrap.min.css HTTP/1.1" 200 2529 "https://172.17.0.1:9444/publisher/site/pages/login.jag?requestedPage=/publisher/" "Mozilla/5.0 (X11; Linux x86_64) AppleWebKit/537.36 (KHTML, like Gecko) Chrome/62.0.3202.94 Safari/537.36"
10.100.5.100 - - [30/Nov/2017:11:06:57 +0530] "GET /publisher/site/themes/wso2/libs/enjoyhint-3.1.0/src/jquery.enjoyhint.css HTTP/1.1" 200 1287 "https://172.17.0.1:9444/publisher/site/pages/login.jag?requestedPage=/publisher/" "Mozilla/5.0 (X11; Linux x86_64) AppleWebKit/537.36 (KHTML, like Gecko) Chrome/62.0.3202.94 Safari/537.36"
10.100.5.100 - - [30/Nov/2017:11:06:57 +0530] "GET /publisher/site/themes/wso2/libs/enjoyhint-3.1.0/enjoyhint.css HTTP/1.1" 200 1261 "https://172.17.0.1:9444/publisher/site/pages/login.jag?requestedPage=/publisher/" "Mozilla/5.0 (X11; Linux x86_64) AppleWebKit/537.36 (KHTML, like Gecko) Chrome/62.0.3202.94 Safari/537.36"
10.100.5.100 - - [30/Nov/2017:11:06:57 +0530] "GET /publisher/site/themes/wso2/libs/data-tables_1.10.7/extensions/Responsive/css/dataTables.responsive.css HTTP/1.1" 200 656 "https://172.17.0.1:9444/publisher/site/pages/login.jag?requestedPage=/publisher/" "Mozilla/5.0 (X11; Linux x86_64) AppleWebKit/537.36 (KHTML, like Gecko) Chrome/62.0.3202.94 Safari/537.36"
10.100.5.100 - - [30/Nov/2017:11:06:57 +0530] "GET /publisher/site/themes/wso2/libs/font-wso2_1.0.2/css/font-wso2.min.css HTTP/1.1" 200 2728 "https://172.17.0.1:9444/publisher/site/pages/login.jag?requestedPage=/publisher/" "Mozilla/5.0 (X11; Linux x86_64) AppleWebKit/537.36 (KHTML, like Gecko) Chrome/62.0.3202.94 Safari/537.36"
10.100.5.100 - - [30/Nov/2017:11:06:57 +0530] "GET /publisher/site/themes/wso2/libs/jquery-csrf.js HTTP/1.1" 200 1144 "https://172.17.0.1:9444/publisher/site/pages/login.jag?requestedPage=/publisher/" "Mozilla/5.0 (X11; Linux x86_64) AppleWebKit/537.36 (KHTML, like Gecko) Chrome/62.0.3202.94 Safari/537.36"
10.100.5.100 - - [30/Nov/2017:11:06:57 +0530] "GET /publisher/site/themes/wso2/libs/jquery-validation/jquery.validate.min.js HTTP/1.1" 200 6896 "https://172.17.0.1:9444/publisher/site/pages/login.jag?requestedPage=/publisher/" "Mozilla/5.0 (X11; Linux x86_64) AppleWebKit/537.36 (KHTML, like Gecko) Chrome/62.0.3202.94 Safari/537.36"
10.100.5.100 - - [30/Nov/2017:11:06:57 +0530] "GET /publisher/site/themes/wso2/libs/i18n/i18next-1.5.9.js HTTP/1.1" 200 13179 "https://172.17.0.1:9444/publisher/site/pages/login.jag?requestedPage=/publisher/" "Mozilla/5.0 (X11; Linux x86_64) AppleWebKit/537.36 (KHTML, like Gecko) Chrome/62.0.3202.94 Safari/537.36"
10.100.5.100 - - [30/Nov/2017:11:06:57 +0530] "GET /publisher/site/themes/wso2/libs/bootstrap-rating/bootstrap-rating.js HTTP/1.1" 200 2854 "https://172.17.0.1:9444/publisher/site/pages/login.jag?requestedPage=/publisher/" "Mozilla/5.0 (X11; Linux x86_64) AppleWebKit/537.36 (KHTML, like Gecko) Chrome/62.0.3202.94 Safari/537.36"
10.100.5.100 - - [30/Nov/2017:11:06:57 +0530] "GET /publisher/site/themes/wso2/libs/select2_4.0.0/js/select2.full.min.js HTTP/1.1" 200 20410 "https://172.17.0.1:9444/publisher/site/pages/login.jag?requestedPage=/publisher/" "Mozilla/5.0 (X11; Linux x86_64) AppleWebKit/537.36 (KHTML, like Gecko) Chrome/62.0.3202.94 Safari/537.36"
10.100.5.100 - - [30/Nov/2017:11:06:57 +0530] "GET /publisher/site/themes/wso2/libs/theme-wso2_1.0/css/theme-wso2.css HTTP/1.1" 200 31338 "https://172.17.0.1:9444/publisher/site/pages/login.jag?requestedPage=/publisher/" "Mozilla/5.0 (X11; Linux x86_64) AppleWebKit/537.36 (KHTML, like Gecko) Chrome/62.0.3202.94 Safari/537.36"
10.100.5.100 - - [30/Nov/2017:11:06:57 +0530] "GET /publisher/site/themes/wso2/libs/handlebars.min.js HTTP/1.1" 200 36033 "https://172.17.0.1:9444/publisher/site/pages/login.jag?requestedPage=/publisher/" "Mozilla/5.0 (X11; Linux x86_64) AppleWebKit/537.36 (KHTML, like Gecko) Chrome/62.0.3202.94 Safari/537.36"
10.100.5.100 - - [30/Nov/2017:11:06:57 +0530] "GET /publisher/site/themes/wso2/libs/enjoyhint-3.1.0/enjoyhint.js HTTP/1.1" 200 38322 "https://172.17.0.1:9444/publisher/site/pages/login.jag?requestedPage=/publisher/" "Mozilla/5.0 (X11; Linux x86_64) AppleWebKit/537.36 (KHTML, like Gecko) Chrome/62.0.3202.94 Safari/537.36"
10.100.5.100 - - [30/Nov/2017:11:06:57 +0530] "GET /publisher/site/themes/wso2/libs/enjoyhint-3.1.0/js/cloud-enjoyhint-script-data.js HTTP/1.1" 200 1883 "https://172.17.0.1:9444/publisher/site/pages/login.jag?requestedPage=/publisher/" "Mozilla/5.0 (X11; Linux x86_64) AppleWebKit/537.36 (KHTML, like Gecko) Chrome/62.0.3202.94 Safari/537.36"
10.100.5.100 - - [30/Nov/2017:11:06:57 +0530] "GET /publisher/site/themes/wso2/libs/enjoyhint-3.1.0/js/cloud-enjoyhint-functions.js HTTP/1.1" 200 1030 "https://172.17.0.1:9444/publisher/site/pages/login.jag?requestedPage=/publisher/" "Mozilla/5.0 (X11; Linux x86_64) AppleWebKit/537.36 (KHTML, like Gecko) Chrome/62.0.3202.94 Safari/537.36"
10.100.5.100 - - [30/Nov/2017:11:06:57 +0530] "GET /publisher/site/themes/wso2/templates/page/base/js/jagg.js HTTP/1.1" 200 2621 "https://172.17.0.1:9444/publisher/site/pages/login.jag?requestedPage=/publisher/" "Mozilla/5.0 (X11; Linux x86_64) AppleWebKit/537.36 (KHTML, like Gecko) Chrome/62.0.3202.94 Safari/537.36"
10.100.5.100 - - [30/Nov/2017:11:06:57 +0530] "GET /publisher/site/themes/wso2/templates/utils/dialog/workflow-dialog.js HTTP/1.1" 200 944 "https://172.17.0.1:9444/publisher/site/pages/login.jag?requestedPage=/publisher/" "Mozilla/5.0 (X11; Linux x86_64) AppleWebKit/537.36 (KHTML, like Gecko) Chrome/62.0.3202.94 Safari/537.36"
10.100.5.100 - - [30/Nov/2017:11:06:57 +0530] "GET /publisher/site/themes/wso2/templates/user/login/js/login.js HTTP/1.1" 200 865 "https://172.17.0.1:9444/publisher/site/pages/login.jag?requestedPage=/publisher/" "Mozilla/5.0 (X11; Linux x86_64) AppleWebKit/537.36 (KHTML, like Gecko) Chrome/62.0.3202.94 Safari/537.36"
10.100.5.100 - - [30/Nov/2017:11:06:57 +0530] "GET /publisher/site/themes/wso2/templates/menu/primary/js/logout.js HTTP/1.1" 200 965 "https://172.17.0.1:9444/publisher/site/pages/login.jag?requestedPage=/publisher/" "Mozilla/5.0 (X11; Linux x86_64) AppleWebKit/537.36 (KHTML, like Gecko) Chrome/62.0.3202.94 Safari/537.36"
10.100.5.100 - - [30/Nov/2017:11:06:57 +0530] "GET /publisher/site/themes/wso2/libs/main.js HTTP/1.1" 200 1417 "https://172.17.0.1:9444/publisher/site/pages/login.jag?requestedPage=/publisher/" "Mozilla/5.0 (X11; Linux x86_64) AppleWebKit/537.36 (KHTML, like Gecko) Chrome/62.0.3202.94 Safari/537.36"
10.100.5.100 - - [30/Nov/2017:11:06:57 +0530] "GET /publisher/site/themes/wso2/libs/bootstrap_3.3.5/js/bootstrap.min.js HTTP/1.1" 200 9891 "https://172.17.0.1:9444/publisher/site/pages/login.jag?requestedPage=/publisher/" "Mozilla/5.0 (X11; Linux x86_64) AppleWebKit/537.36 (KHTML, like Gecko) Chrome/62.0.3202.94 Safari/537.36"
10.100.5.100 - - [30/Nov/2017:11:06:57 +0530] "GET /publisher/site/themes/wso2/libs/theme-wso2_1.0/js/theme-wso2.js HTTP/1.1" 200 7679 "https://172.17.0.1:9444/publisher/site/pages/login.jag?requestedPage=/publisher/" "Mozilla/5.0 (X11; Linux x86_64) AppleWebKit/537.36 (KHTML, like Gecko) Chrome/62.0.3202.94 Safari/537.36"
10.100.5.100 - - [30/Nov/2017:11:06:57 +0530] "GET /publisher/site/themes/wso2/libs/bootstrap-select/js/bootstrap-select.min.js HTTP/1.1" 200 8766 "https://172.17.0.1:9444/publisher/site/pages/login.jag?requestedPage=/publisher/" "Mozilla/5.0 (X11; Linux x86_64) AppleWebKit/537.36 (KHTML, like Gecko) Chrome/62.0.3202.94 Safari/537.36"
10.100.5.100 - - [30/Nov/2017:11:06:57 +0530] "GET /publisher/site/themes/wso2/libs/jquery.form.js HTTP/1.1" 200 10761 "https://172.17.0.1:9444/publisher/site/pages/login.jag?requestedPage=/publisher/" "Mozilla/5.0 (X11; Linux x86_64) AppleWebKit/537.36 (KHTML, like Gecko) Chrome/62.0.3202.94 Safari/537.36"
10.100.5.100 - - [30/Nov/2017:11:06:57 +0530] "GET /publisher/site/themes/wso2/libs/jquery.cookie.js HTTP/1.1" 200 1941 "https://172.17.0.1:9444/publisher/site/pages/login.jag?requestedPage=/publisher/" "Mozilla/5.0 (X11; Linux x86_64) AppleWebKit/537.36 (KHTML, like Gecko) Chrome/62.0.3202.94 Safari/537.36"
10.100.5.100 - - [30/Nov/2017:11:06:57 +0530] "GET /publisher/site/themes/wso2/libs/typeahead.jquery.min.js HTTP/1.1" 200 8321 "https://172.17.0.1:9444/publisher/site/pages/login.jag?requestedPage=/publisher/" "Mozilla/5.0 (X11; Linux x86_64) AppleWebKit/537.36 (KHTML, like Gecko) Chrome/62.0.3202.94 Safari/537.36"
10.100.5.100 - - [30/Nov/2017:11:06:57 +0530] "GET /publisher/site/themes/wso2/libs/bootstrap3-editable/js/bootstrap-editable.min.js HTTP/1.1" 200 19452 "https://172.17.0.1:9444/publisher/site/pages/login.jag?requestedPage=/publisher/" "Mozilla/5.0 (X11; Linux x86_64) AppleWebKit/537.36 (KHTML, like Gecko) Chrome/62.0.3202.94 Safari/537.36"
10.100.5.100 - - [30/Nov/2017:11:06:57 +0530] "GET /publisher/site/themes/wso2/libs/jasny-bootstrap/dist/js/jasny-bootstrap.min.js HTTP/1.1" 200 4959 "https://172.17.0.1:9444/publisher/site/pages/login.jag?requestedPage=/publisher/" "Mozilla/5.0 (X11; Linux x86_64) AppleWebKit/537.36 (KHTML, like Gecko) Chrome/62.0.3202.94 Safari/537.36"
10.100.5.100 - - [30/Nov/2017:11:06:57 +0530] "GET /publisher/site/themes/wso2/libs/data-tables_1.10.7/media/js/jquery.dataTables.min.js HTTP/1.1" 200 27457 "https://172.17.0.1:9444/publisher/site/pages/login.jag?requestedPage=/publisher/" "Mozilla/5.0 (X11; Linux x86_64) AppleWebKit/537.36 (KHTML, like Gecko) Chrome/62.0.3202.94 Safari/537.36"
10.100.5.100 - - [30/Nov/2017:11:06:57 +0530] "GET /publisher/site/themes/wso2/libs/data-tables_1.10.7/extensions/Bootstrap/js/dataTables.bootstrap.js HTTP/1.1" 200 2004 "https://172.17.0.1:9444/publisher/site/pages/login.jag?requestedPage=/publisher/" "Mozilla/5.0 (X11; Linux x86_64) AppleWebKit/537.36 (KHTML, like Gecko) Chrome/62.0.3202.94 Safari/537.36"
10.100.5.100 - - [30/Nov/2017:11:06:57 +0530] "GET /publisher/site/themes/wso2/libs/data-tables_1.10.7/extensions/Responsive/js/dataTables.responsive.js HTTP/1.1" 200 8293 "https://172.17.0.1:9444/publisher/site/pages/login.jag?requestedPage=/publisher/" "Mozilla/5.0 (X11; Linux x86_64) AppleWebKit/537.36 (KHTML, like Gecko) Chrome/62.0.3202.94 Safari/537.36"
10.100.5.100 - - [30/Nov/2017:11:06:57 +0530] "GET /publisher/site/themes/wso2/templates/utils/common/common.js HTTP/1.1" 200 1950 "https://172.17.0.1:9444/publisher/site/pages/login.jag?requestedPage=/publisher/" "Mozilla/5.0 (X11; Linux x86_64) AppleWebKit/537.36 (KHTML, like Gecko) Chrome/62.0.3202.94 Safari/537.36"
10.100.5.100 - - [30/Nov/2017:11:06:57 +0530] "GET /publisher/site/themes/wso2/libs/noty-2.3.8/js/noty/packaged/jquery.noty.packaged.js HTTP/1.1" 200 7037 "https://172.17.0.1:9444/publisher/site/pages/login.jag?requestedPage=/publisher/" "Mozilla/5.0 (X11; Linux x86_64) AppleWebKit/537.36 (KHTML, like Gecko) Chrome/62.0.3202.94 Safari/537.36"
10.100.5.100 - - [30/Nov/2017:11:06:57 +0530] "GET /publisher/site/themes/wso2/libs/theme-wso2_1.0/js/noty-theme-wso2.js HTTP/1.1" 200 1467 "https://172.17.0.1:9444/publisher/site/pages/login.jag?requestedPage=/publisher/" "Mozilla/5.0 (X11; Linux x86_64) AppleWebKit/537.36 (KHTML, like Gecko) Chrome/62.0.3202.94 Safari/537.36"
10.100.5.100 - - [30/Nov/2017:11:06:57 +0530] "GET /publisher/site/themes/wso2/libs/noty-2.3.8/js/noty/layouts/topRight.js HTTP/1.1" 200 990 "https://172.17.0.1:9444/publisher/site/pages/login.jag?requestedPage=/publisher/" "Mozilla/5.0 (X11; Linux x86_64) AppleWebKit/537.36 (KHTML, like Gecko) Chrome/62.0.3202.94 Safari/537.36"
10.100.5.100 - - [30/Nov/2017:11:06:57 +0530] "GET /publisher/site/themes/wso2/templates/utils/button-loader/jquery.buttonLoader.js HTTP/1.1" 200 827 "https://172.17.0.1:9444/publisher/site/pages/login.jag?requestedPage=/publisher/" "Mozilla/5.0 (X11; Linux x86_64) AppleWebKit/537.36 (KHTML, like Gecko) Chrome/62.0.3202.94 Safari/537.36"
10.100.5.100 - - [30/Nov/2017:11:06:57 +0530] "GET /publisher/site/themes/wso2/images/logo-white.png HTTP/1.1" 200 12995 "https://172.17.0.1:9444/publisher/site/pages/login.jag?requestedPage=/publisher/" "Mozilla/5.0 (X11; Linux x86_64) AppleWebKit/537.36 (KHTML, like Gecko) Chrome/62.0.3202.94 Safari/537.36"
10.100.5.100 - - [30/Nov/2017:11:06:57 +0530] "GET /publisher/site/conf/locales/js/i18nResources.json HTTP/1.1" 200 12454 "https://172.17.0.1:9444/publisher/site/pages/login.jag?requestedPage=/publisher/" "Mozilla/5.0 (X11; Linux x86_64) AppleWebKit/537.36 (KHTML, like Gecko) Chrome/62.0.3202.94 Safari/537.36"
10.100.5.100 - - [30/Nov/2017:11:06:57 +0530] "GET /publisher/site/conf/locales/js/i18nResources.json HTTP/1.1" 200 12454 "https://172.17.0.1:9444/publisher/site/pages/login.jag?requestedPage=/publisher/" "Mozilla/5.0 (X11; Linux x86_64) AppleWebKit/537.36 (KHTML, like Gecko) Chrome/62.0.3202.94 Safari/537.36"
10.100.5.100 - - [30/Nov/2017:11:06:57 +0530] "GET /publisher/site/conf/locales/js/i18nResources.json HTTP/1.1" 200 12454 "https://172.17.0.1:9444/publisher/site/pages/login.jag?requestedPage=/publisher/" "Mozilla/5.0 (X11; Linux x86_64) AppleWebKit/537.36 (KHTML, like Gecko) Chrome/62.0.3202.94 Safari/537.36"
10.100.5.100 - - [30/Nov/2017:11:06:57 +0530] "GET /publisher/site/themes/wso2/libs/theme-wso2_1.0/fonts/Roboto/Roboto-Regular.woff2 HTTP/1.1" 200 14584 "https://172.17.0.1:9444/publisher/site/themes/wso2/libs/theme-wso2_1.0/css/theme-wso2.css" "Mozilla/5.0 (X11; Linux x86_64) AppleWebKit/537.36 (KHTML, like Gecko) Chrome/62.0.3202.94 Safari/537.36"
10.100.5.100 - - [30/Nov/2017:11:06:57 +0530] "GET /publisher/site/themes/wso2/libs/theme-wso2_1.0/fonts/Roboto/Roboto-Light.woff2 HTTP/1.1" 200 14524 "https://172.17.0.1:9444/publisher/site/themes/wso2/libs/theme-wso2_1.0/css/theme-wso2.css" "Mozilla/5.0 (X11; Linux x86_64) AppleWebKit/537.36 (KHTML, like Gecko) Chrome/62.0.3202.94 Safari/537.36"
10.100.5.100 - - [30/Nov/2017:11:06:57 +0530] "GET /publisher/site/themes/wso2/libs/font-wso2_1.0.2/fonts/font-wso2.woff2?2c0cf0810aa0b8c819a297a3e3ddf641 HTTP/1.1" 200 25864 "https://172.17.0.1:9444/publisher/site/themes/wso2/libs/font-wso2_1.0.2/css/font-wso2.min.css" "Mozilla/5.0 (X11; Linux x86_64) AppleWebKit/537.36 (KHTML, like Gecko) Chrome/62.0.3202.94 Safari/537.36"
10.100.5.100 - - [30/Nov/2017:11:07:06 +0530] "GET /admin HTTP/1.1" 302 - "-" "Mozilla/5.0 (X11; Linux x86_64) AppleWebKit/537.36 (KHTML, like Gecko) Chrome/62.0.3202.94 Safari/537.36"
10.100.5.100 - - [30/Nov/2017:11:07:06 +0530] "GET /admin/ HTTP/1.1" 302 - "-" "Mozilla/5.0 (X11; Linux x86_64) AppleWebKit/537.36 (KHTML, like Gecko) Chrome/62.0.3202.94 Safari/537.36"
10.100.5.100 - - [30/Nov/2017:11:07:06 +0530] "GET /admin/site/pages/login.jag?requestedPage=/admin/ HTTP/1.1" 200 2083 "-" "Mozilla/5.0 (X11; Linux x86_64) AppleWebKit/537.36 (KHTML, like Gecko) Chrome/62.0.3202.94 Safari/537.36"
10.100.5.100 - - [30/Nov/2017:11:07:06 +0530] "GET /admin/site/themes/wso2/libs/jquery-csrf/jquery-csrf.js HTTP/1.1" 200 1144 "https://172.17.0.1:9444/admin/site/pages/login.jag?requestedPage=/admin/" "Mozilla/5.0 (X11; Linux x86_64) AppleWebKit/537.36 (KHTML, like Gecko) Chrome/62.0.3202.94 Safari/537.36"
10.100.5.100 - - [30/Nov/2017:11:07:06 +0530] "GET /admin/site/themes/wso2/templates/page/base/js/jagg.js HTTP/1.1" 200 2614 "https://172.17.0.1:9444/admin/site/pages/login.jag?requestedPage=/admin/" "Mozilla/5.0 (X11; Linux x86_64) AppleWebKit/537.36 (KHTML, like Gecko) Chrome/62.0.3202.94 Safari/537.36"
10.100.5.100 - - [30/Nov/2017:11:07:06 +0530] "GET /admin/site/themes/wso2/libs/i18n/i18next-1.5.9.js HTTP/1.1" 200 13179 "https://172.17.0.1:9444/admin/site/pages/login.jag?requestedPage=/admin/" "Mozilla/5.0 (X11; Linux x86_64) AppleWebKit/537.36 (KHTML, like Gecko) Chrome/62.0.3202.94 Safari/537.36"
10.100.5.100 - - [30/Nov/2017:11:07:06 +0530] "GET /admin/site/themes/wso2/libs/jquery_1.11.0/jquery-1.11.3.min.js HTTP/1.1" 200 33789 "https://172.17.0.1:9444/admin/site/pages/login.jag?requestedPage=/admin/" "Mozilla/5.0 (X11; Linux x86_64) AppleWebKit/537.36 (KHTML, like Gecko) Chrome/62.0.3202.94 Safari/537.36"
10.100.5.100 - - [30/Nov/2017:11:07:06 +0530] "GET /admin/site/themes/wso2/templates/menu/primary/js/logout.js HTTP/1.1" 200 963 "https://172.17.0.1:9444/admin/site/pages/login.jag?requestedPage=/admin/" "Mozilla/5.0 (X11; Linux x86_64) AppleWebKit/537.36 (KHTML, like Gecko) Chrome/62.0.3202.94 Safari/537.36"
10.100.5.100 - - [30/Nov/2017:11:07:06 +0530] "GET /admin/site/themes/wso2/templates/user/login/js/login.js HTTP/1.1" 200 1869 "https://172.17.0.1:9444/admin/site/pages/login.jag?requestedPage=/admin/" "Mozilla/5.0 (X11; Linux x86_64) AppleWebKit/537.36 (KHTML, like Gecko) Chrome/62.0.3202.94 Safari/537.36"
10.100.5.100 - - [30/Nov/2017:11:07:06 +0530] "GET /admin/site/themes/wso2/libs/jquery-validation/jquery.validate.min.js HTTP/1.1" 200 6896 "https://172.17.0.1:9444/admin/site/pages/login.jag?requestedPage=/admin/" "Mozilla/5.0 (X11; Linux x86_64) AppleWebKit/537.36 (KHTML, like Gecko) Chrome/62.0.3202.94 Safari/537.36"
10.100.5.100 - - [30/Nov/2017:11:07:06 +0530] "GET /admin/site/themes/wso2/css/custom.css HTTP/1.1" 200 1712 "https://172.17.0.1:9444/admin/site/pages/login.jag?requestedPage=/admin/" "Mozilla/5.0 (X11; Linux x86_64) AppleWebKit/537.36 (KHTML, like Gecko) Chrome/62.0.3202.94 Safari/537.36"
10.100.5.100 - - [30/Nov/2017:11:07:06 +0530] "GET /admin/site/themes/wso2/libs/font-wso2_1.0.2/css/font-wso2.min.css HTTP/1.1" 200 2728 "https://172.17.0.1:9444/admin/site/pages/login.jag?requestedPage=/admin/" "Mozilla/5.0 (X11; Linux x86_64) AppleWebKit/537.36 (KHTML, like Gecko) Chrome/62.0.3202.94 Safari/537.36"
10.100.5.100 - - [30/Nov/2017:11:07:06 +0530] "GET /admin/site/themes/wso2/libs/data-tables_1.10.7/extensions/Bootstrap/css/dataTables.bootstrap.css HTTP/1.1" 200 1969 "https://172.17.0.1:9444/admin/site/pages/login.jag?requestedPage=/admin/" "Mozilla/5.0 (X11; Linux x86_64) AppleWebKit/537.36 (KHTML, like Gecko) Chrome/62.0.3202.94 Safari/537.36"
10.100.5.100 - - [30/Nov/2017:11:07:06 +0530] "GET /admin/site/themes/wso2/libs/data-tables_1.10.7/extensions/Responsive/css/dataTables.responsive.css HTTP/1.1" 200 656 "https://172.17.0.1:9444/admin/site/pages/login.jag?requestedPage=/admin/" "Mozilla/5.0 (X11; Linux x86_64) AppleWebKit/537.36 (KHTML, like Gecko) Chrome/62.0.3202.94 Safari/537.36"
10.100.5.100 - - [30/Nov/2017:11:07:06 +0530] "GET /admin/site/themes/wso2/libs/theme-wso2_1.0/css/theme-wso2.css HTTP/1.1" 200 31338 "https://172.17.0.1:9444/admin/site/pages/login.jag?requestedPage=/admin/" "Mozilla/5.0 (X11; Linux x86_64) AppleWebKit/537.36 (KHTML, like Gecko) Chrome/62.0.3202.94 Safari/537.36"
10.100.5.100 - - [30/Nov/2017:11:07:06 +0530] "GET /admin/site/themes/wso2/libs/select2_4.0.0/css/select2.min.css HTTP/1.1" 200 1959 "https://172.17.0.1:9444/admin/site/pages/login.jag?requestedPage=/admin/" "Mozilla/5.0 (X11; Linux x86_64) AppleWebKit/537.36 (KHTML, like Gecko) Chrome/62.0.3202.94 Safari/537.36"
10.100.5.100 - - [30/Nov/2017:11:07:06 +0530] "GET /admin/site/themes/wso2/libs/bootstrap_3.3.5/js/bootstrap.min.js HTTP/1.1" 200 9891 "https://172.17.0.1:9444/admin/site/pages/login.jag?requestedPage=/admin/" "Mozilla/5.0 (X11; Linux x86_64) AppleWebKit/537.36 (KHTML, like Gecko) Chrome/62.0.3202.94 Safari/537.36"
