10.100.5.100 - - [15/Nov/2017:10:48:03 +0530] "GET /store/site/themes/wso2/libs/codemirror-5.14.2/mode/shell/shell.js HTTP/1.1" 200 1456 "https://172.17.0.1:9444/store/site/pages/application.jag?name=Nawaloka" "Mozilla/5.0 (X11; Linux x86_64) AppleWebKit/537.36 (KHTML, like Gecko) Chrome/62.0.3202.94 Safari/537.36"
10.100.5.100 - - [15/Nov/2017:10:48:03 +0530] "GET /store/site/conf/locales/js/i18nResources.json HTTP/1.1" 200 9741 "https://172.17.0.1:9444/store/site/pages/application.jag?name=Nawaloka" "Mozilla/5.0 (X11; Linux x86_64) AppleWebKit/537.36 (KHTML, like Gecko) Chrome/62.0.3202.94 Safari/537.36"
10.100.5.100 - - [15/Nov/2017:10:48:03 +0530] "GET /store/site/conf/locales/js/i18nResources.json HTTP/1.1" 200 9741 "https://172.17.0.1:9444/store/site/pages/application.jag?name=Nawaloka" "Mozilla/5.0 (X11; Linux x86_64) AppleWebKit/537.36 (KHTML, like Gecko) Chrome/62.0.3202.94 Safari/537.36"
10.100.5.100 - - [15/Nov/2017:10:48:03 +0530] "GET /store/site/conf/locales/js/i18nResources.json HTTP/1.1" 200 9741 "https://172.17.0.1:9444/store/site/pages/application.jag?name=Nawaloka" "Mozilla/5.0 (X11; Linux x86_64) AppleWebKit/537.36 (KHTML, like Gecko) Chrome/62.0.3202.94 Safari/537.36"
10.100.5.100 - - [15/Nov/2017:10:48:03 +0530] "GET /store/site/blocks/subscription/subscription-list/ajax/subscription-list.jag?action=getSubscriptionByApplication&app=Nawaloka&_=1510723083125 HTTP/1.1" 200 241 "https://172.17.0.1:9444/store/site/pages/application.jag?name=Nawaloka" "Mozilla/5.0 (X11; Linux x86_64) AppleWebKit/537.36 (KHTML, like Gecko) Chrome/62.0.3202.94 Safari/537.36"
10.100.5.100 - - [15/Nov/2017:10:48:07 +0530] "POST /store/site/blocks/subscription/subscription-add/ajax/subscription-add.jag HTTP/1.1" 200 334 "https://172.17.0.1:9444/store/site/pages/application.jag?name=Nawaloka" "Mozilla/5.0 (X11; Linux x86_64) AppleWebKit/537.36 (KHTML, like Gecko) Chrome/62.0.3202.94 Safari/537.36"
- 127.0.0.1  - [15/Nov/2017:10:48:07 +0530] "- - " 200 - "-" "-"
- 127.0.0.1  - [15/Nov/2017:10:48:07 +0530] "- - " 200 - "-" "-"
- 127.0.0.1  - [15/Nov/2017:10:48:07 +0530] "- - " 200 - "-" "-"
- 127.0.0.1  - [15/Nov/2017:10:48:07 +0530] "- - " 200 - "-" "-"
- 127.0.0.1 - - [15/Nov/2017:10:48:07 +0530] "POST /revoke HTTP/1.1" - 124 "-" "-"
- 127.0.0.1 - - [15/Nov/2017:10:48:07 +0530] "POST /oauth2/revoke HTTP/1.1" - - "-" "Synapse-PT-HttpComponents-NIO"
- 127.0.0.1 - - [15/Nov/2017:10:48:07 +0530] "POST /token HTTP/1.1" - 160 "-" "-"
- 127.0.0.1 - - [15/Nov/2017:10:48:07 +0530] "POST /oauth2/token HTTP/1.1" - - "-" "Synapse-PT-HttpComponents-NIO"
- 127.0.1.1  - [15/Nov/2017:10:48:31 +0530] "- - " 200 - "-" "-"
- 10.100.5.100  - [15/Nov/2017:10:48:31 +0530] "- - " 200 - "-" "-"
- 10.100.5.100 - - [15/Nov/2017:10:48:31 +0530] "GET /nawaloka/1.0.0/read HTTP/1.1" - 27 "-" "curl/7.55.1"
- 127.0.1.1 - - [15/Nov/2017:10:48:31 +0530] "GET /services/ESBResource/read HTTP/1.1" - - "-" "Synapse-PT-HttpComponents-NIO"
- 127.0.1.1  - [15/Nov/2017:10:49:38 +0530] "- - " 200 - "-" "-"
- 10.100.5.100  - [15/Nov/2017:10:49:38 +0530] "- - " 200 - "-" "-"
- 10.100.5.100 - - [15/Nov/2017:10:49:38 +0530] "GET /nawaloka/1.0.0/read HTTP/1.1" - 27 "-" "curl/7.55.1"
- 127.0.1.1 - - [15/Nov/2017:10:49:38 +0530] "GET /services/ESBResource/read HTTP/1.1" - - "-" "Synapse-PT-HttpComponents-NIO"
10.100.5.100 - - [15/Nov/2017:10:55:23 +0530] "GET /store/ HTTP/1.1" 200 5903 "https://172.17.0.1:9444/store/site/pages/application.jag?name=Nawaloka" "Mozilla/5.0 (X11; Linux x86_64) AppleWebKit/537.36 (KHTML, like Gecko) Chrome/62.0.3202.94 Safari/537.36"
10.100.5.100 - - [15/Nov/2017:10:55:23 +0530] "GET /store/site/themes/wso2/libs/bootstrap_3.3.5/css/bootstrap.min.css HTTP/1.1" 200 20162 "https://172.17.0.1:9444/store/" "Mozilla/5.0 (X11; Linux x86_64) AppleWebKit/537.36 (KHTML, like Gecko) Chrome/62.0.3202.94 Safari/537.36"
10.100.5.100 - - [15/Nov/2017:10:55:23 +0530] "GET /store/site/themes/wso2/libs/font-awesome/css/font-awesome.min.css HTTP/1.1" 200 5529 "https://172.17.0.1:9444/store/" "Mozilla/5.0 (X11; Linux x86_64) AppleWebKit/537.36 (KHTML, like Gecko) Chrome/62.0.3202.94 Safari/537.36"
10.100.5.100 - - [15/Nov/2017:10:55:23 +0530] "GET /store/site/themes/wso2/css/custom.css HTTP/1.1" 200 2938 "https://172.17.0.1:9444/store/" "Mozilla/5.0 (X11; Linux x86_64) AppleWebKit/537.36 (KHTML, like Gecko) Chrome/62.0.3202.94 Safari/537.36"
10.100.5.100 - - [15/Nov/2017:10:55:23 +0530] "GET /store/site/themes/wso2/libs/bootstrap-select/css/bootstrap-select.min.css HTTP/1.1" 200 1511 "https://172.17.0.1:9444/store/" "Mozilla/5.0 (X11; Linux x86_64) AppleWebKit/537.36 (KHTML, like Gecko) Chrome/62.0.3202.94 Safari/537.36"
10.100.5.100 - - [15/Nov/2017:10:55:23 +0530] "GET /store/site/themes/wso2/libs/data-tables_1.10.7/extensions/Bootstrap/css/dataTables.bootstrap.css HTTP/1.1" 200 1969 "https://172.17.0.1:9444/store/" "Mozilla/5.0 (X11; Linux x86_64) AppleWebKit/537.36 (KHTML, like Gecko) Chrome/62.0.3202.94 Safari/537.36"
10.100.5.100 - - [15/Nov/2017:10:55:23 +0530] "GET /store/site/themes/wso2/libs/data-tables_1.10.7/extensions/Responsive/css/dataTables.responsive.css HTTP/1.1" 200 656 "https://172.17.0.1:9444/store/" "Mozilla/5.0 (X11; Linux x86_64) AppleWebKit/537.36 (KHTML, like Gecko) Chrome/62.0.3202.94 Safari/537.36"
10.100.5.100 - - [15/Nov/2017:10:55:23 +0530] "GET /store/site/themes/wso2/libs/enjoyhint-3.1.0/enjoyhint.css HTTP/1.1" 200 1262 "https://172.17.0.1:9444/store/" "Mozilla/5.0 (X11; Linux x86_64) AppleWebKit/537.36 (KHTML, like Gecko) Chrome/62.0.3202.94 Safari/537.36"
10.100.5.100 - - [15/Nov/2017:10:55:23 +0530] "GET /store/site/themes/wso2/libs/enjoyhint-3.1.0/src/jquery.enjoyhint.css HTTP/1.1" 200 1287 "https://172.17.0.1:9444/store/" "Mozilla/5.0 (X11; Linux x86_64) AppleWebKit/537.36 (KHTML, like Gecko) Chrome/62.0.3202.94 Safari/537.36"
10.100.5.100 - - [15/Nov/2017:10:55:23 +0530] "GET /store/site/themes/wso2/libs/bootstrap-rating/bootstrap-rating.css HTTP/1.1" 200 210 "https://172.17.0.1:9444/store/" "Mozilla/5.0 (X11; Linux x86_64) AppleWebKit/537.36 (KHTML, like Gecko) Chrome/62.0.3202.94 Safari/537.36"
10.100.5.100 - - [15/Nov/2017:10:55:23 +0530] "GET /store/site/themes/wso2/libs/font-wso2_1.0.2/css/font-wso2.min.css HTTP/1.1" 200 2728 "https://172.17.0.1:9444/store/" "Mozilla/5.0 (X11; Linux x86_64) AppleWebKit/537.36 (KHTML, like Gecko) Chrome/62.0.3202.94 Safari/537.36"
10.100.5.100 - - [15/Nov/2017:10:55:23 +0530] "GET /store/site/themes/wso2/libs/theme-wso2_1.0/css/theme-wso2.css HTTP/1.1" 200 32108 "https://172.17.0.1:9444/store/" "Mozilla/5.0 (X11; Linux x86_64) AppleWebKit/537.36 (KHTML, like Gecko) Chrome/62.0.3202.94 Safari/537.36"
10.100.5.100 - - [15/Nov/2017:10:55:23 +0530] "GET /store/site/themes/wso2/libs/jquery.tagcloud.js HTTP/1.1" 200 958 "https://172.17.0.1:9444/store/" "Mozilla/5.0 (X11; Linux x86_64) AppleWebKit/537.36 (KHTML, like Gecko) Chrome/62.0.3202.94 Safari/537.36"
10.100.5.100 - - [15/Nov/2017:10:55:23 +0530] "GET /store/site/conf/locales/js/i18nResources.json HTTP/1.1" 200 9741 "https://172.17.0.1:9444/store/" "Mozilla/5.0 (X11; Linux x86_64) AppleWebKit/537.36 (KHTML, like Gecko) Chrome/62.0.3202.94 Safari/537.36"
10.100.5.100 - - [15/Nov/2017:10:55:23 +0530] "GET /store/site/conf/locales/js/i18nResources.json HTTP/1.1" 200 9741 "https://172.17.0.1:9444/store/" "Mozilla/5.0 (X11; Linux x86_64) AppleWebKit/537.36 (KHTML, like Gecko) Chrome/62.0.3202.94 Safari/537.36"
10.100.5.100 - - [15/Nov/2017:10:55:23 +0530] "GET /store/site/conf/locales/js/i18nResources.json HTTP/1.1" 200 9741 "https://172.17.0.1:9444/store/" "Mozilla/5.0 (X11; Linux x86_64) AppleWebKit/537.36 (KHTML, like Gecko) Chrome/62.0.3202.94 Safari/537.36"
10.100.5.100 - - [15/Nov/2017:10:55:23 +0530] "POST /store/site/blocks/tag/tag-cloud/ajax/list.jag HTTP/1.1" 200 64 "https://172.17.0.1:9444/store/" "Mozilla/5.0 (X11; Linux x86_64) AppleWebKit/537.36 (KHTML, like Gecko) Chrome/62.0.3202.94 Safari/537.36"
10.100.5.100 - - [15/Nov/2017:10:56:10 +0530] "GET /store/ HTTP/1.1" 200 5903 "https://172.17.0.1:9444/store/" "Mozilla/5.0 (X11; Linux x86_64) AppleWebKit/537.36 (KHTML, like Gecko) Chrome/62.0.3202.94 Safari/537.36"
10.100.5.100 - - [15/Nov/2017:10:56:10 +0530] "GET /store/site/themes/wso2/libs/bootstrap_3.3.5/css/bootstrap.min.css HTTP/1.1" 200 20162 "https://172.17.0.1:9444/store/" "Mozilla/5.0 (X11; Linux x86_64) AppleWebKit/537.36 (KHTML, like Gecko) Chrome/62.0.3202.94 Safari/537.36"
10.100.5.100 - - [15/Nov/2017:10:56:10 +0530] "GET /store/site/themes/wso2/libs/font-wso2_1.0.2/css/font-wso2.min.css HTTP/1.1" 200 2728 "https://172.17.0.1:9444/store/" "Mozilla/5.0 (X11; Linux x86_64) AppleWebKit/537.36 (KHTML, like Gecko) Chrome/62.0.3202.94 Safari/537.36"
10.100.5.100 - - [15/Nov/2017:10:56:10 +0530] "GET /store/site/themes/wso2/libs/bootstrap-select/css/bootstrap-select.min.css HTTP/1.1" 200 1511 "https://172.17.0.1:9444/store/" "Mozilla/5.0 (X11; Linux x86_64) AppleWebKit/537.36 (KHTML, like Gecko) Chrome/62.0.3202.94 Safari/537.36"
10.100.5.100 - - [15/Nov/2017:10:56:10 +0530] "GET /store/site/themes/wso2/libs/font-awesome/css/font-awesome.min.css HTTP/1.1" 200 5529 "https://172.17.0.1:9444/store/" "Mozilla/5.0 (X11; Linux x86_64) AppleWebKit/537.36 (KHTML, like Gecko) Chrome/62.0.3202.94 Safari/537.36"
10.100.5.100 - - [15/Nov/2017:10:56:10 +0530] "GET /store/site/themes/wso2/libs/theme-wso2_1.0/css/theme-wso2.css HTTP/1.1" 200 32108 "https://172.17.0.1:9444/store/" "Mozilla/5.0 (X11; Linux x86_64) AppleWebKit/537.36 (KHTML, like Gecko) Chrome/62.0.3202.94 Safari/537.36"
10.100.5.100 - - [15/Nov/2017:10:56:10 +0530] "GET /store/site/themes/wso2/css/custom.css HTTP/1.1" 200 2938 "https://172.17.0.1:9444/store/" "Mozilla/5.0 (X11; Linux x86_64) AppleWebKit/537.36 (KHTML, like Gecko) Chrome/62.0.3202.94 Safari/537.36"
10.100.5.100 - - [15/Nov/2017:10:56:10 +0530] "GET /store/site/themes/wso2/libs/data-tables_1.10.7/extensions/Responsive/css/dataTables.responsive.css HTTP/1.1" 200 656 "https://172.17.0.1:9444/store/" "Mozilla/5.0 (X11; Linux x86_64) AppleWebKit/537.36 (KHTML, like Gecko) Chrome/62.0.3202.94 Safari/537.36"
10.100.5.100 - - [15/Nov/2017:10:56:10 +0530] "GET /store/site/themes/wso2/libs/data-tables_1.10.7/extensions/Bootstrap/css/dataTables.bootstrap.css HTTP/1.1" 200 1969 "https://172.17.0.1:9444/store/" "Mozilla/5.0 (X11; Linux x86_64) AppleWebKit/537.36 (KHTML, like Gecko) Chrome/62.0.3202.94 Safari/537.36"
10.100.5.100 - - [15/Nov/2017:10:56:10 +0530] "GET /store/site/themes/wso2/libs/enjoyhint-3.1.0/enjoyhint.css HTTP/1.1" 200 1262 "https://172.17.0.1:9444/store/" "Mozilla/5.0 (X11; Linux x86_64) AppleWebKit/537.36 (KHTML, like Gecko) Chrome/62.0.3202.94 Safari/537.36"
10.100.5.100 - - [15/Nov/2017:10:56:10 +0530] "GET /store/site/themes/wso2/libs/bootstrap-rating/bootstrap-rating.css HTTP/1.1" 200 210 "https://172.17.0.1:9444/store/" "Mozilla/5.0 (X11; Linux x86_64) AppleWebKit/537.36 (KHTML, like Gecko) Chrome/62.0.3202.94 Safari/537.36"
10.100.5.100 - - [15/Nov/2017:10:56:10 +0530] "GET /store/site/themes/wso2/libs/enjoyhint-3.1.0/src/jquery.enjoyhint.css HTTP/1.1" 200 1287 "https://172.17.0.1:9444/store/" "Mozilla/5.0 (X11; Linux x86_64) AppleWebKit/537.36 (KHTML, like Gecko) Chrome/62.0.3202.94 Safari/537.36"
10.100.5.100 - - [15/Nov/2017:10:56:11 +0530] "GET /store/site/conf/locales/js/i18nResources.json HTTP/1.1" 200 9741 "https://172.17.0.1:9444/store/" "Mozilla/5.0 (X11; Linux x86_64) AppleWebKit/537.36 (KHTML, like Gecko) Chrome/62.0.3202.94 Safari/537.36"
10.100.5.100 - - [15/Nov/2017:10:56:11 +0530] "GET /store/site/conf/locales/js/i18nResources.json HTTP/1.1" 200 9741 "https://172.17.0.1:9444/store/" "Mozilla/5.0 (X11; Linux x86_64) AppleWebKit/537.36 (KHTML, like Gecko) Chrome/62.0.3202.94 Safari/537.36"
10.100.5.100 - - [15/Nov/2017:10:56:11 +0530] "GET /store/site/conf/locales/js/i18nResources.json HTTP/1.1" 200 9741 "https://172.17.0.1:9444/store/" "Mozilla/5.0 (X11; Linux x86_64) AppleWebKit/537.36 (KHTML, like Gecko) Chrome/62.0.3202.94 Safari/537.36"
10.100.5.100 - - [15/Nov/2017:10:56:11 +0530] "POST /store/site/blocks/tag/tag-cloud/ajax/list.jag HTTP/1.1" 200 64 "https://172.17.0.1:9444/store/" "Mozilla/5.0 (X11; Linux x86_64) AppleWebKit/537.36 (KHTML, like Gecko) Chrome/62.0.3202.94 Safari/537.36"
10.100.5.100 - - [15/Nov/2017:10:56:11 +0530] "GET /store/apis/info?name=NawalokaPatientService&version=1.0.0&provider=admin HTTP/1.1" 200 11288 "https://172.17.0.1:9444/store/" "Mozilla/5.0 (X11; Linux x86_64) AppleWebKit/537.36 (KHTML, like Gecko) Chrome/62.0.3202.94 Safari/537.36"
10.100.5.100 - - [15/Nov/2017:10:56:11 +0530] "GET /store/site/themes/wso2/libs/bootstrap_3.3.5/css/bootstrap.min.css HTTP/1.1" 200 20162 "https://172.17.0.1:9444/store/apis/info?name=NawalokaPatientService&version=1.0.0&provider=admin" "Mozilla/5.0 (X11; Linux x86_64) AppleWebKit/537.36 (KHTML, like Gecko) Chrome/62.0.3202.94 Safari/537.36"
10.100.5.100 - - [15/Nov/2017:10:56:11 +0530] "GET /store/site/themes/wso2/libs/theme-wso2_1.0/css/theme-wso2.css HTTP/1.1" 200 32108 "https://172.17.0.1:9444/store/apis/info?name=NawalokaPatientService&version=1.0.0&provider=admin" "Mozilla/5.0 (X11; Linux x86_64) AppleWebKit/537.36 (KHTML, like Gecko) Chrome/62.0.3202.94 Safari/537.36"
10.100.5.100 - - [15/Nov/2017:10:56:11 +0530] "GET /store/site/themes/wso2/libs/font-wso2_1.0.2/css/font-wso2.min.css HTTP/1.1" 200 2728 "https://172.17.0.1:9444/store/apis/info?name=NawalokaPatientService&version=1.0.0&provider=admin" "Mozilla/5.0 (X11; Linux x86_64) AppleWebKit/537.36 (KHTML, like Gecko) Chrome/62.0.3202.94 Safari/537.36"
10.100.5.100 - - [15/Nov/2017:10:56:11 +0530] "GET /store/site/themes/wso2/libs/font-awesome/css/font-awesome.min.css HTTP/1.1" 200 5529 "https://172.17.0.1:9444/store/apis/info?name=NawalokaPatientService&version=1.0.0&provider=admin" "Mozilla/5.0 (X11; Linux x86_64) AppleWebKit/537.36 (KHTML, like Gecko) Chrome/62.0.3202.94 Safari/537.36"
10.100.5.100 - - [15/Nov/2017:10:56:11 +0530] "GET /store/site/themes/wso2/libs/bootstrap-select/css/bootstrap-select.min.css HTTP/1.1" 200 1511 "https://172.17.0.1:9444/store/apis/info?name=NawalokaPatientService&version=1.0.0&provider=admin" "Mozilla/5.0 (X11; Linux x86_64) AppleWebKit/537.36 (KHTML, like Gecko) Chrome/62.0.3202.94 Safari/537.36"
10.100.5.100 - - [15/Nov/2017:10:56:11 +0530] "GET /store/site/themes/wso2/css/custom.css HTTP/1.1" 200 2938 "https://172.17.0.1:9444/store/apis/info?name=NawalokaPatientService&version=1.0.0&provider=admin" "Mozilla/5.0 (X11; Linux x86_64) AppleWebKit/537.36 (KHTML, like Gecko) Chrome/62.0.3202.94 Safari/537.36"
10.100.5.100 - - [15/Nov/2017:10:56:11 +0530] "GET /store/site/themes/wso2/libs/bootstrap-rating/bootstrap-rating.css HTTP/1.1" 200 210 "https://172.17.0.1:9444/store/apis/info?name=NawalokaPatientService&version=1.0.0&provider=admin" "Mozilla/5.0 (X11; Linux x86_64) AppleWebKit/537.36 (KHTML, like Gecko) Chrome/62.0.3202.94 Safari/537.36"
10.100.5.100 - - [15/Nov/2017:10:56:11 +0530] "GET /store/site/themes/wso2/libs/data-tables_1.10.7/extensions/Bootstrap/css/dataTables.bootstrap.css HTTP/1.1" 200 1969 "https://172.17.0.1:9444/store/apis/info?name=NawalokaPatientService&version=1.0.0&provider=admin" "Mozilla/5.0 (X11; Linux x86_64) AppleWebKit/537.36 (KHTML, like Gecko) Chrome/62.0.3202.94 Safari/537.36"
10.100.5.100 - - [15/Nov/2017:10:56:11 +0530] "GET /store/site/themes/wso2/libs/data-tables_1.10.7/extensions/Responsive/css/dataTables.responsive.css HTTP/1.1" 200 656 "https://172.17.0.1:9444/store/apis/info?name=NawalokaPatientService&version=1.0.0&provider=admin" "Mozilla/5.0 (X11; Linux x86_64) AppleWebKit/537.36 (KHTML, like Gecko) Chrome/62.0.3202.94 Safari/537.36"
10.100.5.100 - - [15/Nov/2017:10:56:11 +0530] "GET /store/site/themes/wso2/libs/enjoyhint-3.1.0/enjoyhint.css HTTP/1.1" 200 1262 "https://172.17.0.1:9444/store/apis/info?name=NawalokaPatientService&version=1.0.0&provider=admin" "Mozilla/5.0 (X11; Linux x86_64) AppleWebKit/537.36 (KHTML, like Gecko) Chrome/62.0.3202.94 Safari/537.36"
10.100.5.100 - - [15/Nov/2017:10:56:11 +0530] "GET /store/site/themes/wso2/libs/enjoyhint-3.1.0/src/jquery.enjoyhint.css HTTP/1.1" 200 1287 "https://172.17.0.1:9444/store/apis/info?name=NawalokaPatientService&version=1.0.0&provider=admin" "Mozilla/5.0 (X11; Linux x86_64) AppleWebKit/537.36 (KHTML, like Gecko) Chrome/62.0.3202.94 Safari/537.36"
10.100.5.100 - - [15/Nov/2017:10:56:11 +0530] "GET /store/site/themes/wso2/templates/api/swagger/swagger/css/screen.css HTTP/1.1" 200 5661 "https://172.17.0.1:9444/store/apis/info?name=NawalokaPatientService&version=1.0.0&provider=admin" "Mozilla/5.0 (X11; Linux x86_64) AppleWebKit/537.36 (KHTML, like Gecko) Chrome/62.0.3202.94 Safari/537.36"
10.100.5.100 - - [15/Nov/2017:10:56:11 +0530] "GET /store/site/themes/wso2/templates/api/overview/js/overview.js HTTP/1.1" 200 772 "https://172.17.0.1:9444/store/apis/info?name=NawalokaPatientService&version=1.0.0&provider=admin" "Mozilla/5.0 (X11; Linux x86_64) AppleWebKit/537.36 (KHTML, like Gecko) Chrome/62.0.3202.94 Safari/537.36"
10.100.5.100 - - [15/Nov/2017:10:56:11 +0530] "GET /store/site/themes/wso2/templates/forum/css/summernote.css HTTP/1.1" 200 2006 "https://172.17.0.1:9444/store/apis/info?name=NawalokaPatientService&version=1.0.0&provider=admin" "Mozilla/5.0 (X11; Linux x86_64) AppleWebKit/537.36 (KHTML, like Gecko) Chrome/62.0.3202.94 Safari/537.36"
10.100.5.100 - - [15/Nov/2017:10:56:11 +0530] "GET /store/site/themes/wso2/templates/api/overview/js/jquery.sharrre.js HTTP/1.1" 200 6361 "https://172.17.0.1:9444/store/apis/info?name=NawalokaPatientService&version=1.0.0&provider=admin" "Mozilla/5.0 (X11; Linux x86_64) AppleWebKit/537.36 (KHTML, like Gecko) Chrome/62.0.3202.94 Safari/537.36"
10.100.5.100 - - [15/Nov/2017:10:56:11 +0530] "GET /store/site/themes/wso2/templates/api/swagger/swagger/lib/handlebars-4.0.5.js HTTP/1.1" 200 21295 "https://172.17.0.1:9444/store/apis/info?name=NawalokaPatientService&version=1.0.0&provider=admin" "Mozilla/5.0 (X11; Linux x86_64) AppleWebKit/537.36 (KHTML, like Gecko) Chrome/62.0.3202.94 Safari/537.36"
10.100.5.100 - - [15/Nov/2017:10:56:11 +0530] "GET /store/site/themes/wso2/templates/api/swagger/swagger/lib/object-assign-pollyfill.js HTTP/1.1" 200 349 "https://172.17.0.1:9444/store/apis/info?name=NawalokaPatientService&version=1.0.0&provider=admin" "Mozilla/5.0 (X11; Linux x86_64) AppleWebKit/537.36 (KHTML, like Gecko) Chrome/62.0.3202.94 Safari/537.36"
10.100.5.100 - - [15/Nov/2017:10:56:11 +0530] "GET /store/site/themes/wso2/templates/api/swagger/swagger/lib/jquery.slideto.min.js HTTP/1.1" 200 365 "https://172.17.0.1:9444/store/apis/info?name=NawalokaPatientService&version=1.0.0&provider=admin" "Mozilla/5.0 (X11; Linux x86_64) AppleWebKit/537.36 (KHTML, like Gecko) Chrome/62.0.3202.94 Safari/537.36"
10.100.5.100 - - [15/Nov/2017:10:56:11 +0530] "GET /store/site/themes/wso2/templates/api/swagger/swagger/lib/jquery.wiggle.min.js HTTP/1.1" 200 536 "https://172.17.0.1:9444/store/apis/info?name=NawalokaPatientService&version=1.0.0&provider=admin" "Mozilla/5.0 (X11; Linux x86_64) AppleWebKit/537.36 (KHTML, like Gecko) Chrome/62.0.3202.94 Safari/537.36"
10.100.5.100 - - [15/Nov/2017:10:56:11 +0530] "GET /store/site/themes/wso2/templates/api/swagger/swagger/lib/jquery.ba-bbq.min.js HTTP/1.1" 200 1818 "https://172.17.0.1:9444/store/apis/info?name=NawalokaPatientService&version=1.0.0&provider=admin" "Mozilla/5.0 (X11; Linux x86_64) AppleWebKit/537.36 (KHTML, like Gecko) Chrome/62.0.3202.94 Safari/537.36"
10.100.5.100 - - [15/Nov/2017:10:56:11 +0530] "GET /store/site/themes/wso2/templates/api/swagger/swagger/lib/backbone-min.js HTTP/1.1" 200 6758 "https://172.17.0.1:9444/store/apis/info?name=NawalokaPatientService&version=1.0.0&provider=admin" "Mozilla/5.0 (X11; Linux x86_64) AppleWebKit/537.36 (KHTML, like Gecko) Chrome/62.0.3202.94 Safari/537.36"
10.100.5.100 - - [15/Nov/2017:10:56:11 +0530] "GET /store/site/themes/wso2/templates/api/swagger/swagger/lib/js-yaml.min.js HTTP/1.1" 200 13819 "https://172.17.0.1:9444/store/apis/info?name=NawalokaPatientService&version=1.0.0&provider=admin" "Mozilla/5.0 (X11; Linux x86_64) AppleWebKit/537.36 (KHTML, like Gecko) Chrome/62.0.3202.94 Safari/537.36"
10.100.5.100 - - [15/Nov/2017:10:56:11 +0530] "GET /store/site/themes/wso2/templates/api/swagger/swagger/lib/highlight.9.1.0.pack.js HTTP/1.1" 200 5042 "https://172.17.0.1:9444/store/apis/info?name=NawalokaPatientService&version=1.0.0&provider=admin" "Mozilla/5.0 (X11; Linux x86_64) AppleWebKit/537.36 (KHTML, like Gecko) Chrome/62.0.3202.94 Safari/537.36"
10.100.5.100 - - [15/Nov/2017:10:56:11 +0530] "GET /store/site/themes/wso2/templates/api/swagger/swagger/lib/highlight.9.1.0.pack_extended.js HTTP/1.1" 200 310 "https://172.17.0.1:9444/store/apis/info?name=NawalokaPatientService&version=1.0.0&provider=admin" "Mozilla/5.0 (X11; Linux x86_64) AppleWebKit/537.36 (KHTML, like Gecko) Chrome/62.0.3202.94 Safari/537.36"
10.100.5.100 - - [15/Nov/2017:10:56:11 +0530] "GET /store/site/themes/wso2/templates/api/documentation/js/documentation.js HTTP/1.1" 200 206 "https://172.17.0.1:9444/store/apis/info?name=NawalokaPatientService&version=1.0.0&provider=admin" "Mozilla/5.0 (X11; Linux x86_64) AppleWebKit/537.36 (KHTML, like Gecko) Chrome/62.0.3202.94 Safari/537.36"
10.100.5.100 - - [15/Nov/2017:10:56:11 +0530] "GET /store/site/themes/wso2/templates/api/swagger/swagger/lib/swagger-oauth.js HTTP/1.1" 200 2542 "https://172.17.0.1:9444/store/apis/info?name=NawalokaPatientService&version=1.0.0&provider=admin" "Mozilla/5.0 (X11; Linux x86_64) AppleWebKit/537.36 (KHTML, like Gecko) Chrome/62.0.3202.94 Safari/537.36"
10.100.5.100 - - [15/Nov/2017:10:56:11 +0530] "GET /store/site/themes/wso2/templates/comment/comment-add/js/comment-add.js HTTP/1.1" 200 1783 "https://172.17.0.1:9444/store/apis/info?name=NawalokaPatientService&version=1.0.0&provider=admin" "Mozilla/5.0 (X11; Linux x86_64) AppleWebKit/537.36 (KHTML, like Gecko) Chrome/62.0.3202.94 Safari/537.36"
10.100.5.100 - - [15/Nov/2017:10:56:11 +0530] "GET /store/site/themes/wso2/templates/api/swagger/swagger/lib/marked.js HTTP/1.1" 200 5186 "https://172.17.0.1:9444/store/apis/info?name=NawalokaPatientService&version=1.0.0&provider=admin" "Mozilla/5.0 (X11; Linux x86_64) AppleWebKit/537.36 (KHTML, like Gecko) Chrome/62.0.3202.94 Safari/537.36"
10.100.5.100 - - [15/Nov/2017:10:56:11 +0530] "GET /store/site/themes/wso2/templates/api/swagger/swagger/lib/jsoneditor.min.js HTTP/1.1" 200 26614 "https://172.17.0.1:9444/store/apis/info?name=NawalokaPatientService&version=1.0.0&provider=admin" "Mozilla/5.0 (X11; Linux x86_64) AppleWebKit/537.36 (KHTML, like Gecko) Chrome/62.0.3202.94 Safari/537.36"
10.100.5.100 - - [15/Nov/2017:10:56:11 +0530] "GET /store/site/themes/wso2/libs/summernote.min.js HTTP/1.1" 200 15213 "https://172.17.0.1:9444/store/apis/info?name=NawalokaPatientService&version=1.0.0&provider=admin" "Mozilla/5.0 (X11; Linux x86_64) AppleWebKit/537.36 (KHTML, like Gecko) Chrome/62.0.3202.94 Safari/537.36"
10.100.5.100 - - [15/Nov/2017:10:56:11 +0530] "GET /store/site/themes/wso2/templates/api/swagger/swagger/swagger-ui.min.js HTTP/1.1" 200 127246 "https://172.17.0.1:9444/store/apis/info?name=NawalokaPatientService&version=1.0.0&provider=admin" "Mozilla/5.0 (X11; Linux x86_64) AppleWebKit/537.36 (KHTML, like Gecko) Chrome/62.0.3202.94 Safari/537.36"
10.100.5.100 - - [15/Nov/2017:10:56:11 +0530] "GET /store/site/themes/wso2/templates/ui/tab/js/init-tabs.js HTTP/1.1" 200 177 "https://172.17.0.1:9444/store/apis/info?name=NawalokaPatientService&version=1.0.0&provider=admin" "Mozilla/5.0 (X11; Linux x86_64) AppleWebKit/537.36 (KHTML, like Gecko) Chrome/62.0.3202.94 Safari/537.36"
10.100.5.100 - - [15/Nov/2017:10:56:11 +0530] "GET /store/site/themes/wso2/templates/api/api-info/js/api-info.js HTTP/1.1" 200 2525 "https://172.17.0.1:9444/store/apis/info?name=NawalokaPatientService&version=1.0.0&provider=admin" "Mozilla/5.0 (X11; Linux x86_64) AppleWebKit/537.36 (KHTML, like Gecko) Chrome/62.0.3202.94 Safari/537.36"
10.100.5.100 - - [15/Nov/2017:10:56:11 +0530] "GET /store/site/themes/wso2/templates/api/swagger/swagger/lib/lodash.min.js HTTP/1.1" 200 19256 "https://172.17.0.1:9444/store/apis/info?name=NawalokaPatientService&version=1.0.0&provider=admin" "Mozilla/5.0 (X11; Linux x86_64) AppleWebKit/537.36 (KHTML, like Gecko) Chrome/62.0.3202.94 Safari/537.36"
10.100.5.100 - - [15/Nov/2017:10:56:11 +0530] "GET /store/site/themes/wso2/libs/jquery-charCount/jquery.charCount.js HTTP/1.1" 200 866 "https://172.17.0.1:9444/store/apis/info?name=NawalokaPatientService&version=1.0.0&provider=admin" "Mozilla/5.0 (X11; Linux x86_64) AppleWebKit/537.36 (KHTML, like Gecko) Chrome/62.0.3202.94 Safari/537.36"
10.100.5.100 - - [15/Nov/2017:10:56:11 +0530] "GET /store/site/themes/wso2/templates/forum/js/forum-list.js HTTP/1.1" 200 4779 "https://172.17.0.1:9444/store/apis/info?name=NawalokaPatientService&version=1.0.0&provider=admin" "Mozilla/5.0 (X11; Linux x86_64) AppleWebKit/537.36 (KHTML, like Gecko) Chrome/62.0.3202.94 Safari/537.36"
10.100.5.100 - - [15/Nov/2017:10:56:11 +0530] "GET /store/site/themes/wso2/libs/bootstrap-paginator.min.js HTTP/1.1" 200 2411 "https://172.17.0.1:9444/store/apis/info?name=NawalokaPatientService&version=1.0.0&provider=admin" "Mozilla/5.0 (X11; Linux x86_64) AppleWebKit/537.36 (KHTML, like Gecko) Chrome/62.0.3202.94 Safari/537.36"
10.100.5.100 - - [15/Nov/2017:10:56:11 +0530] "GET /store/site/themes/wso2/images/facebook.png HTTP/1.1" 200 2351 "https://172.17.0.1:9444/store/apis/info?name=NawalokaPatientService&version=1.0.0&provider=admin" "Mozilla/5.0 (X11; Linux x86_64) AppleWebKit/537.36 (KHTML, like Gecko) Chrome/62.0.3202.94 Safari/537.36"
10.100.5.100 - - [15/Nov/2017:10:56:11 +0530] "GET /store/site/themes/wso2/images/twitter.png HTTP/1.1" 200 2648 "https://172.17.0.1:9444/store/apis/info?name=NawalokaPatientService&version=1.0.0&provider=admin" "Mozilla/5.0 (X11; Linux x86_64) AppleWebKit/537.36 (KHTML, like Gecko) Chrome/62.0.3202.94 Safari/537.36"
10.100.5.100 - - [15/Nov/2017:10:56:11 +0530] "GET /store/site/themes/wso2/images/google.png HTTP/1.1" 200 2716 "https://172.17.0.1:9444/store/apis/info?name=NawalokaPatientService&version=1.0.0&provider=admin" "Mozilla/5.0 (X11; Linux x86_64) AppleWebKit/537.36 (KHTML, like Gecko) Chrome/62.0.3202.94 Safari/537.36"
10.100.5.100 - - [15/Nov/2017:10:56:11 +0530] "GET /store/site/themes/wso2/images/diggit.png HTTP/1.1" 200 2646 "https://172.17.0.1:9444/store/apis/info?name=NawalokaPatientService&version=1.0.0&provider=admin" "Mozilla/5.0 (X11; Linux x86_64) AppleWebKit/537.36 (KHTML, like Gecko) Chrome/62.0.3202.94 Safari/537.36"
10.100.5.100 - - [15/Nov/2017:10:56:11 +0530] "GET /store/site/conf/locales/js/i18nResources.json HTTP/1.1" 200 9741 "https://172.17.0.1:9444/store/apis/info?name=NawalokaPatientService&version=1.0.0&provider=admin" "Mozilla/5.0 (X11; Linux x86_64) AppleWebKit/537.36 (KHTML, like Gecko) Chrome/62.0.3202.94 Safari/537.36"
10.100.5.100 - - [15/Nov/2017:10:56:11 +0530] "GET /store/site/conf/locales/js/i18nResources.json HTTP/1.1" 200 9741 "https://172.17.0.1:9444/store/apis/info?name=NawalokaPatientService&version=1.0.0&provider=admin" "Mozilla/5.0 (X11; Linux x86_64) AppleWebKit/537.36 (KHTML, like Gecko) Chrome/62.0.3202.94 Safari/537.36"
10.100.5.100 - - [15/Nov/2017:10:56:11 +0530] "GET /store/site/conf/locales/js/i18nResources.json HTTP/1.1" 200 9741 "https://172.17.0.1:9444/store/apis/info?name=NawalokaPatientService&version=1.0.0&provider=admin" "Mozilla/5.0 (X11; Linux x86_64) AppleWebKit/537.36 (KHTML, like Gecko) Chrome/62.0.3202.94 Safari/537.36"
10.100.5.100 - - [15/Nov/2017:10:56:12 +0530] "POST /store/site/blocks/comment/comment-add/ajax/comment-add.jag HTTP/1.1" 200 33 "https://172.17.0.1:9444/store/apis/info?name=NawalokaPatientService&version=1.0.0&provider=admin" "Mozilla/5.0 (X11; Linux x86_64) AppleWebKit/537.36 (KHTML, like Gecko) Chrome/62.0.3202.94 Safari/537.36"
10.100.5.100 - - [15/Nov/2017:10:56:12 +0530] "GET /store/site/themes/wso2/libs/theme-wso2_1.0/fonts/Roboto/Roboto-LightItalic.woff2 HTTP/1.1" 404 247 "https://172.17.0.1:9444/store/site/themes/wso2/libs/theme-wso2_1.0/css/theme-wso2.css" "Mozilla/5.0 (X11; Linux x86_64) AppleWebKit/537.36 (KHTML, like Gecko) Chrome/62.0.3202.94 Safari/537.36"
10.100.5.100 - - [15/Nov/2017:10:56:12 +0530] "GET /store/forum/api/topic?parentId=admin%3ANawalokaPatientService%3A1.0.0&page=1 HTTP/1.1" 200 44 "https://172.17.0.1:9444/store/apis/info?name=NawalokaPatientService&version=1.0.0&provider=admin" "Mozilla/5.0 (X11; Linux x86_64) AppleWebKit/537.36 (KHTML, like Gecko) Chrome/62.0.3202.94 Safari/537.36"
10.100.5.100 - - [15/Nov/2017:10:56:12 +0530] "GET /store/site/themes/wso2/libs/theme-wso2_1.0/fonts/Roboto/Roboto-LightItalic.woff HTTP/1.1" 404 247 "https://172.17.0.1:9444/store/site/themes/wso2/libs/theme-wso2_1.0/css/theme-wso2.css" "Mozilla/5.0 (X11; Linux x86_64) AppleWebKit/537.36 (KHTML, like Gecko) Chrome/62.0.3202.94 Safari/537.36"
10.100.5.100 - - [15/Nov/2017:10:56:12 +0530] "GET /store/api-docs/admin/NawalokaPatientService/1.0.0 HTTP/1.1" 200 1099 "https://172.17.0.1:9444/store/apis/info?name=NawalokaPatientService&version=1.0.0&provider=admin" "Mozilla/5.0 (X11; Linux x86_64) AppleWebKit/537.36 (KHTML, like Gecko) Chrome/62.0.3202.94 Safari/537.36"
10.100.5.100 - - [15/Nov/2017:10:56:12 +0530] "GET /store/site/themes/wso2/libs/theme-wso2_1.0/fonts/Roboto/Roboto-LightItalic.ttf HTTP/1.1" 404 247 "https://172.17.0.1:9444/store/site/themes/wso2/libs/theme-wso2_1.0/css/theme-wso2.css" "Mozilla/5.0 (X11; Linux x86_64) AppleWebKit/537.36 (KHTML, like Gecko) Chrome/62.0.3202.94 Safari/537.36"
10.100.5.100 - - [15/Nov/2017:10:56:12 +0530] "GET /store/api-docs/admin/NawalokaPatientService/1.0.0?envName=Production%20and%20Sandbox HTTP/1.1" 200 1099 "https://172.17.0.1:9444/store/apis/info?name=NawalokaPatientService&version=1.0.0&provider=admin" "Mozilla/5.0 (X11; Linux x86_64) AppleWebKit/537.36 (KHTML, like Gecko) Chrome/62.0.3202.94 Safari/537.36"
- 127.0.1.1  - [15/Nov/2017:10:56:01 +0530] "- - " 200 - "-" "-"
- 10.100.5.100  - [15/Nov/2017:10:56:01 +0530] "- - " 200 - "-" "-"
- 10.100.5.100  - [15/Nov/2017:10:56:20 +0530] "- - " 200 - "-" "-"
- 127.0.1.1  - [15/Nov/2017:10:56:20 +0530] "- - " 500 - "-" "-"
- 10.100.5.100  - [15/Nov/2017:10:56:20 +0530] "- - " 500 - "-" "-"
- 10.100.5.100 - - [15/Nov/2017:10:56:01 +0530] "GET /nawaloka/1.0.0/read HTTP/1.1" - 27 "-" "curl/7.55.1"
- 127.0.1.1 - - [15/Nov/2017:10:56:01 +0530] "GET /services/ESBResource/read HTTP/1.1" - - "-" "Synapse-PT-HttpComponents-NIO"
- 10.100.5.100 - - [15/Nov/2017:10:56:20 +0530] "OPTIONS /nawaloka/1.0.0/post HTTP/1.1" - - "-" "Mozilla/5.0 (X11; Linux x86_64) AppleWebKit/537.36 (KHTML, like Gecko) Chrome/62.0.3202.94 Safari/537.36"
- 10.100.5.100 - - [15/Nov/2017:10:56:20 +0530] "POST /nawaloka/1.0.0/post HTTP/1.1" - 2 "https://172.17.0.1:9444/store/apis/info?name=NawalokaPatientService&version=1.0.0&provider=admin" "Mozilla/5.0 (X11; Linux x86_64) AppleWebKit/537.36 (KHTML, like Gecko) Chrome/62.0.3202.94 Safari/537.36"
- 127.0.1.1 - - [15/Nov/2017:10:56:20 +0530] "POST /services/ESBResource/post HTTP/1.1" - - "https://172.17.0.1:9444/store/apis/info?name=NawalokaPatientService&version=1.0.0&provider=admin" "Synapse-PT-HttpComponents-NIO"
10.100.5.100 - - [15/Nov/2017:10:56:17 +0530] "GET /store/site/themes/wso2/templates/api/swagger/swagger/images/throbber.gif HTTP/1.1" 200 7159 "https://172.17.0.1:9444/store/site/themes/wso2/templates/api/swagger/swagger/css/screen.css" "Mozilla/5.0 (X11; Linux x86_64) AppleWebKit/537.36 (KHTML, like Gecko) Chrome/62.0.3202.94 Safari/537.36"
- 127.0.1.1  - [15/Nov/2017:10:57:08 +0530] "- - " 500 - "-" "-"
- 10.100.5.100  - [15/Nov/2017:10:57:08 +0530] "- - " 500 - "-" "-"
- 10.100.5.100 - - [15/Nov/2017:10:57:08 +0530] "POST /nawaloka/1.0.0/post HTTP/1.1" - 2 "-" "curl/7.55.1"
- 127.0.1.1 - - [15/Nov/2017:10:57:08 +0530] "POST /services/ESBResource/post HTTP/1.1" - - "-" "Synapse-PT-HttpComponents-NIO"
- 127.0.1.1  - [15/Nov/2017:10:59:32 +0530] "- - " 500 - "-" "-"
- 10.100.5.100  - [15/Nov/2017:10:59:32 +0530] "- - " 500 - "-" "-"
- 10.100.5.100 - - [15/Nov/2017:10:59:32 +0530] "POST /nawaloka/1.0.0/post HTTP/1.1" - 2 "-" "curl/7.55.1"
- 127.0.1.1 - - [15/Nov/2017:10:59:32 +0530] "POST /services/ESBResource/post HTTP/1.1" - - "-" "Synapse-PT-HttpComponents-NIO"
- 10.100.5.100  - [15/Nov/2017:11:00:05 +0530] "- - " 200 - "-" "-"
- 127.0.1.1  - [15/Nov/2017:11:00:05 +0530] "- - " 500 - "-" "-"
- 10.100.5.100  - [15/Nov/2017:11:00:05 +0530] "- - " 500 - "-" "-"
- 10.100.5.100 - - [15/Nov/2017:11:00:05 +0530] "OPTIONS /nawaloka/1.0.0/post HTTP/1.1" - - "-" "Mozilla/5.0 (X11; Linux x86_64) AppleWebKit/537.36 (KHTML, like Gecko) Chrome/62.0.3202.94 Safari/537.36"
- 10.100.5.100 - - [15/Nov/2017:11:00:05 +0530] "POST /nawaloka/1.0.0/post HTTP/1.1" - 2 "https://172.17.0.1:9444/store/apis/info?name=NawalokaPatientService&version=1.0.0&provider=admin" "Mozilla/5.0 (X11; Linux x86_64) AppleWebKit/537.36 (KHTML, like Gecko) Chrome/62.0.3202.94 Safari/537.36"
- 127.0.1.1 - - [15/Nov/2017:11:00:05 +0530] "POST /services/ESBResource/post HTTP/1.1" - - "https://172.17.0.1:9444/store/apis/info?name=NawalokaPatientService&version=1.0.0&provider=admin" "Synapse-PT-HttpComponents-NIO"
- 10.100.5.100  - [15/Nov/2017:11:00:33 +0530] "- - " 200 - "-" "-"
- 10.100.5.100 - - [15/Nov/2017:11:00:33 +0530] "OPTIONS /nawaloka/1.0.0/put HTTP/1.1" - - "-" "Mozilla/5.0 (X11; Linux x86_64) AppleWebKit/537.36 (KHTML, like Gecko) Chrome/62.0.3202.94 Safari/537.36"
- 10.100.5.100 - - [15/Nov/2017:11:00:33 +0530] "PUT /nawaloka/1.0.0/put HTTP/1.1" - 2 "https://172.17.0.1:9444/store/apis/info?name=NawalokaPatientService&version=1.0.0&provider=admin" "Mozilla/5.0 (X11; Linux x86_64) AppleWebKit/537.36 (KHTML, like Gecko) Chrome/62.0.3202.94 Safari/537.36"
- 127.0.1.1 - - [15/Nov/2017:11:00:33 +0530] "PUT /services/ESBResource/put HTTP/1.1" - - "https://172.17.0.1:9444/store/apis/info?name=NawalokaPatientService&version=1.0.0&provider=admin" "Synapse-PT-HttpComponents-NIO"
10.100.5.100 - - [15/Nov/2017:11:01:11 +0530] "GET /store/apis/info?name=NawalokaPatientService&version=1.0.0&provider=admin HTTP/1.1" 200 11288 "https://172.17.0.1:9444/store/" "Mozilla/5.0 (X11; Linux x86_64) AppleWebKit/537.36 (KHTML, like Gecko) Chrome/62.0.3202.94 Safari/537.36"
10.100.5.100 - - [15/Nov/2017:11:01:11 +0530] "GET /store/site/themes/wso2/libs/bootstrap_3.3.5/css/bootstrap.min.css HTTP/1.1" 200 20162 "https://172.17.0.1:9444/store/apis/info?name=NawalokaPatientService&version=1.0.0&provider=admin" "Mozilla/5.0 (X11; Linux x86_64) AppleWebKit/537.36 (KHTML, like Gecko) Chrome/62.0.3202.94 Safari/537.36"
10.100.5.100 - - [15/Nov/2017:11:01:11 +0530] "GET /store/site/themes/wso2/libs/font-wso2_1.0.2/css/font-wso2.min.css HTTP/1.1" 200 2728 "https://172.17.0.1:9444/store/apis/info?name=NawalokaPatientService&version=1.0.0&provider=admin" "Mozilla/5.0 (X11; Linux x86_64) AppleWebKit/537.36 (KHTML, like Gecko) Chrome/62.0.3202.94 Safari/537.36"
10.100.5.100 - - [15/Nov/2017:11:01:11 +0530] "GET /store/site/themes/wso2/libs/bootstrap-select/css/bootstrap-select.min.css HTTP/1.1" 200 1511 "https://172.17.0.1:9444/store/apis/info?name=NawalokaPatientService&version=1.0.0&provider=admin" "Mozilla/5.0 (X11; Linux x86_64) AppleWebKit/537.36 (KHTML, like Gecko) Chrome/62.0.3202.94 Safari/537.36"
10.100.5.100 - - [15/Nov/2017:11:01:11 +0530] "GET /store/site/themes/wso2/libs/data-tables_1.10.7/extensions/Bootstrap/css/dataTables.bootstrap.css HTTP/1.1" 200 1969 "https://172.17.0.1:9444/store/apis/info?name=NawalokaPatientService&version=1.0.0&provider=admin" "Mozilla/5.0 (X11; Linux x86_64) AppleWebKit/537.36 (KHTML, like Gecko) Chrome/62.0.3202.94 Safari/537.36"
10.100.5.100 - - [15/Nov/2017:11:01:11 +0530] "GET /store/site/themes/wso2/libs/theme-wso2_1.0/css/theme-wso2.css HTTP/1.1" 200 32108 "https://172.17.0.1:9444/store/apis/info?name=NawalokaPatientService&version=1.0.0&provider=admin" "Mozilla/5.0 (X11; Linux x86_64) AppleWebKit/537.36 (KHTML, like Gecko) Chrome/62.0.3202.94 Safari/537.36"
10.100.5.100 - - [15/Nov/2017:11:01:11 +0530] "GET /store/site/themes/wso2/templates/api/swagger/swagger/css/screen.css HTTP/1.1" 200 5661 "https://172.17.0.1:9444/store/apis/info?name=NawalokaPatientService&version=1.0.0&provider=admin" "Mozilla/5.0 (X11; Linux x86_64) AppleWebKit/537.36 (KHTML, like Gecko) Chrome/62.0.3202.94 Safari/537.36"
10.100.5.100 - - [15/Nov/2017:11:01:11 +0530] "GET /store/site/themes/wso2/libs/bootstrap-rating/bootstrap-rating.css HTTP/1.1" 200 210 "https://172.17.0.1:9444/store/apis/info?name=NawalokaPatientService&version=1.0.0&provider=admin" "Mozilla/5.0 (X11; Linux x86_64) AppleWebKit/537.36 (KHTML, like Gecko) Chrome/62.0.3202.94 Safari/537.36"
10.100.5.100 - - [15/Nov/2017:11:01:11 +0530] "GET /store/site/themes/wso2/libs/enjoyhint-3.1.0/enjoyhint.css HTTP/1.1" 200 1262 "https://172.17.0.1:9444/store/apis/info?name=NawalokaPatientService&version=1.0.0&provider=admin" "Mozilla/5.0 (X11; Linux x86_64) AppleWebKit/537.36 (KHTML, like Gecko) Chrome/62.0.3202.94 Safari/537.36"
10.100.5.100 - - [15/Nov/2017:11:01:11 +0530] "GET /store/site/themes/wso2/libs/data-tables_1.10.7/extensions/Responsive/css/dataTables.responsive.css HTTP/1.1" 200 656 "https://172.17.0.1:9444/store/apis/info?name=NawalokaPatientService&version=1.0.0&provider=admin" "Mozilla/5.0 (X11; Linux x86_64) AppleWebKit/537.36 (KHTML, like Gecko) Chrome/62.0.3202.94 Safari/537.36"
10.100.5.100 - - [15/Nov/2017:11:01:11 +0530] "GET /store/site/themes/wso2/css/custom.css HTTP/1.1" 200 2938 "https://172.17.0.1:9444/store/apis/info?name=NawalokaPatientService&version=1.0.0&provider=admin" "Mozilla/5.0 (X11; Linux x86_64) AppleWebKit/537.36 (KHTML, like Gecko) Chrome/62.0.3202.94 Safari/537.36"
10.100.5.100 - - [15/Nov/2017:11:01:11 +0530] "GET /store/site/themes/wso2/libs/font-awesome/css/font-awesome.min.css HTTP/1.1" 200 5529 "https://172.17.0.1:9444/store/apis/info?name=NawalokaPatientService&version=1.0.0&provider=admin" "Mozilla/5.0 (X11; Linux x86_64) AppleWebKit/537.36 (KHTML, like Gecko) Chrome/62.0.3202.94 Safari/537.36"
10.100.5.100 - - [15/Nov/2017:11:01:11 +0530] "GET /store/site/themes/wso2/libs/enjoyhint-3.1.0/src/jquery.enjoyhint.css HTTP/1.1" 200 1287 "https://172.17.0.1:9444/store/apis/info?name=NawalokaPatientService&version=1.0.0&provider=admin" "Mozilla/5.0 (X11; Linux x86_64) AppleWebKit/537.36 (KHTML, like Gecko) Chrome/62.0.3202.94 Safari/537.36"
10.100.5.100 - - [15/Nov/2017:11:01:11 +0530] "GET /store/site/themes/wso2/templates/forum/css/summernote.css HTTP/1.1" 200 2006 "https://172.17.0.1:9444/store/apis/info?name=NawalokaPatientService&version=1.0.0&provider=admin" "Mozilla/5.0 (X11; Linux x86_64) AppleWebKit/537.36 (KHTML, like Gecko) Chrome/62.0.3202.94 Safari/537.36"
10.100.5.100 - - [15/Nov/2017:11:01:11 +0530] "GET /store/site/conf/locales/js/i18nResources.json HTTP/1.1" 200 9741 "https://172.17.0.1:9444/store/apis/info?name=NawalokaPatientService&version=1.0.0&provider=admin" "Mozilla/5.0 (X11; Linux x86_64) AppleWebKit/537.36 (KHTML, like Gecko) Chrome/62.0.3202.94 Safari/537.36"
10.100.5.100 - - [15/Nov/2017:11:01:11 +0530] "GET /store/site/conf/locales/js/i18nResources.json HTTP/1.1" 200 9741 "https://172.17.0.1:9444/store/apis/info?name=NawalokaPatientService&version=1.0.0&provider=admin" "Mozilla/5.0 (X11; Linux x86_64) AppleWebKit/537.36 (KHTML, like Gecko) Chrome/62.0.3202.94 Safari/537.36"
10.100.5.100 - - [15/Nov/2017:11:01:11 +0530] "GET /store/site/conf/locales/js/i18nResources.json HTTP/1.1" 200 9741 "https://172.17.0.1:9444/store/apis/info?name=NawalokaPatientService&version=1.0.0&provider=admin" "Mozilla/5.0 (X11; Linux x86_64) AppleWebKit/537.36 (KHTML, like Gecko) Chrome/62.0.3202.94 Safari/537.36"
10.100.5.100 - - [15/Nov/2017:11:01:11 +0530] "POST /store/site/blocks/comment/comment-add/ajax/comment-add.jag HTTP/1.1" 200 33 "https://172.17.0.1:9444/store/apis/info?name=NawalokaPatientService&version=1.0.0&provider=admin" "Mozilla/5.0 (X11; Linux x86_64) AppleWebKit/537.36 (KHTML, like Gecko) Chrome/62.0.3202.94 Safari/537.36"
10.100.5.100 - - [15/Nov/2017:11:01:11 +0530] "GET /store/site/themes/wso2/libs/theme-wso2_1.0/fonts/Roboto/Roboto-LightItalic.woff2 HTTP/1.1" 404 247 "https://172.17.0.1:9444/store/site/themes/wso2/libs/theme-wso2_1.0/css/theme-wso2.css" "Mozilla/5.0 (X11; Linux x86_64) AppleWebKit/537.36 (KHTML, like Gecko) Chrome/62.0.3202.94 Safari/537.36"
10.100.5.100 - - [15/Nov/2017:11:01:11 +0530] "GET /store/api-docs/admin/NawalokaPatientService/1.0.0 HTTP/1.1" 200 1099 "https://172.17.0.1:9444/store/apis/info?name=NawalokaPatientService&version=1.0.0&provider=admin" "Mozilla/5.0 (X11; Linux x86_64) AppleWebKit/537.36 (KHTML, like Gecko) Chrome/62.0.3202.94 Safari/537.36"
10.100.5.100 - - [15/Nov/2017:11:01:11 +0530] "GET /store/api-docs/admin/NawalokaPatientService/1.0.0?envName=Production%20and%20Sandbox HTTP/1.1" 200 1099 "https://172.17.0.1:9444/store/apis/info?name=NawalokaPatientService&version=1.0.0&provider=admin" "Mozilla/5.0 (X11; Linux x86_64) AppleWebKit/537.36 (KHTML, like Gecko) Chrome/62.0.3202.94 Safari/537.36"
10.100.5.100 - - [15/Nov/2017:11:01:11 +0530] "GET /store/forum/api/topic?parentId=admin%3ANawalokaPatientService%3A1.0.0&page=1 HTTP/1.1" 200 44 "https://172.17.0.1:9444/store/apis/info?name=NawalokaPatientService&version=1.0.0&provider=admin" "Mozilla/5.0 (X11; Linux x86_64) AppleWebKit/537.36 (KHTML, like Gecko) Chrome/62.0.3202.94 Safari/537.36"
10.100.5.100 - - [15/Nov/2017:11:01:11 +0530] "GET /store/site/themes/wso2/libs/theme-wso2_1.0/fonts/Roboto/Roboto-LightItalic.woff HTTP/1.1" 404 247 "https://172.17.0.1:9444/store/site/themes/wso2/libs/theme-wso2_1.0/css/theme-wso2.css" "Mozilla/5.0 (X11; Linux x86_64) AppleWebKit/537.36 (KHTML, like Gecko) Chrome/62.0.3202.94 Safari/537.36"
10.100.5.100 - - [15/Nov/2017:11:01:11 +0530] "GET /store/site/themes/wso2/libs/theme-wso2_1.0/fonts/Roboto/Roboto-LightItalic.ttf HTTP/1.1" 404 247 "https://172.17.0.1:9444/store/site/themes/wso2/libs/theme-wso2_1.0/css/theme-wso2.css" "Mozilla/5.0 (X11; Linux x86_64) AppleWebKit/537.36 (KHTML, like Gecko) Chrome/62.0.3202.94 Safari/537.36"
10.100.5.100 - - [15/Nov/2017:11:01:11 +0530] "GET /store/site/themes/wso2/images/favicon-store.png HTTP/1.1" 200 681 "https://172.17.0.1:9444/store/apis/info?name=NawalokaPatientService&version=1.0.0&provider=admin" "Mozilla/5.0 (X11; Linux x86_64) AppleWebKit/537.36 (KHTML, like Gecko) Chrome/62.0.3202.94 Safari/537.36"
10.100.5.100 - - [15/Nov/2017:11:01:13 +0530] "GET /store/site/themes/wso2/templates/api/swagger/swagger/images/throbber.gif HTTP/1.1" 200 7159 "https://172.17.0.1:9444/store/site/themes/wso2/templates/api/swagger/swagger/css/screen.css" "Mozilla/5.0 (X11; Linux x86_64) AppleWebKit/537.36 (KHTML, like Gecko) Chrome/62.0.3202.94 Safari/537.36"
- 10.100.5.100  - [15/Nov/2017:11:01:16 +0530] "- - " 200 - "-" "-"
- 10.100.5.100 - - [15/Nov/2017:11:01:16 +0530] "OPTIONS /nawaloka/1.0.0/put HTTP/1.1" - - "-" "Mozilla/5.0 (X11; Linux x86_64) AppleWebKit/537.36 (KHTML, like Gecko) Chrome/62.0.3202.94 Safari/537.36"
- 10.100.5.100 - - [15/Nov/2017:11:01:16 +0530] "PUT /nawaloka/1.0.0/put HTTP/1.1" - 2 "https://172.17.0.1:9444/store/apis/info?name=NawalokaPatientService&version=1.0.0&provider=admin" "Mozilla/5.0 (X11; Linux x86_64) AppleWebKit/537.36 (KHTML, like Gecko) Chrome/62.0.3202.94 Safari/537.36"
- 127.0.1.1 - - [15/Nov/2017:11:01:16 +0530] "PUT /services/ESBResource/put HTTP/1.1" - - "https://172.17.0.1:9444/store/apis/info?name=NawalokaPatientService&version=1.0.0&provider=admin" "Synapse-PT-HttpComponents-NIO"
10.100.5.100 - - [15/Nov/2017:11:01:57 +0530] "GET /store/apis/info?name=NawalokaPatientService&version=1.0.0&provider=admin HTTP/1.1" 200 11285 "https://172.17.0.1:9444/store/" "Mozilla/5.0 (X11; Linux x86_64) AppleWebKit/537.36 (KHTML, like Gecko) Chrome/62.0.3202.94 Safari/537.36"
10.100.5.100 - - [15/Nov/2017:11:01:57 +0530] "GET /store/site/themes/wso2/libs/bootstrap_3.3.5/css/bootstrap.min.css HTTP/1.1" 200 20162 "https://172.17.0.1:9444/store/apis/info?name=NawalokaPatientService&version=1.0.0&provider=admin" "Mozilla/5.0 (X11; Linux x86_64) AppleWebKit/537.36 (KHTML, like Gecko) Chrome/62.0.3202.94 Safari/537.36"
10.100.5.100 - - [15/Nov/2017:11:01:57 +0530] "GET /store/site/themes/wso2/libs/font-wso2_1.0.2/css/font-wso2.min.css HTTP/1.1" 200 2728 "https://172.17.0.1:9444/store/apis/info?name=NawalokaPatientService&version=1.0.0&provider=admin" "Mozilla/5.0 (X11; Linux x86_64) AppleWebKit/537.36 (KHTML, like Gecko) Chrome/62.0.3202.94 Safari/537.36"
10.100.5.100 - - [15/Nov/2017:11:01:57 +0530] "GET /store/site/themes/wso2/libs/font-awesome/css/font-awesome.min.css HTTP/1.1" 200 5529 "https://172.17.0.1:9444/store/apis/info?name=NawalokaPatientService&version=1.0.0&provider=admin" "Mozilla/5.0 (X11; Linux x86_64) AppleWebKit/537.36 (KHTML, like Gecko) Chrome/62.0.3202.94 Safari/537.36"
10.100.5.100 - - [15/Nov/2017:11:01:57 +0530] "GET /store/site/themes/wso2/libs/bootstrap-select/css/bootstrap-select.min.css HTTP/1.1" 200 1511 "https://172.17.0.1:9444/store/apis/info?name=NawalokaPatientService&version=1.0.0&provider=admin" "Mozilla/5.0 (X11; Linux x86_64) AppleWebKit/537.36 (KHTML, like Gecko) Chrome/62.0.3202.94 Safari/537.36"
10.100.5.100 - - [15/Nov/2017:11:01:57 +0530] "GET /store/site/themes/wso2/libs/theme-wso2_1.0/css/theme-wso2.css HTTP/1.1" 200 32108 "https://172.17.0.1:9444/store/apis/info?name=NawalokaPatientService&version=1.0.0&provider=admin" "Mozilla/5.0 (X11; Linux x86_64) AppleWebKit/537.36 (KHTML, like Gecko) Chrome/62.0.3202.94 Safari/537.36"
10.100.5.100 - - [15/Nov/2017:11:01:57 +0530] "GET /store/site/themes/wso2/css/custom.css HTTP/1.1" 200 2938 "https://172.17.0.1:9444/store/apis/info?name=NawalokaPatientService&version=1.0.0&provider=admin" "Mozilla/5.0 (X11; Linux x86_64) AppleWebKit/537.36 (KHTML, like Gecko) Chrome/62.0.3202.94 Safari/537.36"
10.100.5.100 - - [15/Nov/2017:11:01:57 +0530] "GET /store/site/themes/wso2/libs/bootstrap-rating/bootstrap-rating.css HTTP/1.1" 200 210 "https://172.17.0.1:9444/store/apis/info?name=NawalokaPatientService&version=1.0.0&provider=admin" "Mozilla/5.0 (X11; Linux x86_64) AppleWebKit/537.36 (KHTML, like Gecko) Chrome/62.0.3202.94 Safari/537.36"
10.100.5.100 - - [15/Nov/2017:11:01:57 +0530] "GET /store/site/themes/wso2/libs/data-tables_1.10.7/extensions/Bootstrap/css/dataTables.bootstrap.css HTTP/1.1" 200 1969 "https://172.17.0.1:9444/store/apis/info?name=NawalokaPatientService&version=1.0.0&provider=admin" "Mozilla/5.0 (X11; Linux x86_64) AppleWebKit/537.36 (KHTML, like Gecko) Chrome/62.0.3202.94 Safari/537.36"
10.100.5.100 - - [15/Nov/2017:11:01:57 +0530] "GET /store/site/themes/wso2/libs/data-tables_1.10.7/extensions/Responsive/css/dataTables.responsive.css HTTP/1.1" 200 656 "https://172.17.0.1:9444/store/apis/info?name=NawalokaPatientService&version=1.0.0&provider=admin" "Mozilla/5.0 (X11; Linux x86_64) AppleWebKit/537.36 (KHTML, like Gecko) Chrome/62.0.3202.94 Safari/537.36"
10.100.5.100 - - [15/Nov/2017:11:01:57 +0530] "GET /store/site/themes/wso2/libs/enjoyhint-3.1.0/enjoyhint.css HTTP/1.1" 200 1262 "https://172.17.0.1:9444/store/apis/info?name=NawalokaPatientService&version=1.0.0&provider=admin" "Mozilla/5.0 (X11; Linux x86_64) AppleWebKit/537.36 (KHTML, like Gecko) Chrome/62.0.3202.94 Safari/537.36"
10.100.5.100 - - [15/Nov/2017:11:01:57 +0530] "GET /store/site/themes/wso2/libs/enjoyhint-3.1.0/src/jquery.enjoyhint.css HTTP/1.1" 200 1287 "https://172.17.0.1:9444/store/apis/info?name=NawalokaPatientService&version=1.0.0&provider=admin" "Mozilla/5.0 (X11; Linux x86_64) AppleWebKit/537.36 (KHTML, like Gecko) Chrome/62.0.3202.94 Safari/537.36"
10.100.5.100 - - [15/Nov/2017:11:01:57 +0530] "GET /store/site/themes/wso2/templates/forum/css/summernote.css HTTP/1.1" 200 2006 "https://172.17.0.1:9444/store/apis/info?name=NawalokaPatientService&version=1.0.0&provider=admin" "Mozilla/5.0 (X11; Linux x86_64) AppleWebKit/537.36 (KHTML, like Gecko) Chrome/62.0.3202.94 Safari/537.36"
10.100.5.100 - - [15/Nov/2017:11:01:57 +0530] "GET /store/site/themes/wso2/templates/api/swagger/swagger/css/screen.css HTTP/1.1" 200 5661 "https://172.17.0.1:9444/store/apis/info?name=NawalokaPatientService&version=1.0.0&provider=admin" "Mozilla/5.0 (X11; Linux x86_64) AppleWebKit/537.36 (KHTML, like Gecko) Chrome/62.0.3202.94 Safari/537.36"
10.100.5.100 - - [15/Nov/2017:11:01:57 +0530] "GET /store/site/conf/locales/js/i18nResources.json HTTP/1.1" 200 9741 "https://172.17.0.1:9444/store/apis/info?name=NawalokaPatientService&version=1.0.0&provider=admin" "Mozilla/5.0 (X11; Linux x86_64) AppleWebKit/537.36 (KHTML, like Gecko) Chrome/62.0.3202.94 Safari/537.36"
10.100.5.100 - - [15/Nov/2017:11:01:57 +0530] "GET /store/site/conf/locales/js/i18nResources.json HTTP/1.1" 200 9741 "https://172.17.0.1:9444/store/apis/info?name=NawalokaPatientService&version=1.0.0&provider=admin" "Mozilla/5.0 (X11; Linux x86_64) AppleWebKit/537.36 (KHTML, like Gecko) Chrome/62.0.3202.94 Safari/537.36"
10.100.5.100 - - [15/Nov/2017:11:01:57 +0530] "GET /store/site/conf/locales/js/i18nResources.json HTTP/1.1" 200 9741 "https://172.17.0.1:9444/store/apis/info?name=NawalokaPatientService&version=1.0.0&provider=admin" "Mozilla/5.0 (X11; Linux x86_64) AppleWebKit/537.36 (KHTML, like Gecko) Chrome/62.0.3202.94 Safari/537.36"
10.100.5.100 - - [15/Nov/2017:11:01:57 +0530] "POST /store/site/blocks/comment/comment-add/ajax/comment-add.jag HTTP/1.1" 200 33 "https://172.17.0.1:9444/store/apis/info?name=NawalokaPatientService&version=1.0.0&provider=admin" "Mozilla/5.0 (X11; Linux x86_64) AppleWebKit/537.36 (KHTML, like Gecko) Chrome/62.0.3202.94 Safari/537.36"
