- 10.100.5.100 - - [23/Nov/2017:14:13:55 +0530] "GET /nawaloka2/1.0.0/read?PatientId=sample1%40sample.com HTTP/1.1" - - "https://172.17.0.1:9444/store/apis/info?name=NawalokaPatientService2&version=1.0.0&provider=admin" "Mozilla/5.0 (X11; Linux x86_64) AppleWebKit/537.36 (KHTML, like Gecko) Chrome/62.0.3202.94 Safari/537.36"
- 127.0.1.1 - - [23/Nov/2017:14:13:55 +0530] "GET /services/ModifiedSEcuredESBResource/read?PatientId=sample1%40sample.com HTTP/1.1" - - "https://172.17.0.1:9444/store/apis/info?name=NawalokaPatientService2&version=1.0.0&provider=admin" "Synapse-PT-HttpComponents-NIO"
- 10.100.5.100 - - [23/Nov/2017:14:13:55 +0530] "GET /nawaloka2/1.0.0/read?PatientId=sample1%40sample.com HTTP/1.1" - - "https://172.17.0.1:9444/store/apis/info?name=NawalokaPatientService2&version=1.0.0&provider=admin" "Mozilla/5.0 (X11; Linux x86_64) AppleWebKit/537.36 (KHTML, like Gecko) Chrome/62.0.3202.94 Safari/537.36"
- 10.100.5.100  - [23/Nov/2017:14:13:53 +0530] "- - " 200 - "-" "-"
- 127.0.1.1 - - [23/Nov/2017:14:13:55 +0530] "GET /services/ModifiedSEcuredESBResource/read?PatientId=sample1%40sample.com HTTP/1.1" - - "https://172.17.0.1:9444/store/apis/info?name=NawalokaPatientService2&version=1.0.0&provider=admin" "Synapse-PT-HttpComponents-NIO"
- 10.100.5.100 - - [23/Nov/2017:14:13:56 +0530] "GET /nawaloka2/1.0.0/read?PatientId=sample1%40sample.com HTTP/1.1" - - "https://172.17.0.1:9444/store/apis/info?name=NawalokaPatientService2&version=1.0.0&provider=admin" "Mozilla/5.0 (X11; Linux x86_64) AppleWebKit/537.36 (KHTML, like Gecko) Chrome/62.0.3202.94 Safari/537.36"
- 127.0.1.1  - [23/Nov/2017:14:13:54 +0530] "- - " 200 - "-" "-"
- 127.0.1.1 - - [23/Nov/2017:14:13:56 +0530] "GET /services/ModifiedSEcuredESBResource/read?PatientId=sample1%40sample.com HTTP/1.1" - - "https://172.17.0.1:9444/store/apis/info?name=NawalokaPatientService2&version=1.0.0&provider=admin" "Synapse-PT-HttpComponents-NIO"
- 10.100.5.100 - - [23/Nov/2017:14:13:56 +0530] "GET /nawaloka2/1.0.0/read?PatientId=sample1%40sample.com HTTP/1.1" - - "https://172.17.0.1:9444/store/apis/info?name=NawalokaPatientService2&version=1.0.0&provider=admin" "Mozilla/5.0 (X11; Linux x86_64) AppleWebKit/537.36 (KHTML, like Gecko) Chrome/62.0.3202.94 Safari/537.36"
- 10.100.5.100  - [23/Nov/2017:14:13:54 +0530] "- - " 200 - "-" "-"
- 127.0.1.1  - [23/Nov/2017:14:13:54 +0530] "- - " 200 - "-" "-"
- 10.100.5.100  - [23/Nov/2017:14:13:54 +0530] "- - " 200 - "-" "-"
- 127.0.1.1  - [23/Nov/2017:14:13:55 +0530] "- - " 200 - "-" "-"
- 10.100.5.100  - [23/Nov/2017:14:13:55 +0530] "- - " 200 - "-" "-"
- 127.0.1.1  - [23/Nov/2017:14:13:55 +0530] "- - " 200 - "-" "-"
- 10.100.5.100  - [23/Nov/2017:14:13:55 +0530] "- - " 200 - "-" "-"
- 127.0.1.1  - [23/Nov/2017:14:13:56 +0530] "- - " 200 - "-" "-"
- 10.100.5.100  - [23/Nov/2017:14:13:56 +0530] "- - " 200 - "-" "-"
- 10.100.5.100  - [23/Nov/2017:14:13:56 +0530] "- - " 429 - "-" "-"
10.100.5.100 - - [23/Nov/2017:14:15:33 +0530] "POST /admin/site/blocks/policy/resource/policy-add/ajax/policy-operations.jag HTTP/1.1" 200 43 "https://172.17.0.1:9444/admin/api-policy-edit?policyName=IPThrottling" "Mozilla/5.0 (X11; Linux x86_64) AppleWebKit/537.36 (KHTML, like Gecko) Chrome/62.0.3202.94 Safari/537.36"
10.100.5.100 - - [23/Nov/2017:14:15:33 +0530] "GET /admin/site/themes/wso2/images/error.png HTTP/1.1" 200 2255 "https://172.17.0.1:9444/admin/api-policy-edit?policyName=IPThrottling" "Mozilla/5.0 (X11; Linux x86_64) AppleWebKit/537.36 (KHTML, like Gecko) Chrome/62.0.3202.94 Safari/537.36"
10.100.5.100 - - [23/Nov/2017:14:15:39 +0530] "GET /admin/api-policy-edit?policyName=IPThrottling HTTP/1.1" 302 - "https://172.17.0.1:9444/admin/api-policy-list" "Mozilla/5.0 (X11; Linux x86_64) AppleWebKit/537.36 (KHTML, like Gecko) Chrome/62.0.3202.94 Safari/537.36"
10.100.5.100 - - [23/Nov/2017:14:15:40 +0530] "GET /admin/site/pages/login.jag?requestedPage=/admin/api-policy-edit?policyName%3DIPThrottling HTTP/1.1" 200 2083 "https://172.17.0.1:9444/admin/api-policy-list" "Mozilla/5.0 (X11; Linux x86_64) AppleWebKit/537.36 (KHTML, like Gecko) Chrome/62.0.3202.94 Safari/537.36"
10.100.5.100 - - [23/Nov/2017:14:15:40 +0530] "GET /admin/site/themes/wso2/libs/theme-wso2_1.0/css/theme-wso2.css HTTP/1.1" 200 31338 "https://172.17.0.1:9444/admin/site/pages/login.jag?requestedPage=/admin/api-policy-edit?policyName%3DIPThrottling" "Mozilla/5.0 (X11; Linux x86_64) AppleWebKit/537.36 (KHTML, like Gecko) Chrome/62.0.3202.94 Safari/537.36"
10.100.5.100 - - [23/Nov/2017:14:15:40 +0530] "GET /admin/site/themes/wso2/libs/font-wso2_1.0.2/css/font-wso2.min.css HTTP/1.1" 200 2728 "https://172.17.0.1:9444/admin/site/pages/login.jag?requestedPage=/admin/api-policy-edit?policyName%3DIPThrottling" "Mozilla/5.0 (X11; Linux x86_64) AppleWebKit/537.36 (KHTML, like Gecko) Chrome/62.0.3202.94 Safari/537.36"
10.100.5.100 - - [23/Nov/2017:14:15:40 +0530] "GET /admin/site/themes/wso2/css/custom.css HTTP/1.1" 200 1712 "https://172.17.0.1:9444/admin/site/pages/login.jag?requestedPage=/admin/api-policy-edit?policyName%3DIPThrottling" "Mozilla/5.0 (X11; Linux x86_64) AppleWebKit/537.36 (KHTML, like Gecko) Chrome/62.0.3202.94 Safari/537.36"
10.100.5.100 - - [23/Nov/2017:14:15:40 +0530] "GET /admin/site/themes/wso2/libs/data-tables_1.10.7/extensions/Bootstrap/css/dataTables.bootstrap.css HTTP/1.1" 200 1969 "https://172.17.0.1:9444/admin/site/pages/login.jag?requestedPage=/admin/api-policy-edit?policyName%3DIPThrottling" "Mozilla/5.0 (X11; Linux x86_64) AppleWebKit/537.36 (KHTML, like Gecko) Chrome/62.0.3202.94 Safari/537.36"
10.100.5.100 - - [23/Nov/2017:14:15:40 +0530] "GET /admin/site/themes/wso2/libs/data-tables_1.10.7/extensions/Responsive/css/dataTables.responsive.css HTTP/1.1" 200 656 "https://172.17.0.1:9444/admin/site/pages/login.jag?requestedPage=/admin/api-policy-edit?policyName%3DIPThrottling" "Mozilla/5.0 (X11; Linux x86_64) AppleWebKit/537.36 (KHTML, like Gecko) Chrome/62.0.3202.94 Safari/537.36"
10.100.5.100 - - [23/Nov/2017:14:15:40 +0530] "GET /admin/site/themes/wso2/libs/select2_4.0.0/css/select2.min.css HTTP/1.1" 200 1959 "https://172.17.0.1:9444/admin/site/pages/login.jag?requestedPage=/admin/api-policy-edit?policyName%3DIPThrottling" "Mozilla/5.0 (X11; Linux x86_64) AppleWebKit/537.36 (KHTML, like Gecko) Chrome/62.0.3202.94 Safari/537.36"
10.100.5.100 - - [23/Nov/2017:14:15:40 +0530] "GET /admin//site/conf/locales/js/i18nResources.json HTTP/1.1" 200 7582 "https://172.17.0.1:9444/admin/site/pages/login.jag?requestedPage=/admin/api-policy-edit?policyName%3DIPThrottling" "Mozilla/5.0 (X11; Linux x86_64) AppleWebKit/537.36 (KHTML, like Gecko) Chrome/62.0.3202.94 Safari/537.36"
10.100.5.100 - - [23/Nov/2017:14:15:40 +0530] "GET /admin//site/conf/locales/js/i18nResources.json HTTP/1.1" 200 7582 "https://172.17.0.1:9444/admin/site/pages/login.jag?requestedPage=/admin/api-policy-edit?policyName%3DIPThrottling" "Mozilla/5.0 (X11; Linux x86_64) AppleWebKit/537.36 (KHTML, like Gecko) Chrome/62.0.3202.94 Safari/537.36"
10.100.5.100 - - [23/Nov/2017:14:15:40 +0530] "GET /admin//site/conf/locales/js/i18nResources.json HTTP/1.1" 200 7582 "https://172.17.0.1:9444/admin/site/pages/login.jag?requestedPage=/admin/api-policy-edit?policyName%3DIPThrottling" "Mozilla/5.0 (X11; Linux x86_64) AppleWebKit/537.36 (KHTML, like Gecko) Chrome/62.0.3202.94 Safari/537.36"
10.100.5.100 - - [23/Nov/2017:14:15:40 +0530] "GET /admin/site/themes/wso2/images/favicon.png HTTP/1.1" 200 738 "https://172.17.0.1:9444/admin/site/pages/login.jag?requestedPage=/admin/api-policy-edit?policyName%3DIPThrottling" "Mozilla/5.0 (X11; Linux x86_64) AppleWebKit/537.36 (KHTML, like Gecko) Chrome/62.0.3202.94 Safari/537.36"
10.100.5.100 - - [23/Nov/2017:14:15:45 +0530] "POST /admin/site/blocks/user/login/ajax/login.jag HTTP/1.1" 200 17 "https://172.17.0.1:9444/admin/site/pages/login.jag?requestedPage=/admin/api-policy-edit?policyName%3DIPThrottling" "Mozilla/5.0 (X11; Linux x86_64) AppleWebKit/537.36 (KHTML, like Gecko) Chrome/62.0.3202.94 Safari/537.36"
10.100.5.100 - - [23/Nov/2017:14:15:45 +0530] "GET /admin/site/pages/index.jag HTTP/1.1" 200 4237 "https://172.17.0.1:9444/admin/site/pages/login.jag?requestedPage=/admin/api-policy-edit?policyName%3DIPThrottling" "Mozilla/5.0 (X11; Linux x86_64) AppleWebKit/537.36 (KHTML, like Gecko) Chrome/62.0.3202.94 Safari/537.36"
10.100.5.100 - - [23/Nov/2017:14:15:45 +0530] "GET /admin/site/themes/wso2/libs/font-wso2_1.0.2/css/font-wso2.min.css HTTP/1.1" 200 2728 "https://172.17.0.1:9444/admin/site/pages/index.jag" "Mozilla/5.0 (X11; Linux x86_64) AppleWebKit/537.36 (KHTML, like Gecko) Chrome/62.0.3202.94 Safari/537.36"
10.100.5.100 - - [23/Nov/2017:14:15:45 +0530] "GET /admin/site/themes/wso2/css/custom.css HTTP/1.1" 200 1712 "https://172.17.0.1:9444/admin/site/pages/index.jag" "Mozilla/5.0 (X11; Linux x86_64) AppleWebKit/537.36 (KHTML, like Gecko) Chrome/62.0.3202.94 Safari/537.36"
10.100.5.100 - - [23/Nov/2017:14:15:45 +0530] "GET /admin/site/themes/wso2/libs/data-tables_1.10.7/extensions/Bootstrap/css/dataTables.bootstrap.css HTTP/1.1" 200 1969 "https://172.17.0.1:9444/admin/site/pages/index.jag" "Mozilla/5.0 (X11; Linux x86_64) AppleWebKit/537.36 (KHTML, like Gecko) Chrome/62.0.3202.94 Safari/537.36"
10.100.5.100 - - [23/Nov/2017:14:15:45 +0530] "GET /admin/site/themes/wso2/libs/theme-wso2_1.0/css/theme-wso2.css HTTP/1.1" 200 31338 "https://172.17.0.1:9444/admin/site/pages/index.jag" "Mozilla/5.0 (X11; Linux x86_64) AppleWebKit/537.36 (KHTML, like Gecko) Chrome/62.0.3202.94 Safari/537.36"
10.100.5.100 - - [23/Nov/2017:14:15:45 +0530] "GET /admin/site/themes/wso2/libs/data-tables_1.10.7/extensions/Responsive/css/dataTables.responsive.css HTTP/1.1" 200 656 "https://172.17.0.1:9444/admin/site/pages/index.jag" "Mozilla/5.0 (X11; Linux x86_64) AppleWebKit/537.36 (KHTML, like Gecko) Chrome/62.0.3202.94 Safari/537.36"
10.100.5.100 - - [23/Nov/2017:14:15:45 +0530] "GET /admin/site/themes/wso2/libs/select2_4.0.0/css/select2.min.css HTTP/1.1" 200 1959 "https://172.17.0.1:9444/admin/site/pages/index.jag" "Mozilla/5.0 (X11; Linux x86_64) AppleWebKit/537.36 (KHTML, like Gecko) Chrome/62.0.3202.94 Safari/537.36"
10.100.5.100 - - [23/Nov/2017:14:15:45 +0530] "GET /admin/site/themes/wso2/templates/signup-task/js/signup.js HTTP/1.1" 200 757 "https://172.17.0.1:9444/admin/site/pages/index.jag" "Mozilla/5.0 (X11; Linux x86_64) AppleWebKit/537.36 (KHTML, like Gecko) Chrome/62.0.3202.94 Safari/537.36"
10.100.5.100 - - [23/Nov/2017:14:15:45 +0530] "GET /admin//site/conf/locales/js/i18nResources.json HTTP/1.1" 200 7582 "https://172.17.0.1:9444/admin/site/pages/index.jag" "Mozilla/5.0 (X11; Linux x86_64) AppleWebKit/537.36 (KHTML, like Gecko) Chrome/62.0.3202.94 Safari/537.36"
10.100.5.100 - - [23/Nov/2017:14:15:45 +0530] "GET /admin//site/conf/locales/js/i18nResources.json HTTP/1.1" 200 7582 "https://172.17.0.1:9444/admin/site/pages/index.jag" "Mozilla/5.0 (X11; Linux x86_64) AppleWebKit/537.36 (KHTML, like Gecko) Chrome/62.0.3202.94 Safari/537.36"
10.100.5.100 - - [23/Nov/2017:14:15:45 +0530] "GET /admin/site/themes/wso2/libs/theme-wso2_1.0/images/logo-inverse.svg HTTP/1.1" 200 4663 "https://172.17.0.1:9444/admin/site/pages/index.jag" "Mozilla/5.0 (X11; Linux x86_64) AppleWebKit/537.36 (KHTML, like Gecko) Chrome/62.0.3202.94 Safari/537.36"
10.100.5.100 - - [23/Nov/2017:14:15:45 +0530] "GET /admin//site/conf/locales/js/i18nResources.json HTTP/1.1" 200 7582 "https://172.17.0.1:9444/admin/site/pages/index.jag" "Mozilla/5.0 (X11; Linux x86_64) AppleWebKit/537.36 (KHTML, like Gecko) Chrome/62.0.3202.94 Safari/537.36"
10.100.5.100 - - [23/Nov/2017:14:15:50 +0530] "POST /admin/site/blocks/user/login/ajax/sessionCheck.jag HTTP/1.1" 200 - "https://172.17.0.1:9444/admin/site/pages/index.jag" "Mozilla/5.0 (X11; Linux x86_64) AppleWebKit/537.36 (KHTML, like Gecko) Chrome/62.0.3202.94 Safari/537.36"
10.100.5.100 - - [23/Nov/2017:14:15:50 +0530] "GET /admin/api-policy-list HTTP/1.1" 200 4724 "https://172.17.0.1:9444/admin/site/pages/index.jag" "Mozilla/5.0 (X11; Linux x86_64) AppleWebKit/537.36 (KHTML, like Gecko) Chrome/62.0.3202.94 Safari/537.36"
10.100.5.100 - - [23/Nov/2017:14:15:50 +0530] "GET /admin/site/themes/wso2/templates/policy/resource/policy-list/js/policy-list.js HTTP/1.1" 200 1532 "https://172.17.0.1:9444/admin/api-policy-list" "Mozilla/5.0 (X11; Linux x86_64) AppleWebKit/537.36 (KHTML, like Gecko) Chrome/62.0.3202.94 Safari/537.36"
10.100.5.100 - - [23/Nov/2017:14:15:50 +0530] "GET /admin/site/themes/wso2/css/custom.css HTTP/1.1" 200 1712 "https://172.17.0.1:9444/admin/api-policy-list" "Mozilla/5.0 (X11; Linux x86_64) AppleWebKit/537.36 (KHTML, like Gecko) Chrome/62.0.3202.94 Safari/537.36"
10.100.5.100 - - [23/Nov/2017:14:15:50 +0530] "GET /admin/site/themes/wso2/libs/theme-wso2_1.0/css/theme-wso2.css HTTP/1.1" 200 31338 "https://172.17.0.1:9444/admin/api-policy-list" "Mozilla/5.0 (X11; Linux x86_64) AppleWebKit/537.36 (KHTML, like Gecko) Chrome/62.0.3202.94 Safari/537.36"
10.100.5.100 - - [23/Nov/2017:14:15:50 +0530] "GET /admin/site/themes/wso2/libs/data-tables_1.10.7/extensions/Bootstrap/css/dataTables.bootstrap.css HTTP/1.1" 200 1969 "https://172.17.0.1:9444/admin/api-policy-list" "Mozilla/5.0 (X11; Linux x86_64) AppleWebKit/537.36 (KHTML, like Gecko) Chrome/62.0.3202.94 Safari/537.36"
10.100.5.100 - - [23/Nov/2017:14:15:50 +0530] "GET /admin/site/themes/wso2/libs/data-tables_1.10.7/extensions/Responsive/css/dataTables.responsive.css HTTP/1.1" 200 656 "https://172.17.0.1:9444/admin/api-policy-list" "Mozilla/5.0 (X11; Linux x86_64) AppleWebKit/537.36 (KHTML, like Gecko) Chrome/62.0.3202.94 Safari/537.36"
10.100.5.100 - - [23/Nov/2017:14:15:50 +0530] "GET /admin/site/themes/wso2/libs/select2_4.0.0/css/select2.min.css HTTP/1.1" 200 1959 "https://172.17.0.1:9444/admin/api-policy-list" "Mozilla/5.0 (X11; Linux x86_64) AppleWebKit/537.36 (KHTML, like Gecko) Chrome/62.0.3202.94 Safari/537.36"
10.100.5.100 - - [23/Nov/2017:14:15:50 +0530] "GET /admin/site/themes/wso2/libs/font-wso2_1.0.2/css/font-wso2.min.css HTTP/1.1" 200 2728 "https://172.17.0.1:9444/admin/api-policy-list" "Mozilla/5.0 (X11; Linux x86_64) AppleWebKit/537.36 (KHTML, like Gecko) Chrome/62.0.3202.94 Safari/537.36"
10.100.5.100 - - [23/Nov/2017:14:15:50 +0530] "GET /admin//site/conf/locales/js/i18nResources.json HTTP/1.1" 200 7582 "https://172.17.0.1:9444/admin/api-policy-list" "Mozilla/5.0 (X11; Linux x86_64) AppleWebKit/537.36 (KHTML, like Gecko) Chrome/62.0.3202.94 Safari/537.36"
10.100.5.100 - - [23/Nov/2017:14:15:50 +0530] "GET /admin//site/conf/locales/js/i18nResources.json HTTP/1.1" 200 7582 "https://172.17.0.1:9444/admin/api-policy-list" "Mozilla/5.0 (X11; Linux x86_64) AppleWebKit/537.36 (KHTML, like Gecko) Chrome/62.0.3202.94 Safari/537.36"
10.100.5.100 - - [23/Nov/2017:14:15:50 +0530] "GET /admin//site/conf/locales/js/i18nResources.json HTTP/1.1" 200 7582 "https://172.17.0.1:9444/admin/api-policy-list" "Mozilla/5.0 (X11; Linux x86_64) AppleWebKit/537.36 (KHTML, like Gecko) Chrome/62.0.3202.94 Safari/537.36"
10.100.5.100 - - [23/Nov/2017:14:16:22 +0530] "GET /admin/api-policy-edit?policyName=IPThrottling HTTP/1.1" 200 10224 "https://172.17.0.1:9444/admin/api-policy-list" "Mozilla/5.0 (X11; Linux x86_64) AppleWebKit/537.36 (KHTML, like Gecko) Chrome/62.0.3202.94 Safari/537.36"
10.100.5.100 - - [23/Nov/2017:14:16:22 +0530] "GET /admin/site/themes/wso2/libs/font-wso2_1.0.2/css/font-wso2.min.css HTTP/1.1" 200 2728 "https://172.17.0.1:9444/admin/api-policy-edit?policyName=IPThrottling" "Mozilla/5.0 (X11; Linux x86_64) AppleWebKit/537.36 (KHTML, like Gecko) Chrome/62.0.3202.94 Safari/537.36"
10.100.5.100 - - [23/Nov/2017:14:16:22 +0530] "GET /admin/site/themes/wso2/libs/bootstrap3-editable/css/bootstrap-editable.css HTTP/1.1" 200 3553 "https://172.17.0.1:9444/admin/api-policy-edit?policyName=IPThrottling" "Mozilla/5.0 (X11; Linux x86_64) AppleWebKit/537.36 (KHTML, like Gecko) Chrome/62.0.3202.94 Safari/537.36"
10.100.5.100 - - [23/Nov/2017:14:16:22 +0530] "GET /admin/site/themes/wso2/libs/theme-wso2_1.0/css/theme-wso2.css HTTP/1.1" 200 31338 "https://172.17.0.1:9444/admin/api-policy-edit?policyName=IPThrottling" "Mozilla/5.0 (X11; Linux x86_64) AppleWebKit/537.36 (KHTML, like Gecko) Chrome/62.0.3202.94 Safari/537.36"
10.100.5.100 - - [23/Nov/2017:14:16:22 +0530] "GET /admin/site/themes/wso2/css/custom.css HTTP/1.1" 200 1712 "https://172.17.0.1:9444/admin/api-policy-edit?policyName=IPThrottling" "Mozilla/5.0 (X11; Linux x86_64) AppleWebKit/537.36 (KHTML, like Gecko) Chrome/62.0.3202.94 Safari/537.36"
10.100.5.100 - - [23/Nov/2017:14:16:22 +0530] "GET /admin/site/themes/wso2/libs/data-tables_1.10.7/extensions/Bootstrap/css/dataTables.bootstrap.css HTTP/1.1" 200 1969 "https://172.17.0.1:9444/admin/api-policy-edit?policyName=IPThrottling" "Mozilla/5.0 (X11; Linux x86_64) AppleWebKit/537.36 (KHTML, like Gecko) Chrome/62.0.3202.94 Safari/537.36"
10.100.5.100 - - [23/Nov/2017:14:16:22 +0530] "GET /admin/site/themes/wso2/libs/data-tables_1.10.7/extensions/Responsive/css/dataTables.responsive.css HTTP/1.1" 200 656 "https://172.17.0.1:9444/admin/api-policy-edit?policyName=IPThrottling" "Mozilla/5.0 (X11; Linux x86_64) AppleWebKit/537.36 (KHTML, like Gecko) Chrome/62.0.3202.94 Safari/537.36"
10.100.5.100 - - [23/Nov/2017:14:16:22 +0530] "GET /admin/site/themes/wso2/libs/select2_4.0.0/css/select2.min.css HTTP/1.1" 200 1959 "https://172.17.0.1:9444/admin/api-policy-edit?policyName=IPThrottling" "Mozilla/5.0 (X11; Linux x86_64) AppleWebKit/537.36 (KHTML, like Gecko) Chrome/62.0.3202.94 Safari/537.36"
10.100.5.100 - - [23/Nov/2017:14:16:22 +0530] "GET /admin/site/themes/wso2/templates/policy/resource/policy-add/css/policy-designer.css HTTP/1.1" 200 1367 "https://172.17.0.1:9444/admin/api-policy-edit?policyName=IPThrottling" "Mozilla/5.0 (X11; Linux x86_64) AppleWebKit/537.36 (KHTML, like Gecko) Chrome/62.0.3202.94 Safari/537.36"
10.100.5.100 - - [23/Nov/2017:14:16:22 +0530] "GET /admin//site/conf/locales/js/i18nResources.json HTTP/1.1" 200 7582 "https://172.17.0.1:9444/admin/api-policy-edit?policyName=IPThrottling" "Mozilla/5.0 (X11; Linux x86_64) AppleWebKit/537.36 (KHTML, like Gecko) Chrome/62.0.3202.94 Safari/537.36"
10.100.5.100 - - [23/Nov/2017:14:16:22 +0530] "GET /admin/site/themes/wso2/libs/handlebars.min.js HTTP/1.1" 200 20188 "https://172.17.0.1:9444/admin/api-policy-edit?policyName=IPThrottling" "Mozilla/5.0 (X11; Linux x86_64) AppleWebKit/537.36 (KHTML, like Gecko) Chrome/62.0.3202.94 Safari/537.36"
10.100.5.100 - - [23/Nov/2017:14:16:22 +0530] "GET /admin//site/conf/locales/js/i18nResources.json HTTP/1.1" 200 7582 "https://172.17.0.1:9444/admin/api-policy-edit?policyName=IPThrottling" "Mozilla/5.0 (X11; Linux x86_64) AppleWebKit/537.36 (KHTML, like Gecko) Chrome/62.0.3202.94 Safari/537.36"
10.100.5.100 - - [23/Nov/2017:14:16:22 +0530] "GET /admin/site/themes/wso2/templates/policy/resource/policy-add/js/jsonpath-0.8.0.js HTTP/1.1" 200 1392 "https://172.17.0.1:9444/admin/api-policy-edit?policyName=IPThrottling" "Mozilla/5.0 (X11; Linux x86_64) AppleWebKit/537.36 (KHTML, like Gecko) Chrome/62.0.3202.94 Safari/537.36"
10.100.5.100 - - [23/Nov/2017:14:16:22 +0530] "GET /admin//site/conf/locales/js/i18nResources.json HTTP/1.1" 200 7582 "https://172.17.0.1:9444/admin/api-policy-edit?policyName=IPThrottling" "Mozilla/5.0 (X11; Linux x86_64) AppleWebKit/537.36 (KHTML, like Gecko) Chrome/62.0.3202.94 Safari/537.36"
10.100.5.100 - - [23/Nov/2017:14:16:22 +0530] "GET /admin/site/themes/wso2/templates/policy/resource/policy-add/js/js-yaml.min.js HTTP/1.1" 200 11911 "https://172.17.0.1:9444/admin/api-policy-edit?policyName=IPThrottling" "Mozilla/5.0 (X11; Linux x86_64) AppleWebKit/537.36 (KHTML, like Gecko) Chrome/62.0.3202.94 Safari/537.36"
10.100.5.100 - - [23/Nov/2017:14:16:22 +0530] "GET /admin/site/themes/wso2/templates/policy/resource/policy-add/js/policy-designer-new.js HTTP/1.1" 200 4284 "https://172.17.0.1:9444/admin/api-policy-edit?policyName=IPThrottling" "Mozilla/5.0 (X11; Linux x86_64) AppleWebKit/537.36 (KHTML, like Gecko) Chrome/62.0.3202.94 Safari/537.36"
10.100.5.100 - - [23/Nov/2017:14:16:22 +0530] "GET /admin/site/themes/wso2/libs/bootstrap3-editable/js/bootstrap-editable.js HTTP/1.1" 200 52050 "https://172.17.0.1:9444/admin/api-policy-edit?policyName=IPThrottling" "Mozilla/5.0 (X11; Linux x86_64) AppleWebKit/537.36 (KHTML, like Gecko) Chrome/62.0.3202.94 Safari/537.36"
10.100.5.100 - - [23/Nov/2017:14:16:22 +0530] "POST /admin/site/blocks/policy/resource/policy-add/ajax/policy-operations.jag HTTP/1.1" 200 1033 "https://172.17.0.1:9444/admin/api-policy-edit?policyName=IPThrottling" "Mozilla/5.0 (X11; Linux x86_64) AppleWebKit/537.36 (KHTML, like Gecko) Chrome/62.0.3202.94 Safari/537.36"
10.100.5.100 - - [23/Nov/2017:14:17:41 +0530] "POST /publisher/site/blocks/item-design/ajax/add.jag?name=NawalokaPatientService2&version=1.0.0&provider=admin&action=manage HTTP/1.1" 200 39 "https://172.17.0.1:9444/publisher/manage?name=NawalokaPatientService2&version=1.0.0&provider=admin" "Mozilla/5.0 (X11; Linux x86_64) AppleWebKit/537.36 (KHTML, like Gecko) Chrome/62.0.3202.94 Safari/537.36"
10.100.5.100 - - [23/Nov/2017:14:17:41 +0530] "GET /publisher/site/pages/login.jag?requestedPage=/publisher/manage%3Fname%3DNawalokaPatientService2%26version%3D1.0.0%26provider%3Dadmin HTTP/1.1" 200 2276 "https://172.17.0.1:9444/publisher/manage?name=NawalokaPatientService2&version=1.0.0&provider=admin" "Mozilla/5.0 (X11; Linux x86_64) AppleWebKit/537.36 (KHTML, like Gecko) Chrome/62.0.3202.94 Safari/537.36"
10.100.5.100 - - [23/Nov/2017:14:17:41 +0530] "GET /publisher/site/themes/wso2/libs/theme-wso2_1.0/css/theme-wso2.css HTTP/1.1" 200 31338 "https://172.17.0.1:9444/publisher/site/pages/login.jag?requestedPage=/publisher/manage%3Fname%3DNawalokaPatientService2%26version%3D1.0.0%26provider%3Dadmin" "Mozilla/5.0 (X11; Linux x86_64) AppleWebKit/537.36 (KHTML, like Gecko) Chrome/62.0.3202.94 Safari/537.36"
10.100.5.100 - - [23/Nov/2017:14:17:41 +0530] "GET /publisher/site/themes/wso2/libs/data-tables_1.10.7/extensions/Bootstrap/css/dataTables.bootstrap.css HTTP/1.1" 200 1969 "https://172.17.0.1:9444/publisher/site/pages/login.jag?requestedPage=/publisher/manage%3Fname%3DNawalokaPatientService2%26version%3D1.0.0%26provider%3Dadmin" "Mozilla/5.0 (X11; Linux x86_64) AppleWebKit/537.36 (KHTML, like Gecko) Chrome/62.0.3202.94 Safari/537.36"
10.100.5.100 - - [23/Nov/2017:14:17:41 +0530] "GET /publisher/site/themes/wso2/libs/data-tables_1.10.7/extensions/Responsive/css/dataTables.responsive.css HTTP/1.1" 200 656 "https://172.17.0.1:9444/publisher/site/pages/login.jag?requestedPage=/publisher/manage%3Fname%3DNawalokaPatientService2%26version%3D1.0.0%26provider%3Dadmin" "Mozilla/5.0 (X11; Linux x86_64) AppleWebKit/537.36 (KHTML, like Gecko) Chrome/62.0.3202.94 Safari/537.36"
10.100.5.100 - - [23/Nov/2017:14:17:41 +0530] "GET /publisher/site/themes/wso2/libs/select2_4.0.0/css/select2.min.css HTTP/1.1" 200 1959 "https://172.17.0.1:9444/publisher/site/pages/login.jag?requestedPage=/publisher/manage%3Fname%3DNawalokaPatientService2%26version%3D1.0.0%26provider%3Dadmin" "Mozilla/5.0 (X11; Linux x86_64) AppleWebKit/537.36 (KHTML, like Gecko) Chrome/62.0.3202.94 Safari/537.36"
10.100.5.100 - - [23/Nov/2017:14:17:41 +0530] "GET /publisher/site/themes/wso2/libs/enjoyhint-3.1.0/enjoyhint.css HTTP/1.1" 200 1261 "https://172.17.0.1:9444/publisher/site/pages/login.jag?requestedPage=/publisher/manage%3Fname%3DNawalokaPatientService2%26version%3D1.0.0%26provider%3Dadmin" "Mozilla/5.0 (X11; Linux x86_64) AppleWebKit/537.36 (KHTML, like Gecko) Chrome/62.0.3202.94 Safari/537.36"
10.100.5.100 - - [23/Nov/2017:14:17:41 +0530] "GET /publisher/site/themes/wso2/libs/enjoyhint-3.1.0/src/jquery.enjoyhint.css HTTP/1.1" 200 1287 "https://172.17.0.1:9444/publisher/site/pages/login.jag?requestedPage=/publisher/manage%3Fname%3DNawalokaPatientService2%26version%3D1.0.0%26provider%3Dadmin" "Mozilla/5.0 (X11; Linux x86_64) AppleWebKit/537.36 (KHTML, like Gecko) Chrome/62.0.3202.94 Safari/537.36"
10.100.5.100 - - [23/Nov/2017:14:17:41 +0530] "GET /publisher/site/themes/wso2/libs/font-wso2_1.0.2/css/font-wso2.min.css HTTP/1.1" 200 2728 "https://172.17.0.1:9444/publisher/site/pages/login.jag?requestedPage=/publisher/manage%3Fname%3DNawalokaPatientService2%26version%3D1.0.0%26provider%3Dadmin" "Mozilla/5.0 (X11; Linux x86_64) AppleWebKit/537.36 (KHTML, like Gecko) Chrome/62.0.3202.94 Safari/537.36"
10.100.5.100 - - [23/Nov/2017:14:17:41 +0530] "GET /publisher/site/themes/wso2/libs/bootstrap-select/css/bootstrap-select.min.css HTTP/1.1" 200 1442 "https://172.17.0.1:9444/publisher/site/pages/login.jag?requestedPage=/publisher/manage%3Fname%3DNawalokaPatientService2%26version%3D1.0.0%26provider%3Dadmin" "Mozilla/5.0 (X11; Linux x86_64) AppleWebKit/537.36 (KHTML, like Gecko) Chrome/62.0.3202.94 Safari/537.36"
10.100.5.100 - - [23/Nov/2017:14:17:41 +0530] "GET /publisher/site/themes/wso2/libs/bootstrap-rating/bootstrap-rating.css HTTP/1.1" 200 210 "https://172.17.0.1:9444/publisher/site/pages/login.jag?requestedPage=/publisher/manage%3Fname%3DNawalokaPatientService2%26version%3D1.0.0%26provider%3Dadmin" "Mozilla/5.0 (X11; Linux x86_64) AppleWebKit/537.36 (KHTML, like Gecko) Chrome/62.0.3202.94 Safari/537.36"
10.100.5.100 - - [23/Nov/2017:14:17:41 +0530] "GET /publisher/site/themes/wso2/libs/jasny-bootstrap/dist/css/jasny-bootstrap.min.css HTTP/1.1" 200 2529 "https://172.17.0.1:9444/publisher/site/pages/login.jag?requestedPage=/publisher/manage%3Fname%3DNawalokaPatientService2%26version%3D1.0.0%26provider%3Dadmin" "Mozilla/5.0 (X11; Linux x86_64) AppleWebKit/537.36 (KHTML, like Gecko) Chrome/62.0.3202.94 Safari/537.36"
10.100.5.100 - - [23/Nov/2017:14:17:41 +0530] "GET /publisher/site/themes/wso2/css/custom.css HTTP/1.1" 200 1115 "https://172.17.0.1:9444/publisher/site/pages/login.jag?requestedPage=/publisher/manage%3Fname%3DNawalokaPatientService2%26version%3D1.0.0%26provider%3Dadmin" "Mozilla/5.0 (X11; Linux x86_64) AppleWebKit/537.36 (KHTML, like Gecko) Chrome/62.0.3202.94 Safari/537.36"
10.100.5.100 - - [23/Nov/2017:14:17:41 +0530] "GET /publisher/site/conf/locales/js/i18nResources.json HTTP/1.1" 200 12454 "https://172.17.0.1:9444/publisher/site/pages/login.jag?requestedPage=/publisher/manage%3Fname%3DNawalokaPatientService2%26version%3D1.0.0%26provider%3Dadmin" "Mozilla/5.0 (X11; Linux x86_64) AppleWebKit/537.36 (KHTML, like Gecko) Chrome/62.0.3202.94 Safari/537.36"
10.100.5.100 - - [23/Nov/2017:14:17:41 +0530] "GET /publisher/site/conf/locales/js/i18nResources.json HTTP/1.1" 200 12454 "https://172.17.0.1:9444/publisher/site/pages/login.jag?requestedPage=/publisher/manage%3Fname%3DNawalokaPatientService2%26version%3D1.0.0%26provider%3Dadmin" "Mozilla/5.0 (X11; Linux x86_64) AppleWebKit/537.36 (KHTML, like Gecko) Chrome/62.0.3202.94 Safari/537.36"
10.100.5.100 - - [23/Nov/2017:14:17:41 +0530] "GET /publisher/site/conf/locales/js/i18nResources.json HTTP/1.1" 200 12454 "https://172.17.0.1:9444/publisher/site/pages/login.jag?requestedPage=/publisher/manage%3Fname%3DNawalokaPatientService2%26version%3D1.0.0%26provider%3Dadmin" "Mozilla/5.0 (X11; Linux x86_64) AppleWebKit/537.36 (KHTML, like Gecko) Chrome/62.0.3202.94 Safari/537.36"
10.100.5.100 - - [23/Nov/2017:14:17:46 +0530] "POST /publisher/site/blocks/user/login/ajax/login.jag HTTP/1.1" 200 17 "https://172.17.0.1:9444/publisher/site/pages/login.jag?requestedPage=/publisher/manage%3Fname%3DNawalokaPatientService2%26version%3D1.0.0%26provider%3Dadmin" "Mozilla/5.0 (X11; Linux x86_64) AppleWebKit/537.36 (KHTML, like Gecko) Chrome/62.0.3202.94 Safari/537.36"
10.100.5.100 - - [23/Nov/2017:14:17:47 +0530] "GET /publisher/manage?name=NawalokaPatientService2&version=1.0.0&provider=admin HTTP/1.1" 200 13946 "https://172.17.0.1:9444/publisher/site/pages/login.jag?requestedPage=/publisher/manage%3Fname%3DNawalokaPatientService2%26version%3D1.0.0%26provider%3Dadmin" "Mozilla/5.0 (X11; Linux x86_64) AppleWebKit/537.36 (KHTML, like Gecko) Chrome/62.0.3202.94 Safari/537.36"
10.100.5.100 - - [23/Nov/2017:14:17:47 +0530] "GET /publisher/site/themes/wso2/libs/bootstrap-select/css/bootstrap-select.min.css HTTP/1.1" 200 1442 "https://172.17.0.1:9444/publisher/manage?name=NawalokaPatientService2&version=1.0.0&provider=admin" "Mozilla/5.0 (X11; Linux x86_64) AppleWebKit/537.36 (KHTML, like Gecko) Chrome/62.0.3202.94 Safari/537.36"
10.100.5.100 - - [23/Nov/2017:14:17:47 +0530] "GET /publisher/site/themes/wso2/libs/font-wso2_1.0.2/css/font-wso2.min.css HTTP/1.1" 200 2728 "https://172.17.0.1:9444/publisher/manage?name=NawalokaPatientService2&version=1.0.0&provider=admin" "Mozilla/5.0 (X11; Linux x86_64) AppleWebKit/537.36 (KHTML, like Gecko) Chrome/62.0.3202.94 Safari/537.36"
10.100.5.100 - - [23/Nov/2017:14:17:47 +0530] "GET /publisher/site/themes/wso2/css/custom.css HTTP/1.1" 200 1115 "https://172.17.0.1:9444/publisher/manage?name=NawalokaPatientService2&version=1.0.0&provider=admin" "Mozilla/5.0 (X11; Linux x86_64) AppleWebKit/537.36 (KHTML, like Gecko) Chrome/62.0.3202.94 Safari/537.36"
10.100.5.100 - - [23/Nov/2017:14:17:47 +0530] "GET /publisher/site/themes/wso2/libs/bootstrap-rating/bootstrap-rating.css HTTP/1.1" 200 210 "https://172.17.0.1:9444/publisher/manage?name=NawalokaPatientService2&version=1.0.0&provider=admin" "Mozilla/5.0 (X11; Linux x86_64) AppleWebKit/537.36 (KHTML, like Gecko) Chrome/62.0.3202.94 Safari/537.36"
10.100.5.100 - - [23/Nov/2017:14:17:47 +0530] "GET /publisher/site/themes/wso2/libs/data-tables_1.10.7/extensions/Bootstrap/css/dataTables.bootstrap.css HTTP/1.1" 200 1969 "https://172.17.0.1:9444/publisher/manage?name=NawalokaPatientService2&version=1.0.0&provider=admin" "Mozilla/5.0 (X11; Linux x86_64) AppleWebKit/537.36 (KHTML, like Gecko) Chrome/62.0.3202.94 Safari/537.36"
10.100.5.100 - - [23/Nov/2017:14:17:47 +0530] "GET /publisher/site/themes/wso2/libs/jasny-bootstrap/dist/css/jasny-bootstrap.min.css HTTP/1.1" 200 2529 "https://172.17.0.1:9444/publisher/manage?name=NawalokaPatientService2&version=1.0.0&provider=admin" "Mozilla/5.0 (X11; Linux x86_64) AppleWebKit/537.36 (KHTML, like Gecko) Chrome/62.0.3202.94 Safari/537.36"
10.100.5.100 - - [23/Nov/2017:14:17:47 +0530] "GET /publisher/site/themes/wso2/libs/theme-wso2_1.0/css/theme-wso2.css HTTP/1.1" 200 31338 "https://172.17.0.1:9444/publisher/manage?name=NawalokaPatientService2&version=1.0.0&provider=admin" "Mozilla/5.0 (X11; Linux x86_64) AppleWebKit/537.36 (KHTML, like Gecko) Chrome/62.0.3202.94 Safari/537.36"
10.100.5.100 - - [23/Nov/2017:14:17:47 +0530] "GET /publisher/site/themes/wso2/libs/data-tables_1.10.7/extensions/Responsive/css/dataTables.responsive.css HTTP/1.1" 200 656 "https://172.17.0.1:9444/publisher/manage?name=NawalokaPatientService2&version=1.0.0&provider=admin" "Mozilla/5.0 (X11; Linux x86_64) AppleWebKit/537.36 (KHTML, like Gecko) Chrome/62.0.3202.94 Safari/537.36"
10.100.5.100 - - [23/Nov/2017:14:17:47 +0530] "GET /publisher/site/themes/wso2/libs/select2_4.0.0/css/select2.min.css HTTP/1.1" 200 1959 "https://172.17.0.1:9444/publisher/manage?name=NawalokaPatientService2&version=1.0.0&provider=admin" "Mozilla/5.0 (X11; Linux x86_64) AppleWebKit/537.36 (KHTML, like Gecko) Chrome/62.0.3202.94 Safari/537.36"
10.100.5.100 - - [23/Nov/2017:14:17:47 +0530] "GET /publisher/site/themes/wso2/libs/enjoyhint-3.1.0/enjoyhint.css HTTP/1.1" 200 1261 "https://172.17.0.1:9444/publisher/manage?name=NawalokaPatientService2&version=1.0.0&provider=admin" "Mozilla/5.0 (X11; Linux x86_64) AppleWebKit/537.36 (KHTML, like Gecko) Chrome/62.0.3202.94 Safari/537.36"
10.100.5.100 - - [23/Nov/2017:14:17:47 +0530] "GET /publisher/site/themes/wso2/libs/enjoyhint-3.1.0/src/jquery.enjoyhint.css HTTP/1.1" 200 1287 "https://172.17.0.1:9444/publisher/manage?name=NawalokaPatientService2&version=1.0.0&provider=admin" "Mozilla/5.0 (X11; Linux x86_64) AppleWebKit/537.36 (KHTML, like Gecko) Chrome/62.0.3202.94 Safari/537.36"
10.100.5.100 - - [23/Nov/2017:14:17:47 +0530] "GET /publisher/site/themes/wso2/templates/item-design/css/api-designer.css HTTP/1.1" 200 1410 "https://172.17.0.1:9444/publisher/manage?name=NawalokaPatientService2&version=1.0.0&provider=admin" "Mozilla/5.0 (X11; Linux x86_64) AppleWebKit/537.36 (KHTML, like Gecko) Chrome/62.0.3202.94 Safari/537.36"
10.100.5.100 - - [23/Nov/2017:14:17:47 +0530] "GET /publisher/site/themes/wso2/libs/bootstrap3-editable/css/bootstrap-editable.css HTTP/1.1" 200 3553 "https://172.17.0.1:9444/publisher/manage?name=NawalokaPatientService2&version=1.0.0&provider=admin" "Mozilla/5.0 (X11; Linux x86_64) AppleWebKit/537.36 (KHTML, like Gecko) Chrome/62.0.3202.94 Safari/537.36"
10.100.5.100 - - [23/Nov/2017:14:17:47 +0530] "GET /publisher/site/conf/locales/js/i18nResources.json HTTP/1.1" 200 12454 "https://172.17.0.1:9444/publisher/manage?name=NawalokaPatientService2&version=1.0.0&provider=admin" "Mozilla/5.0 (X11; Linux x86_64) AppleWebKit/537.36 (KHTML, like Gecko) Chrome/62.0.3202.94 Safari/537.36"
10.100.5.100 - - [23/Nov/2017:14:17:47 +0530] "GET /publisher/site/conf/locales/js/i18nResources.json HTTP/1.1" 200 12454 "https://172.17.0.1:9444/publisher/manage?name=NawalokaPatientService2&version=1.0.0&provider=admin" "Mozilla/5.0 (X11; Linux x86_64) AppleWebKit/537.36 (KHTML, like Gecko) Chrome/62.0.3202.94 Safari/537.36"
10.100.5.100 - - [23/Nov/2017:14:17:47 +0530] "GET /publisher/site/conf/locales/js/i18nResources.json HTTP/1.1" 200 12454 "https://172.17.0.1:9444/publisher/manage?name=NawalokaPatientService2&version=1.0.0&provider=admin" "Mozilla/5.0 (X11; Linux x86_64) AppleWebKit/537.36 (KHTML, like Gecko) Chrome/62.0.3202.94 Safari/537.36"
10.100.5.100 - - [23/Nov/2017:14:17:47 +0530] "GET /publisher/site/blocks/item-design/ajax/add.jag?name=NawalokaPatientService2&version=1.0.0&provider=admin&action=swagger HTTP/1.1" 200 1632 "https://172.17.0.1:9444/publisher/manage?name=NawalokaPatientService2&version=1.0.0&provider=admin" "Mozilla/5.0 (X11; Linux x86_64) AppleWebKit/537.36 (KHTML, like Gecko) Chrome/62.0.3202.94 Safari/537.36"
10.100.5.100 - - [23/Nov/2017:14:17:47 +0530] "POST /publisher/site/blocks/item-design/ajax/add.jag HTTP/1.1" 200 32 "https://172.17.0.1:9444/publisher/manage?name=NawalokaPatientService2&version=1.0.0&provider=admin" "Mozilla/5.0 (X11; Linux x86_64) AppleWebKit/537.36 (KHTML, like Gecko) Chrome/62.0.3202.94 Safari/537.36"
127.0.0.1 - - [23/Nov/2017:14:18:00 +0530] "POST /services/AuthenticationAdmin HTTP/1.1" 200 299 "-" "Axis2"
127.0.0.1 - - [23/Nov/2017:14:18:00 +0530] "POST /services/APIGatewayAdmin HTTP/1.1" 200 7198 "-" "Axis2"
127.0.0.1 - - [23/Nov/2017:14:18:00 +0530] "POST /services/AuthenticationAdmin HTTP/1.1" 200 299 "-" "Axis2"
127.0.0.1 - - [23/Nov/2017:14:18:00 +0530] "POST /services/APIGatewayAdmin HTTP/1.1" 200 7198 "-" "Axis2"
127.0.0.1 - - [23/Nov/2017:14:18:00 +0530] "POST /services/AuthenticationAdmin HTTP/1.1" 200 299 "-" "Axis2"
127.0.0.1 - - [23/Nov/2017:14:18:00 +0530] "POST /services/APIGatewayAdmin HTTP/1.1" 200 7198 "-" "Axis2"
127.0.0.1 - - [23/Nov/2017:14:18:01 +0530] "POST /services/APIGatewayAdmin HTTP/1.1" 200 301 "-" "Axis2"
127.0.0.1 - - [23/Nov/2017:14:18:01 +0530] "POST /services/AuthenticationAdmin HTTP/1.1" 200 299 "-" "Axis2"
127.0.0.1 - - [23/Nov/2017:14:18:01 +0530] "POST /services/APIGatewayAdmin HTTP/1.1" 200 7198 "-" "Axis2"
127.0.0.1 - - [23/Nov/2017:14:18:01 +0530] "POST /services/AuthenticationAdmin HTTP/1.1" 200 299 "-" "Axis2"
127.0.0.1 - - [23/Nov/2017:14:18:01 +0530] "POST /services/APIAuthenticationService HTTP/1.1" 202 5 "-" "Axis2"
127.0.0.1 - - [23/Nov/2017:14:18:01 +0530] "POST /services/APIAuthenticationService HTTP/1.1" 202 5 "-" "Axis2"
127.0.0.1 - - [23/Nov/2017:14:18:01 +0530] "POST /services/APIAuthenticationService HTTP/1.1" 202 5 "-" "Axis2"
127.0.0.1 - - [23/Nov/2017:14:18:01 +0530] "POST /services/APIAuthenticationService HTTP/1.1" 202 5 "-" "Axis2"
10.100.5.100 - - [23/Nov/2017:14:18:01 +0530] "POST /publisher/site/blocks/item-design/ajax/add.jag?name=NawalokaPatientService2&version=1.0.0&provider=admin&action=manage HTTP/1.1" 200 110 "https://172.17.0.1:9444/publisher/manage?name=NawalokaPatientService2&version=1.0.0&provider=admin" "Mozilla/5.0 (X11; Linux x86_64) AppleWebKit/537.36 (KHTML, like Gecko) Chrome/62.0.3202.94 Safari/537.36"
10.100.5.100 - - [23/Nov/2017:14:18:01 +0530] "POST /publisher/site/blocks/life-cycles/ajax/life-cycles.jag HTTP/1.1" 200 325 "https://172.17.0.1:9444/publisher/manage?name=NawalokaPatientService2&version=1.0.0&provider=admin" "Mozilla/5.0 (X11; Linux x86_64) AppleWebKit/537.36 (KHTML, like Gecko) Chrome/62.0.3202.94 Safari/537.36"
10.100.5.100 - - [23/Nov/2017:14:18:13 +0530] "GET /store/apis/info?name=NawalokaPatientService2&version=1.0.0&provider=admin HTTP/1.1" 200 10385 "https://172.17.0.1:9444/store/site/pages/login.jag" "Mozilla/5.0 (X11; Linux x86_64) AppleWebKit/537.36 (KHTML, like Gecko) Chrome/62.0.3202.94 Safari/537.36"
10.100.5.100 - - [23/Nov/2017:14:18:13 +0530] "GET /store/site/themes/wso2/libs/bootstrap_3.3.5/css/bootstrap.min.css HTTP/1.1" 200 20162 "https://172.17.0.1:9444/store/apis/info?name=NawalokaPatientService2&version=1.0.0&provider=admin" "Mozilla/5.0 (X11; Linux x86_64) AppleWebKit/537.36 (KHTML, like Gecko) Chrome/62.0.3202.94 Safari/537.36"
10.100.5.100 - - [23/Nov/2017:14:18:13 +0530] "GET /store/site/themes/wso2/libs/font-wso2_1.0.2/css/font-wso2.min.css HTTP/1.1" 200 2728 "https://172.17.0.1:9444/store/apis/info?name=NawalokaPatientService2&version=1.0.0&provider=admin" "Mozilla/5.0 (X11; Linux x86_64) AppleWebKit/537.36 (KHTML, like Gecko) Chrome/62.0.3202.94 Safari/537.36"
10.100.5.100 - - [23/Nov/2017:14:18:13 +0530] "GET /store/site/themes/wso2/libs/bootstrap-select/css/bootstrap-select.min.css HTTP/1.1" 200 1511 "https://172.17.0.1:9444/store/apis/info?name=NawalokaPatientService2&version=1.0.0&provider=admin" "Mozilla/5.0 (X11; Linux x86_64) AppleWebKit/537.36 (KHTML, like Gecko) Chrome/62.0.3202.94 Safari/537.36"
10.100.5.100 - - [23/Nov/2017:14:18:13 +0530] "GET /store/site/themes/wso2/libs/font-awesome/css/font-awesome.min.css HTTP/1.1" 200 5529 "https://172.17.0.1:9444/store/apis/info?name=NawalokaPatientService2&version=1.0.0&provider=admin" "Mozilla/5.0 (X11; Linux x86_64) AppleWebKit/537.36 (KHTML, like Gecko) Chrome/62.0.3202.94 Safari/537.36"
10.100.5.100 - - [23/Nov/2017:14:18:13 +0530] "GET /store/site/themes/wso2/libs/data-tables_1.10.7/extensions/Bootstrap/css/dataTables.bootstrap.css HTTP/1.1" 200 1969 "https://172.17.0.1:9444/store/apis/info?name=NawalokaPatientService2&version=1.0.0&provider=admin" "Mozilla/5.0 (X11; Linux x86_64) AppleWebKit/537.36 (KHTML, like Gecko) Chrome/62.0.3202.94 Safari/537.36"
10.100.5.100 - - [23/Nov/2017:14:18:13 +0530] "GET /store/site/themes/wso2/css/custom.css HTTP/1.1" 200 2938 "https://172.17.0.1:9444/store/apis/info?name=NawalokaPatientService2&version=1.0.0&provider=admin" "Mozilla/5.0 (X11; Linux x86_64) AppleWebKit/537.36 (KHTML, like Gecko) Chrome/62.0.3202.94 Safari/537.36"
10.100.5.100 - - [23/Nov/2017:14:18:13 +0530] "GET /store/site/themes/wso2/libs/bootstrap-rating/bootstrap-rating.css HTTP/1.1" 200 210 "https://172.17.0.1:9444/store/apis/info?name=NawalokaPatientService2&version=1.0.0&provider=admin" "Mozilla/5.0 (X11; Linux x86_64) AppleWebKit/537.36 (KHTML, like Gecko) Chrome/62.0.3202.94 Safari/537.36"
10.100.5.100 - - [23/Nov/2017:14:18:13 +0530] "GET /store/site/themes/wso2/libs/theme-wso2_1.0/css/theme-wso2.css HTTP/1.1" 200 32108 "https://172.17.0.1:9444/store/apis/info?name=NawalokaPatientService2&version=1.0.0&provider=admin" "Mozilla/5.0 (X11; Linux x86_64) AppleWebKit/537.36 (KHTML, like Gecko) Chrome/62.0.3202.94 Safari/537.36"
10.100.5.100 - - [23/Nov/2017:14:18:13 +0530] "GET /store/site/themes/wso2/libs/data-tables_1.10.7/extensions/Responsive/css/dataTables.responsive.css HTTP/1.1" 200 656 "https://172.17.0.1:9444/store/apis/info?name=NawalokaPatientService2&version=1.0.0&provider=admin" "Mozilla/5.0 (X11; Linux x86_64) AppleWebKit/537.36 (KHTML, like Gecko) Chrome/62.0.3202.94 Safari/537.36"
10.100.5.100 - - [23/Nov/2017:14:18:13 +0530] "GET /store/site/themes/wso2/libs/enjoyhint-3.1.0/src/jquery.enjoyhint.css HTTP/1.1" 200 1287 "https://172.17.0.1:9444/store/apis/info?name=NawalokaPatientService2&version=1.0.0&provider=admin" "Mozilla/5.0 (X11; Linux x86_64) AppleWebKit/537.36 (KHTML, like Gecko) Chrome/62.0.3202.94 Safari/537.36"
10.100.5.100 - - [23/Nov/2017:14:18:13 +0530] "GET /store/site/themes/wso2/templates/api/swagger/swagger/css/screen.css HTTP/1.1" 200 5661 "https://172.17.0.1:9444/store/apis/info?name=NawalokaPatientService2&version=1.0.0&provider=admin" "Mozilla/5.0 (X11; Linux x86_64) AppleWebKit/537.36 (KHTML, like Gecko) Chrome/62.0.3202.94 Safari/537.36"
10.100.5.100 - - [23/Nov/2017:14:18:13 +0530] "GET /store/site/themes/wso2/templates/forum/css/summernote.css HTTP/1.1" 200 2006 "https://172.17.0.1:9444/store/apis/info?name=NawalokaPatientService2&version=1.0.0&provider=admin" "Mozilla/5.0 (X11; Linux x86_64) AppleWebKit/537.36 (KHTML, like Gecko) Chrome/62.0.3202.94 Safari/537.36"
10.100.5.100 - - [23/Nov/2017:14:18:14 +0530] "GET /store/site/themes/wso2/libs/enjoyhint-3.1.0/enjoyhint.css HTTP/1.1" 200 1262 "https://172.17.0.1:9444/store/apis/info?name=NawalokaPatientService2&version=1.0.0&provider=admin" "Mozilla/5.0 (X11; Linux x86_64) AppleWebKit/537.36 (KHTML, like Gecko) Chrome/62.0.3202.94 Safari/537.36"
10.100.5.100 - - [23/Nov/2017:14:18:14 +0530] "GET /store/site/conf/locales/js/i18nResources.json HTTP/1.1" 200 9741 "https://172.17.0.1:9444/store/apis/info?name=NawalokaPatientService2&version=1.0.0&provider=admin" "Mozilla/5.0 (X11; Linux x86_64) AppleWebKit/537.36 (KHTML, like Gecko) Chrome/62.0.3202.94 Safari/537.36"
10.100.5.100 - - [23/Nov/2017:14:18:14 +0530] "GET /store/site/conf/locales/js/i18nResources.json HTTP/1.1" 200 9741 "https://172.17.0.1:9444/store/apis/info?name=NawalokaPatientService2&version=1.0.0&provider=admin" "Mozilla/5.0 (X11; Linux x86_64) AppleWebKit/537.36 (KHTML, like Gecko) Chrome/62.0.3202.94 Safari/537.36"
10.100.5.100 - - [23/Nov/2017:14:18:14 +0530] "GET /store/site/conf/locales/js/i18nResources.json HTTP/1.1" 200 9741 "https://172.17.0.1:9444/store/apis/info?name=NawalokaPatientService2&version=1.0.0&provider=admin" "Mozilla/5.0 (X11; Linux x86_64) AppleWebKit/537.36 (KHTML, like Gecko) Chrome/62.0.3202.94 Safari/537.36"
10.100.5.100 - - [23/Nov/2017:14:18:14 +0530] "GET /store/site/themes/wso2/images/favicon-store.png HTTP/1.1" 200 681 "https://172.17.0.1:9444/store/apis/info?name=NawalokaPatientService2&version=1.0.0&provider=admin" "Mozilla/5.0 (X11; Linux x86_64) AppleWebKit/537.36 (KHTML, like Gecko) Chrome/62.0.3202.94 Safari/537.36"
10.100.5.100 - - [23/Nov/2017:14:18:14 +0530] "POST /store/site/blocks/comment/comment-add/ajax/comment-add.jag HTTP/1.1" 200 33 "https://172.17.0.1:9444/store/apis/info?name=NawalokaPatientService2&version=1.0.0&provider=admin" "Mozilla/5.0 (X11; Linux x86_64) AppleWebKit/537.36 (KHTML, like Gecko) Chrome/62.0.3202.94 Safari/537.36"
10.100.5.100 - - [23/Nov/2017:14:18:14 +0530] "GET /store/forum/api/topic?parentId=admin%3ANawalokaPatientService2%3A1.0.0&page=1 HTTP/1.1" 200 44 "https://172.17.0.1:9444/store/apis/info?name=NawalokaPatientService2&version=1.0.0&provider=admin" "Mozilla/5.0 (X11; Linux x86_64) AppleWebKit/537.36 (KHTML, like Gecko) Chrome/62.0.3202.94 Safari/537.36"
10.100.5.100 - - [23/Nov/2017:14:18:14 +0530] "GET /store/api-docs/admin/NawalokaPatientService2/1.0.0?envName=undefined HTTP/1.1" 200 2140 "https://172.17.0.1:9444/store/apis/info?name=NawalokaPatientService2&version=1.0.0&provider=admin" "Mozilla/5.0 (X11; Linux x86_64) AppleWebKit/537.36 (KHTML, like Gecko) Chrome/62.0.3202.94 Safari/537.36"
10.100.5.100 - - [23/Nov/2017:14:18:14 +0530] "GET /store/api-docs/admin/NawalokaPatientService2/1.0.0 HTTP/1.1" 200 2140 "https://172.17.0.1:9444/store/apis/info?name=NawalokaPatientService2&version=1.0.0&provider=admin" "Mozilla/5.0 (X11; Linux x86_64) AppleWebKit/537.36 (KHTML, like Gecko) Chrome/62.0.3202.94 Safari/537.36"
10.100.5.100 - - [23/Nov/2017:14:18:17 +0530] "GET /store/site/themes/wso2/libs/theme-wso2_1.0/fonts/Roboto/Roboto-LightItalic.woff2 HTTP/1.1" 404 247 "https://172.17.0.1:9444/store/site/themes/wso2/libs/theme-wso2_1.0/css/theme-wso2.css" "Mozilla/5.0 (X11; Linux x86_64) AppleWebKit/537.36 (KHTML, like Gecko) Chrome/62.0.3202.94 Safari/537.36"
10.100.5.100 - - [23/Nov/2017:14:18:17 +0530] "GET /store/site/themes/wso2/libs/theme-wso2_1.0/fonts/Roboto/Roboto-LightItalic.woff HTTP/1.1" 404 247 "https://172.17.0.1:9444/store/site/themes/wso2/libs/theme-wso2_1.0/css/theme-wso2.css" "Mozilla/5.0 (X11; Linux x86_64) AppleWebKit/537.36 (KHTML, like Gecko) Chrome/62.0.3202.94 Safari/537.36"
10.100.5.100 - - [23/Nov/2017:14:18:17 +0530] "GET /store/site/themes/wso2/libs/theme-wso2_1.0/fonts/Roboto/Roboto-LightItalic.ttf HTTP/1.1" 404 247 "https://172.17.0.1:9444/store/site/themes/wso2/libs/theme-wso2_1.0/css/theme-wso2.css" "Mozilla/5.0 (X11; Linux x86_64) AppleWebKit/537.36 (KHTML, like Gecko) Chrome/62.0.3202.94 Safari/537.36"
- 10.100.5.100  - [23/Nov/2017:14:18:26 +0530] "- - " 200 - "-" "-"
- 127.0.1.1  - [23/Nov/2017:14:18:26 +0530] "- - " 200 - "-" "-"
- 10.100.5.100  - [23/Nov/2017:14:18:26 +0530] "- - " 200 - "-" "-"
- 127.0.1.1  - [23/Nov/2017:14:18:28 +0530] "- - " 200 - "-" "-"
- 10.100.5.100  - [23/Nov/2017:14:18:28 +0530] "- - " 200 - "-" "-"
- 127.0.1.1  - [23/Nov/2017:14:18:28 +0530] "- - " 200 - "-" "-"
- 10.100.5.100 - - [23/Nov/2017:14:18:26 +0530] "OPTIONS /nawaloka2/1.0.0/read?PatientId=sample1%40sample.com HTTP/1.1" - - "-" "Mozilla/5.0 (X11; Linux x86_64) AppleWebKit/537.36 (KHTML, like Gecko) Chrome/62.0.3202.94 Safari/537.36"
- 10.100.5.100 - - [23/Nov/2017:14:18:26 +0530] "GET /nawaloka2/1.0.0/read?PatientId=sample1%40sample.com HTTP/1.1" - - "https://172.17.0.1:9444/store/apis/info?name=NawalokaPatientService2&version=1.0.0&provider=admin" "Mozilla/5.0 (X11; Linux x86_64) AppleWebKit/537.36 (KHTML, like Gecko) Chrome/62.0.3202.94 Safari/537.36"
- 127.0.1.1 - - [23/Nov/2017:14:18:26 +0530] "GET /services/ModifiedSEcuredESBResource/read?PatientId=sample1%40sample.com HTTP/1.1" - - "https://172.17.0.1:9444/store/apis/info?name=NawalokaPatientService2&version=1.0.0&provider=admin" "Synapse-PT-HttpComponents-NIO"
- 10.100.5.100 - - [23/Nov/2017:14:18:28 +0530] "GET /nawaloka2/1.0.0/read?PatientId=sample1%40sample.com HTTP/1.1" - - "https://172.17.0.1:9444/store/apis/info?name=NawalokaPatientService2&version=1.0.0&provider=admin" "Mozilla/5.0 (X11; Linux x86_64) AppleWebKit/537.36 (KHTML, like Gecko) Chrome/62.0.3202.94 Safari/537.36"
- 127.0.1.1 - - [23/Nov/2017:14:18:28 +0530] "GET /services/ModifiedSEcuredESBResource/read?PatientId=sample1%40sample.com HTTP/1.1" - - "https://172.17.0.1:9444/store/apis/info?name=NawalokaPatientService2&version=1.0.0&provider=admin" "Synapse-PT-HttpComponents-NIO"
- 10.100.5.100 - - [23/Nov/2017:14:18:28 +0530] "GET /nawaloka2/1.0.0/read?PatientId=sample1%40sample.com HTTP/1.1" - - "https://172.17.0.1:9444/store/apis/info?name=NawalokaPatientService2&version=1.0.0&provider=admin" "Mozilla/5.0 (X11; Linux x86_64) AppleWebKit/537.36 (KHTML, like Gecko) Chrome/62.0.3202.94 Safari/537.36"
- 127.0.1.1 - - [23/Nov/2017:14:18:28 +0530] "GET /services/ModifiedSEcuredESBResource/read?PatientId=sample1%40sample.com HTTP/1.1" - - "https://172.17.0.1:9444/store/apis/info?name=NawalokaPatientService2&version=1.0.0&provider=admin" "Synapse-PT-HttpComponents-NIO"
- 10.100.5.100 - - [23/Nov/2017:14:18:29 +0530] "GET /nawaloka2/1.0.0/read?PatientId=sample1%40sample.com HTTP/1.1" - - "https://172.17.0.1:9444/store/apis/info?name=NawalokaPatientService2&version=1.0.0&provider=admin" "Mozilla/5.0 (X11; Linux x86_64) AppleWebKit/537.36 (KHTML, like Gecko) Chrome/62.0.3202.94 Safari/537.36"
- 127.0.1.1 - - [23/Nov/2017:14:18:29 +0530] "GET /services/ModifiedSEcuredESBResource/read?PatientId=sample1%40sample.com HTTP/1.1" - - "https://172.17.0.1:9444/store/apis/info?name=NawalokaPatientService2&version=1.0.0&provider=admin" "Synapse-PT-HttpComponents-NIO"
- 10.100.5.100 - - [23/Nov/2017:14:18:29 +0530] "GET /nawaloka2/1.0.0/read?PatientId=sample1%40sample.com HTTP/1.1" - - "https://172.17.0.1:9444/store/apis/info?name=NawalokaPatientService2&version=1.0.0&provider=admin" "Mozilla/5.0 (X11; Linux x86_64) AppleWebKit/537.36 (KHTML, like Gecko) Chrome/62.0.3202.94 Safari/537.36"
- 127.0.1.1 - - [23/Nov/2017:14:18:29 +0530] "GET /services/ModifiedSEcuredESBResource/read?PatientId=sample1%40sample.com HTTP/1.1" - - "https://172.17.0.1:9444/store/apis/info?name=NawalokaPatientService2&version=1.0.0&provider=admin" "Synapse-PT-HttpComponents-NIO"
- 10.100.5.100 - - [23/Nov/2017:14:18:31 +0530] "GET /nawaloka2/1.0.0/read?PatientId=sample1%40sample.com HTTP/1.1" - - "https://172.17.0.1:9444/store/apis/info?name=NawalokaPatientService2&version=1.0.0&provider=admin" "Mozilla/5.0 (X11; Linux x86_64) AppleWebKit/537.36 (KHTML, like Gecko) Chrome/62.0.3202.94 Safari/537.36"
- 127.0.1.1 - - [23/Nov/2017:14:18:31 +0530] "GET /services/ModifiedSEcuredESBResource/read?PatientId=sample1%40sample.com HTTP/1.1" - - "https://172.17.0.1:9444/store/apis/info?name=NawalokaPatientService2&version=1.0.0&provider=admin" "Synapse-PT-HttpComponents-NIO"
- 10.100.5.100 - - [23/Nov/2017:14:18:39 +0530] "OPTIONS /nawaloka2/1.0.0/read?PatientId=sample1%40sample.com HTTP/1.1" - - "-" "Mozilla/5.0 (X11; Linux x86_64) AppleWebKit/537.36 (KHTML, like Gecko) Chrome/62.0.3202.94 Safari/537.36"
- 10.100.5.100 - - [23/Nov/2017:14:18:39 +0530] "GET /nawaloka2/1.0.0/read?PatientId=sample1%40sample.com HTTP/1.1" - - "https://172.17.0.1:9444/store/apis/info?name=NawalokaPatientService2&version=1.0.0&provider=admin" "Mozilla/5.0 (X11; Linux x86_64) AppleWebKit/537.36 (KHTML, like Gecko) Chrome/62.0.3202.94 Safari/537.36"
