10.100.5.100 - - [16/Nov/2017:11:27:06 +0530] "GET /store/site/themes/wso2/libs/font-awesome/css/font-awesome.min.css HTTP/1.1" 200 5529 "https://172.17.0.1:9444/store/apis/info?name=NawalokaPatientService&version=1.0.0&provider=admin" "Mozilla/5.0 (X11; Linux x86_64) AppleWebKit/537.36 (KHTML, like Gecko) Chrome/62.0.3202.94 Safari/537.36"
10.100.5.100 - - [16/Nov/2017:11:27:06 +0530] "GET /store/site/themes/wso2/libs/theme-wso2_1.0/css/theme-wso2.css HTTP/1.1" 200 32108 "https://172.17.0.1:9444/store/apis/info?name=NawalokaPatientService&version=1.0.0&provider=admin" "Mozilla/5.0 (X11; Linux x86_64) AppleWebKit/537.36 (KHTML, like Gecko) Chrome/62.0.3202.94 Safari/537.36"
10.100.5.100 - - [16/Nov/2017:11:27:06 +0530] "GET /store/site/themes/wso2/libs/bootstrap-rating/bootstrap-rating.css HTTP/1.1" 200 210 "https://172.17.0.1:9444/store/apis/info?name=NawalokaPatientService&version=1.0.0&provider=admin" "Mozilla/5.0 (X11; Linux x86_64) AppleWebKit/537.36 (KHTML, like Gecko) Chrome/62.0.3202.94 Safari/537.36"
10.100.5.100 - - [16/Nov/2017:11:27:06 +0530] "GET /store/site/themes/wso2/css/custom.css HTTP/1.1" 200 2938 "https://172.17.0.1:9444/store/apis/info?name=NawalokaPatientService&version=1.0.0&provider=admin" "Mozilla/5.0 (X11; Linux x86_64) AppleWebKit/537.36 (KHTML, like Gecko) Chrome/62.0.3202.94 Safari/537.36"
10.100.5.100 - - [16/Nov/2017:11:27:06 +0530] "GET /store/site/themes/wso2/libs/data-tables_1.10.7/extensions/Bootstrap/css/dataTables.bootstrap.css HTTP/1.1" 200 1969 "https://172.17.0.1:9444/store/apis/info?name=NawalokaPatientService&version=1.0.0&provider=admin" "Mozilla/5.0 (X11; Linux x86_64) AppleWebKit/537.36 (KHTML, like Gecko) Chrome/62.0.3202.94 Safari/537.36"
10.100.5.100 - - [16/Nov/2017:11:27:06 +0530] "GET /store/site/themes/wso2/libs/enjoyhint-3.1.0/src/jquery.enjoyhint.css HTTP/1.1" 200 1287 "https://172.17.0.1:9444/store/apis/info?name=NawalokaPatientService&version=1.0.0&provider=admin" "Mozilla/5.0 (X11; Linux x86_64) AppleWebKit/537.36 (KHTML, like Gecko) Chrome/62.0.3202.94 Safari/537.36"
10.100.5.100 - - [16/Nov/2017:11:27:06 +0530] "GET /store/site/themes/wso2/libs/enjoyhint-3.1.0/enjoyhint.css HTTP/1.1" 200 1262 "https://172.17.0.1:9444/store/apis/info?name=NawalokaPatientService&version=1.0.0&provider=admin" "Mozilla/5.0 (X11; Linux x86_64) AppleWebKit/537.36 (KHTML, like Gecko) Chrome/62.0.3202.94 Safari/537.36"
10.100.5.100 - - [16/Nov/2017:11:27:06 +0530] "GET /store/site/themes/wso2/templates/forum/css/summernote.css HTTP/1.1" 200 2006 "https://172.17.0.1:9444/store/apis/info?name=NawalokaPatientService&version=1.0.0&provider=admin" "Mozilla/5.0 (X11; Linux x86_64) AppleWebKit/537.36 (KHTML, like Gecko) Chrome/62.0.3202.94 Safari/537.36"
10.100.5.100 - - [16/Nov/2017:11:27:06 +0530] "GET /store/site/themes/wso2/templates/api/overview/js/overview.js HTTP/1.1" 200 772 "https://172.17.0.1:9444/store/apis/info?name=NawalokaPatientService&version=1.0.0&provider=admin" "Mozilla/5.0 (X11; Linux x86_64) AppleWebKit/537.36 (KHTML, like Gecko) Chrome/62.0.3202.94 Safari/537.36"
10.100.5.100 - - [16/Nov/2017:11:27:06 +0530] "GET /store/site/themes/wso2/templates/api/overview/js/jquery.sharrre.js HTTP/1.1" 200 6361 "https://172.17.0.1:9444/store/apis/info?name=NawalokaPatientService&version=1.0.0&provider=admin" "Mozilla/5.0 (X11; Linux x86_64) AppleWebKit/537.36 (KHTML, like Gecko) Chrome/62.0.3202.94 Safari/537.36"
10.100.5.100 - - [16/Nov/2017:11:27:06 +0530] "GET /store/site/themes/wso2/templates/api/swagger/swagger/css/screen.css HTTP/1.1" 200 5661 "https://172.17.0.1:9444/store/apis/info?name=NawalokaPatientService&version=1.0.0&provider=admin" "Mozilla/5.0 (X11; Linux x86_64) AppleWebKit/537.36 (KHTML, like Gecko) Chrome/62.0.3202.94 Safari/537.36"
10.100.5.100 - - [16/Nov/2017:11:27:06 +0530] "GET /store/site/themes/wso2/libs/data-tables_1.10.7/extensions/Responsive/css/dataTables.responsive.css HTTP/1.1" 200 656 "https://172.17.0.1:9444/store/apis/info?name=NawalokaPatientService&version=1.0.0&provider=admin" "Mozilla/5.0 (X11; Linux x86_64) AppleWebKit/537.36 (KHTML, like Gecko) Chrome/62.0.3202.94 Safari/537.36"
10.100.5.100 - - [16/Nov/2017:11:27:06 +0530] "GET /store/site/themes/wso2/templates/api/swagger/swagger/lib/jquery.wiggle.min.js HTTP/1.1" 200 536 "https://172.17.0.1:9444/store/apis/info?name=NawalokaPatientService&version=1.0.0&provider=admin" "Mozilla/5.0 (X11; Linux x86_64) AppleWebKit/537.36 (KHTML, like Gecko) Chrome/62.0.3202.94 Safari/537.36"
10.100.5.100 - - [16/Nov/2017:11:27:06 +0530] "GET /store/site/themes/wso2/templates/api/swagger/swagger/lib/jquery.ba-bbq.min.js HTTP/1.1" 200 1818 "https://172.17.0.1:9444/store/apis/info?name=NawalokaPatientService&version=1.0.0&provider=admin" "Mozilla/5.0 (X11; Linux x86_64) AppleWebKit/537.36 (KHTML, like Gecko) Chrome/62.0.3202.94 Safari/537.36"
10.100.5.100 - - [16/Nov/2017:11:27:06 +0530] "GET /store/site/themes/wso2/templates/api/swagger/swagger/lib/jquery.slideto.min.js HTTP/1.1" 200 365 "https://172.17.0.1:9444/store/apis/info?name=NawalokaPatientService&version=1.0.0&provider=admin" "Mozilla/5.0 (X11; Linux x86_64) AppleWebKit/537.36 (KHTML, like Gecko) Chrome/62.0.3202.94 Safari/537.36"
10.100.5.100 - - [16/Nov/2017:11:27:06 +0530] "GET /store/site/themes/wso2/templates/api/swagger/swagger/lib/object-assign-pollyfill.js HTTP/1.1" 200 349 "https://172.17.0.1:9444/store/apis/info?name=NawalokaPatientService&version=1.0.0&provider=admin" "Mozilla/5.0 (X11; Linux x86_64) AppleWebKit/537.36 (KHTML, like Gecko) Chrome/62.0.3202.94 Safari/537.36"
10.100.5.100 - - [16/Nov/2017:11:27:06 +0530] "GET /store/site/themes/wso2/templates/comment/comment-add/js/comment-add.js HTTP/1.1" 200 1783 "https://172.17.0.1:9444/store/apis/info?name=NawalokaPatientService&version=1.0.0&provider=admin" "Mozilla/5.0 (X11; Linux x86_64) AppleWebKit/537.36 (KHTML, like Gecko) Chrome/62.0.3202.94 Safari/537.36"
10.100.5.100 - - [16/Nov/2017:11:27:06 +0530] "GET /store/site/themes/wso2/templates/api/swagger/swagger/lib/js-yaml.min.js HTTP/1.1" 200 13819 "https://172.17.0.1:9444/store/apis/info?name=NawalokaPatientService&version=1.0.0&provider=admin" "Mozilla/5.0 (X11; Linux x86_64) AppleWebKit/537.36 (KHTML, like Gecko) Chrome/62.0.3202.94 Safari/537.36"
10.100.5.100 - - [16/Nov/2017:11:27:06 +0530] "GET /store/site/themes/wso2/templates/api/swagger/swagger/lib/lodash.min.js HTTP/1.1" 200 19256 "https://172.17.0.1:9444/store/apis/info?name=NawalokaPatientService&version=1.0.0&provider=admin" "Mozilla/5.0 (X11; Linux x86_64) AppleWebKit/537.36 (KHTML, like Gecko) Chrome/62.0.3202.94 Safari/537.36"
10.100.5.100 - - [16/Nov/2017:11:27:06 +0530] "GET /store/site/themes/wso2/templates/api/swagger/swagger/lib/highlight.9.1.0.pack_extended.js HTTP/1.1" 200 310 "https://172.17.0.1:9444/store/apis/info?name=NawalokaPatientService&version=1.0.0&provider=admin" "Mozilla/5.0 (X11; Linux x86_64) AppleWebKit/537.36 (KHTML, like Gecko) Chrome/62.0.3202.94 Safari/537.36"
10.100.5.100 - - [16/Nov/2017:11:27:06 +0530] "GET /store/site/themes/wso2/templates/api/swagger/swagger/lib/backbone-min.js HTTP/1.1" 200 6758 "https://172.17.0.1:9444/store/apis/info?name=NawalokaPatientService&version=1.0.0&provider=admin" "Mozilla/5.0 (X11; Linux x86_64) AppleWebKit/537.36 (KHTML, like Gecko) Chrome/62.0.3202.94 Safari/537.36"
10.100.5.100 - - [16/Nov/2017:11:27:06 +0530] "GET /store/site/themes/wso2/templates/api/swagger/swagger/lib/highlight.9.1.0.pack.js HTTP/1.1" 200 5042 "https://172.17.0.1:9444/store/apis/info?name=NawalokaPatientService&version=1.0.0&provider=admin" "Mozilla/5.0 (X11; Linux x86_64) AppleWebKit/537.36 (KHTML, like Gecko) Chrome/62.0.3202.94 Safari/537.36"
10.100.5.100 - - [16/Nov/2017:11:27:06 +0530] "GET /store/site/themes/wso2/templates/ui/tab/js/init-tabs.js HTTP/1.1" 200 177 "https://172.17.0.1:9444/store/apis/info?name=NawalokaPatientService&version=1.0.0&provider=admin" "Mozilla/5.0 (X11; Linux x86_64) AppleWebKit/537.36 (KHTML, like Gecko) Chrome/62.0.3202.94 Safari/537.36"
10.100.5.100 - - [16/Nov/2017:11:27:06 +0530] "GET /store/site/themes/wso2/templates/api/swagger/swagger/lib/marked.js HTTP/1.1" 200 5186 "https://172.17.0.1:9444/store/apis/info?name=NawalokaPatientService&version=1.0.0&provider=admin" "Mozilla/5.0 (X11; Linux x86_64) AppleWebKit/537.36 (KHTML, like Gecko) Chrome/62.0.3202.94 Safari/537.36"
10.100.5.100 - - [16/Nov/2017:11:27:06 +0530] "GET /store/site/themes/wso2/templates/api/swagger/swagger/lib/swagger-oauth.js HTTP/1.1" 200 2542 "https://172.17.0.1:9444/store/apis/info?name=NawalokaPatientService&version=1.0.0&provider=admin" "Mozilla/5.0 (X11; Linux x86_64) AppleWebKit/537.36 (KHTML, like Gecko) Chrome/62.0.3202.94 Safari/537.36"
10.100.5.100 - - [16/Nov/2017:11:27:06 +0530] "GET /store/site/themes/wso2/templates/api/documentation/js/documentation.js HTTP/1.1" 200 206 "https://172.17.0.1:9444/store/apis/info?name=NawalokaPatientService&version=1.0.0&provider=admin" "Mozilla/5.0 (X11; Linux x86_64) AppleWebKit/537.36 (KHTML, like Gecko) Chrome/62.0.3202.94 Safari/537.36"
10.100.5.100 - - [16/Nov/2017:11:27:06 +0530] "GET /store/site/themes/wso2/libs/summernote.min.js HTTP/1.1" 200 15213 "https://172.17.0.1:9444/store/apis/info?name=NawalokaPatientService&version=1.0.0&provider=admin" "Mozilla/5.0 (X11; Linux x86_64) AppleWebKit/537.36 (KHTML, like Gecko) Chrome/62.0.3202.94 Safari/537.36"
10.100.5.100 - - [16/Nov/2017:11:27:06 +0530] "GET /store/site/themes/wso2/templates/api/swagger/swagger/lib/handlebars-4.0.5.js HTTP/1.1" 200 21295 "https://172.17.0.1:9444/store/apis/info?name=NawalokaPatientService&version=1.0.0&provider=admin" "Mozilla/5.0 (X11; Linux x86_64) AppleWebKit/537.36 (KHTML, like Gecko) Chrome/62.0.3202.94 Safari/537.36"
10.100.5.100 - - [16/Nov/2017:11:27:06 +0530] "GET /store/site/themes/wso2/templates/api/swagger/swagger/lib/jsoneditor.min.js HTTP/1.1" 200 26614 "https://172.17.0.1:9444/store/apis/info?name=NawalokaPatientService&version=1.0.0&provider=admin" "Mozilla/5.0 (X11; Linux x86_64) AppleWebKit/537.36 (KHTML, like Gecko) Chrome/62.0.3202.94 Safari/537.36"
10.100.5.100 - - [16/Nov/2017:11:27:06 +0530] "GET /store/site/themes/wso2/templates/api/api-info/js/api-info.js HTTP/1.1" 200 2525 "https://172.17.0.1:9444/store/apis/info?name=NawalokaPatientService&version=1.0.0&provider=admin" "Mozilla/5.0 (X11; Linux x86_64) AppleWebKit/537.36 (KHTML, like Gecko) Chrome/62.0.3202.94 Safari/537.36"
10.100.5.100 - - [16/Nov/2017:11:27:06 +0530] "GET /store/site/themes/wso2/js/common.js HTTP/1.1" 200 1896 "https://172.17.0.1:9444/store/apis/info?name=NawalokaPatientService&version=1.0.0&provider=admin" "Mozilla/5.0 (X11; Linux x86_64) AppleWebKit/537.36 (KHTML, like Gecko) Chrome/62.0.3202.94 Safari/537.36"
10.100.5.100 - - [16/Nov/2017:11:27:06 +0530] "GET /store/site/themes/wso2/libs/jquery-charCount/jquery.charCount.js HTTP/1.1" 200 866 "https://172.17.0.1:9444/store/apis/info?name=NawalokaPatientService&version=1.0.0&provider=admin" "Mozilla/5.0 (X11; Linux x86_64) AppleWebKit/537.36 (KHTML, like Gecko) Chrome/62.0.3202.94 Safari/537.36"
10.100.5.100 - - [16/Nov/2017:11:27:06 +0530] "GET /store/site/themes/wso2/templates/api/swagger/swagger/swagger-ui.min.js HTTP/1.1" 200 127246 "https://172.17.0.1:9444/store/apis/info?name=NawalokaPatientService&version=1.0.0&provider=admin" "Mozilla/5.0 (X11; Linux x86_64) AppleWebKit/537.36 (KHTML, like Gecko) Chrome/62.0.3202.94 Safari/537.36"
10.100.5.100 - - [16/Nov/2017:11:27:06 +0530] "GET /store/site/themes/wso2/templates/forum/js/forum-list.js HTTP/1.1" 200 4779 "https://172.17.0.1:9444/store/apis/info?name=NawalokaPatientService&version=1.0.0&provider=admin" "Mozilla/5.0 (X11; Linux x86_64) AppleWebKit/537.36 (KHTML, like Gecko) Chrome/62.0.3202.94 Safari/537.36"
10.100.5.100 - - [16/Nov/2017:11:27:06 +0530] "GET /store/site/themes/wso2/libs/bootstrap-paginator.min.js HTTP/1.1" 200 2411 "https://172.17.0.1:9444/store/apis/info?name=NawalokaPatientService&version=1.0.0&provider=admin" "Mozilla/5.0 (X11; Linux x86_64) AppleWebKit/537.36 (KHTML, like Gecko) Chrome/62.0.3202.94 Safari/537.36"
10.100.5.100 - - [16/Nov/2017:11:27:06 +0530] "GET /store/site/themes/wso2/libs/theme-wso2_1.0/images/logo-inverse.svg HTTP/1.1" 200 4663 "https://172.17.0.1:9444/store/apis/info?name=NawalokaPatientService&version=1.0.0&provider=admin" "Mozilla/5.0 (X11; Linux x86_64) AppleWebKit/537.36 (KHTML, like Gecko) Chrome/62.0.3202.94 Safari/537.36"
10.100.5.100 - - [16/Nov/2017:11:27:06 +0530] "GET /store/site/themes/wso2/images/facebook.png HTTP/1.1" 200 2351 "https://172.17.0.1:9444/store/apis/info?name=NawalokaPatientService&version=1.0.0&provider=admin" "Mozilla/5.0 (X11; Linux x86_64) AppleWebKit/537.36 (KHTML, like Gecko) Chrome/62.0.3202.94 Safari/537.36"
10.100.5.100 - - [16/Nov/2017:11:27:06 +0530] "GET /store/site/themes/wso2/images/twitter.png HTTP/1.1" 200 2648 "https://172.17.0.1:9444/store/apis/info?name=NawalokaPatientService&version=1.0.0&provider=admin" "Mozilla/5.0 (X11; Linux x86_64) AppleWebKit/537.36 (KHTML, like Gecko) Chrome/62.0.3202.94 Safari/537.36"
10.100.5.100 - - [16/Nov/2017:11:27:06 +0530] "GET /store/site/themes/wso2/images/google.png HTTP/1.1" 200 2716 "https://172.17.0.1:9444/store/apis/info?name=NawalokaPatientService&version=1.0.0&provider=admin" "Mozilla/5.0 (X11; Linux x86_64) AppleWebKit/537.36 (KHTML, like Gecko) Chrome/62.0.3202.94 Safari/537.36"
10.100.5.100 - - [16/Nov/2017:11:27:06 +0530] "GET /store/site/themes/wso2/images/diggit.png HTTP/1.1" 200 2646 "https://172.17.0.1:9444/store/apis/info?name=NawalokaPatientService&version=1.0.0&provider=admin" "Mozilla/5.0 (X11; Linux x86_64) AppleWebKit/537.36 (KHTML, like Gecko) Chrome/62.0.3202.94 Safari/537.36"
10.100.5.100 - - [16/Nov/2017:11:27:06 +0530] "GET /store/site/conf/locales/js/i18nResources.json HTTP/1.1" 200 9741 "https://172.17.0.1:9444/store/apis/info?name=NawalokaPatientService&version=1.0.0&provider=admin" "Mozilla/5.0 (X11; Linux x86_64) AppleWebKit/537.36 (KHTML, like Gecko) Chrome/62.0.3202.94 Safari/537.36"
10.100.5.100 - - [16/Nov/2017:11:27:06 +0530] "GET /store/site/conf/locales/js/i18nResources.json HTTP/1.1" 200 9741 "https://172.17.0.1:9444/store/apis/info?name=NawalokaPatientService&version=1.0.0&provider=admin" "Mozilla/5.0 (X11; Linux x86_64) AppleWebKit/537.36 (KHTML, like Gecko) Chrome/62.0.3202.94 Safari/537.36"
10.100.5.100 - - [16/Nov/2017:11:27:06 +0530] "GET /store/site/conf/locales/js/i18nResources.json HTTP/1.1" 200 9741 "https://172.17.0.1:9444/store/apis/info?name=NawalokaPatientService&version=1.0.0&provider=admin" "Mozilla/5.0 (X11; Linux x86_64) AppleWebKit/537.36 (KHTML, like Gecko) Chrome/62.0.3202.94 Safari/537.36"
10.100.5.100 - - [16/Nov/2017:11:27:06 +0530] "POST /store/site/blocks/comment/comment-add/ajax/comment-add.jag HTTP/1.1" 200 33 "https://172.17.0.1:9444/store/apis/info?name=NawalokaPatientService&version=1.0.0&provider=admin" "Mozilla/5.0 (X11; Linux x86_64) AppleWebKit/537.36 (KHTML, like Gecko) Chrome/62.0.3202.94 Safari/537.36"
10.100.5.100 - - [16/Nov/2017:11:27:06 +0530] "GET /store/site/themes/wso2/libs/theme-wso2_1.0/fonts/Roboto/Roboto-LightItalic.woff2 HTTP/1.1" 404 247 "https://172.17.0.1:9444/store/site/themes/wso2/libs/theme-wso2_1.0/css/theme-wso2.css" "Mozilla/5.0 (X11; Linux x86_64) AppleWebKit/537.36 (KHTML, like Gecko) Chrome/62.0.3202.94 Safari/537.36"
10.100.5.100 - - [16/Nov/2017:11:27:06 +0530] "GET /store/api-docs/admin/NawalokaPatientService/1.0.0 HTTP/1.1" 200 1538 "https://172.17.0.1:9444/store/apis/info?name=NawalokaPatientService&version=1.0.0&provider=admin" "Mozilla/5.0 (X11; Linux x86_64) AppleWebKit/537.36 (KHTML, like Gecko) Chrome/62.0.3202.94 Safari/537.36"
10.100.5.100 - - [16/Nov/2017:11:27:06 +0530] "GET /store/forum/api/topic?parentId=admin%3ANawalokaPatientService%3A1.0.0&page=1 HTTP/1.1" 200 44 "https://172.17.0.1:9444/store/apis/info?name=NawalokaPatientService&version=1.0.0&provider=admin" "Mozilla/5.0 (X11; Linux x86_64) AppleWebKit/537.36 (KHTML, like Gecko) Chrome/62.0.3202.94 Safari/537.36"
10.100.5.100 - - [16/Nov/2017:11:27:06 +0530] "GET /store/api-docs/admin/NawalokaPatientService/1.0.0?envName=Production%20and%20Sandbox HTTP/1.1" 200 1538 "https://172.17.0.1:9444/store/apis/info?name=NawalokaPatientService&version=1.0.0&provider=admin" "Mozilla/5.0 (X11; Linux x86_64) AppleWebKit/537.36 (KHTML, like Gecko) Chrome/62.0.3202.94 Safari/537.36"
10.100.5.100 - - [16/Nov/2017:11:27:06 +0530] "GET /store/site/themes/wso2/libs/theme-wso2_1.0/fonts/Roboto/Roboto-LightItalic.woff HTTP/1.1" 404 247 "https://172.17.0.1:9444/store/site/themes/wso2/libs/theme-wso2_1.0/css/theme-wso2.css" "Mozilla/5.0 (X11; Linux x86_64) AppleWebKit/537.36 (KHTML, like Gecko) Chrome/62.0.3202.94 Safari/537.36"
10.100.5.100 - - [16/Nov/2017:11:27:06 +0530] "GET /store/site/themes/wso2/libs/theme-wso2_1.0/fonts/Roboto/Roboto-LightItalic.ttf HTTP/1.1" 404 247 "https://172.17.0.1:9444/store/site/themes/wso2/libs/theme-wso2_1.0/css/theme-wso2.css" "Mozilla/5.0 (X11; Linux x86_64) AppleWebKit/537.36 (KHTML, like Gecko) Chrome/62.0.3202.94 Safari/537.36"
10.100.5.100 - - [16/Nov/2017:11:27:11 +0530] "GET /store/site/themes/wso2/templates/api/swagger/swagger/images/throbber.gif HTTP/1.1" 200 7159 "https://172.17.0.1:9444/store/site/themes/wso2/templates/api/swagger/swagger/css/screen.css" "Mozilla/5.0 (X11; Linux x86_64) AppleWebKit/537.36 (KHTML, like Gecko) Chrome/62.0.3202.94 Safari/537.36"
- 10.100.5.100 - - [16/Nov/2017:11:27:37 +0530] "OPTIONS /nawaloka/1.0.0/post HTTP/1.1" - - "-" "Mozilla/5.0 (X11; Linux x86_64) AppleWebKit/537.36 (KHTML, like Gecko) Chrome/62.0.3202.94 Safari/537.36"
- 10.100.5.100 - - [16/Nov/2017:11:27:37 +0530] "POST /nawaloka/1.0.0/post HTTP/1.1" - 602 "https://172.17.0.1:9444/store/apis/info?name=NawalokaPatientService&version=1.0.0&provider=admin" "Mozilla/5.0 (X11; Linux x86_64) AppleWebKit/537.36 (KHTML, like Gecko) Chrome/62.0.3202.94 Safari/537.36"
- 127.0.1.1 - - [16/Nov/2017:11:27:37 +0530] "POST /services/ESBResource/post HTTP/1.1" - - "https://172.17.0.1:9444/store/apis/info?name=NawalokaPatientService&version=1.0.0&provider=admin" "Synapse-PT-HttpComponents-NIO"
- 10.100.5.100  - [16/Nov/2017:11:27:37 +0530] "- - " 200 - "-" "-"
- 127.0.1.1  - [16/Nov/2017:11:27:37 +0530] "- - " 500 - "-" "-"
- 10.100.5.100  - [16/Nov/2017:11:27:37 +0530] "- - " 500 - "-" "-"
- 10.100.5.100 - - [16/Nov/2017:11:28:14 +0530] "OPTIONS /nawaloka/1.0.0/delete?PatientId=sample1%40sample.com HTTP/1.1" - - "-" "Mozilla/5.0 (X11; Linux x86_64) AppleWebKit/537.36 (KHTML, like Gecko) Chrome/62.0.3202.94 Safari/537.36"
- 10.100.5.100 - - [16/Nov/2017:11:28:14 +0530] "DELETE /nawaloka/1.0.0/delete?PatientId=sample1%40sample.com HTTP/1.1" - - "https://172.17.0.1:9444/store/apis/info?name=NawalokaPatientService&version=1.0.0&provider=admin" "Mozilla/5.0 (X11; Linux x86_64) AppleWebKit/537.36 (KHTML, like Gecko) Chrome/62.0.3202.94 Safari/537.36"
- 127.0.1.1 - - [16/Nov/2017:11:28:14 +0530] "DELETE /services/ESBResource/delete?PatientId=sample1%40sample.com HTTP/1.1" - - "https://172.17.0.1:9444/store/apis/info?name=NawalokaPatientService&version=1.0.0&provider=admin" "Synapse-PT-HttpComponents-NIO"
- 10.100.5.100 - - [16/Nov/2017:11:28:23 +0530] "OPTIONS /nawaloka/1.0.0/post HTTP/1.1" - - "-" "Mozilla/5.0 (X11; Linux x86_64) AppleWebKit/537.36 (KHTML, like Gecko) Chrome/62.0.3202.94 Safari/537.36"
- 10.100.5.100 - - [16/Nov/2017:11:28:23 +0530] "POST /nawaloka/1.0.0/post HTTP/1.1" - 602 "https://172.17.0.1:9444/store/apis/info?name=NawalokaPatientService&version=1.0.0&provider=admin" "Mozilla/5.0 (X11; Linux x86_64) AppleWebKit/537.36 (KHTML, like Gecko) Chrome/62.0.3202.94 Safari/537.36"
- 127.0.1.1 - - [16/Nov/2017:11:28:23 +0530] "POST /services/ESBResource/post HTTP/1.1" - - "https://172.17.0.1:9444/store/apis/info?name=NawalokaPatientService&version=1.0.0&provider=admin" "Synapse-PT-HttpComponents-NIO"
- 10.100.5.100  - [16/Nov/2017:11:28:14 +0530] "- - " 200 - "-" "-"
- 127.0.1.1  - [16/Nov/2017:11:28:14 +0530] "- - " 202 - "-" "-"
- 10.100.5.100  - [16/Nov/2017:11:28:14 +0530] "- - " 202 - "-" "-"
- 10.100.5.100  - [16/Nov/2017:11:28:23 +0530] "- - " 200 - "-" "-"
- 127.0.1.1  - [16/Nov/2017:11:28:23 +0530] "- - " 202 - "-" "-"
- 10.100.5.100  - [16/Nov/2017:11:28:23 +0530] "- - " 202 - "-" "-"
- 10.100.5.100 - - [16/Nov/2017:11:28:51 +0530] "OPTIONS /nawaloka/1.0.0/put HTTP/1.1" - - "-" "Mozilla/5.0 (X11; Linux x86_64) AppleWebKit/537.36 (KHTML, like Gecko) Chrome/62.0.3202.94 Safari/537.36"
- 10.100.5.100 - - [16/Nov/2017:11:28:51 +0530] "PUT /nawaloka/1.0.0/put HTTP/1.1" - 601 "https://172.17.0.1:9444/store/apis/info?name=NawalokaPatientService&version=1.0.0&provider=admin" "Mozilla/5.0 (X11; Linux x86_64) AppleWebKit/537.36 (KHTML, like Gecko) Chrome/62.0.3202.94 Safari/537.36"
- 10.100.5.100  - [16/Nov/2017:11:28:51 +0530] "- - " 200 - "-" "-"
- 127.0.1.1 - - [16/Nov/2017:11:28:51 +0530] "PUT /services/ESBResource/put HTTP/1.1" - - "https://172.17.0.1:9444/store/apis/info?name=NawalokaPatientService&version=1.0.0&provider=admin" "Synapse-PT-HttpComponents-NIO"
- 10.100.5.100 - - [16/Nov/2017:11:29:02 +0530] "OPTIONS /nawaloka/1.0.0/delete?PatientId=sample1%40sample.com HTTP/1.1" - - "-" "Mozilla/5.0 (X11; Linux x86_64) AppleWebKit/537.36 (KHTML, like Gecko) Chrome/62.0.3202.94 Safari/537.36"
- 10.100.5.100 - - [16/Nov/2017:11:29:02 +0530] "DELETE /nawaloka/1.0.0/delete?PatientId=sample1%40sample.com HTTP/1.1" - - "https://172.17.0.1:9444/store/apis/info?name=NawalokaPatientService&version=1.0.0&provider=admin" "Mozilla/5.0 (X11; Linux x86_64) AppleWebKit/537.36 (KHTML, like Gecko) Chrome/62.0.3202.94 Safari/537.36"
- 127.0.1.1 - - [16/Nov/2017:11:29:02 +0530] "DELETE /services/ESBResource/delete?PatientId=sample1%40sample.com HTTP/1.1" - - "https://172.17.0.1:9444/store/apis/info?name=NawalokaPatientService&version=1.0.0&provider=admin" "Synapse-PT-HttpComponents-NIO"
- 127.0.1.1  - [16/Nov/2017:11:28:51 +0530] "- - " 202 - "-" "-"
- 10.100.5.100  - [16/Nov/2017:11:28:51 +0530] "- - " 202 - "-" "-"
- 10.100.5.100  - [16/Nov/2017:11:29:02 +0530] "- - " 200 - "-" "-"
- 127.0.1.1  - [16/Nov/2017:11:29:02 +0530] "- - " 202 - "-" "-"
- 10.100.5.100  - [16/Nov/2017:11:29:02 +0530] "- - " 202 - "-" "-"
- 10.100.5.100 - - [16/Nov/2017:11:54:09 +0530] "GET /nawaloka/1.0.0/read?PatientId=abc%40abc.com HTTP/1.1" - - "-" "Apache-HttpClient/4.1.1 (java 1.5)"
- 10.100.5.100  - [16/Nov/2017:11:54:09 +0530] "- - " 401 - "-" "-"
- 10.100.5.100 - - [16/Nov/2017:11:59:57 +0530] "GET /nawaloka/1.0.0/read?PatientId=abc%40abc.com HTTP/1.1" - - "-" "Apache-HttpClient/4.1.1 (java 1.5)"
- 10.100.5.100  - [16/Nov/2017:11:59:57 +0530] "- - " 401 - "-" "-"
- 10.100.5.100  - [16/Nov/2017:12:01:33 +0530] "- - " 200 - "-" "-"
- 127.0.1.1  - [16/Nov/2017:12:01:33 +0530] "- - " 202 - "-" "-"
- 10.100.5.100  - [16/Nov/2017:12:01:33 +0530] "- - " 202 - "-" "-"
- 10.100.5.100 - - [16/Nov/2017:12:01:33 +0530] "OPTIONS /nawaloka/1.0.0/post HTTP/1.1" - - "-" "Mozilla/5.0 (X11; Linux x86_64) AppleWebKit/537.36 (KHTML, like Gecko) Chrome/62.0.3202.94 Safari/537.36"
- 10.100.5.100 - - [16/Nov/2017:12:01:33 +0530] "POST /nawaloka/1.0.0/post HTTP/1.1" - 602 "https://172.17.0.1:9444/store/apis/info?name=NawalokaPatientService&version=1.0.0&provider=admin" "Mozilla/5.0 (X11; Linux x86_64) AppleWebKit/537.36 (KHTML, like Gecko) Chrome/62.0.3202.94 Safari/537.36"
- 127.0.1.1 - - [16/Nov/2017:12:01:33 +0530] "POST /services/ESBResource/post HTTP/1.1" - - "https://172.17.0.1:9444/store/apis/info?name=NawalokaPatientService&version=1.0.0&provider=admin" "Synapse-PT-HttpComponents-NIO"
- 10.100.5.100  - [16/Nov/2017:12:02:09 +0530] "- - " 401 - "-" "-"
- 10.100.5.100 - - [16/Nov/2017:12:02:09 +0530] "GET /nawaloka/1.0.0/read?PatientId=abc%40abc.com HTTP/1.1" - - "-" "Apache-HttpClient/4.1.1 (java 1.5)"
- 10.100.5.100 - - [16/Nov/2017:12:04:24 +0530] "GET /nawaloka/1.0.0/read?PatientId=abc%40abc.com HTTP/1.1" - - "-" "Apache-HttpClient/4.1.1 (java 1.5)"
- 127.0.1.1 - - [16/Nov/2017:12:04:24 +0530] "GET /services/ESBResource/read?PatientId=abc%40abc.com HTTP/1.1" - - "-" "Synapse-PT-HttpComponents-NIO"
- 127.0.1.1  - [16/Nov/2017:12:04:24 +0530] "- - " 200 - "-" "-"
- 10.100.5.100  - [16/Nov/2017:12:04:24 +0530] "- - " 200 - "-" "-"
- 10.100.5.100 - - [16/Nov/2017:12:05:48 +0530] "DELETE /nawaloka/1.0.0/read?PatientId=sample1%40sample.com HTTP/1.1" - - "-" "Apache-HttpClient/4.1.1 (java 1.5)"
- 10.100.5.100  - [16/Nov/2017:12:05:48 +0530] "- - " 404 - "-" "-"
- 10.100.5.100 - - [16/Nov/2017:12:06:13 +0530] "POST /nawaloka/1.0.0/read?PatientId=sample1%40sample.com HTTP/1.1" - 601 "-" "Apache-HttpClient/4.1.1 (java 1.5)"
- 10.100.5.100 - - [16/Nov/2017:12:06:29 +0530] "POST /nawaloka/1.0.0/read HTTP/1.1" - 601 "-" "Apache-HttpClient/4.1.1 (java 1.5)"
- 10.100.5.100  - [16/Nov/2017:12:06:13 +0530] "- - " 404 - "-" "-"
- 10.100.5.100  - [16/Nov/2017:12:06:29 +0530] "- - " 404 - "-" "-"
- 10.100.5.100 - - [16/Nov/2017:12:06:43 +0530] "POST /nawaloka/1.0.0/post HTTP/1.1" - 601 "-" "Apache-HttpClient/4.1.1 (java 1.5)"
- 127.0.1.1 - - [16/Nov/2017:12:06:43 +0530] "POST /services/ESBResource/post HTTP/1.1" - - "-" "Synapse-PT-HttpComponents-NIO"
- 127.0.1.1  - [16/Nov/2017:12:06:43 +0530] "- - " 500 - "-" "-"
- 10.100.5.100  - [16/Nov/2017:12:06:43 +0530] "- - " 500 - "-" "-"
- 10.100.5.100 - - [16/Nov/2017:12:07:51 +0530] "POST /nawaloka/1.0.0/post HTTP/1.1" - 601 "-" "Apache-HttpClient/4.1.1 (java 1.5)"
- 127.0.1.1 - - [16/Nov/2017:12:07:51 +0530] "POST /services/ESBResource/post HTTP/1.1" - - "-" "Synapse-PT-HttpComponents-NIO"
- 127.0.1.1  - [16/Nov/2017:12:07:51 +0530] "- - " 500 - "-" "-"
- 10.100.5.100  - [16/Nov/2017:12:07:51 +0530] "- - " 500 - "-" "-"
- 10.100.5.100 - - [16/Nov/2017:12:09:01 +0530] "DELETE /nawaloka/1.0.0/delete?PatientId=sample1%40sample.com HTTP/1.1" - 601 "-" "Apache-HttpClient/4.1.1 (java 1.5)"
- 127.0.1.1 - - [16/Nov/2017:12:09:01 +0530] "DELETE /services/ESBResource/delete?PatientId=sample1%40sample.com HTTP/1.1" - - "-" "Synapse-PT-HttpComponents-NIO"
- 127.0.1.1  - [16/Nov/2017:12:09:01 +0530] "- - " 202 - "-" "-"
- 10.100.5.100  - [16/Nov/2017:12:09:01 +0530] "- - " 202 - "-" "-"
- 10.100.5.100 - - [16/Nov/2017:12:09:23 +0530] "POST /nawaloka/1.0.0/post HTTP/1.1" - 601 "-" "Apache-HttpClient/4.1.1 (java 1.5)"
- 127.0.1.1 - - [16/Nov/2017:12:09:23 +0530] "POST /services/ESBResource/post HTTP/1.1" - - "-" "Synapse-PT-HttpComponents-NIO"
- 10.100.5.100 - - [16/Nov/2017:12:09:36 +0530] "PUT /nawaloka/1.0.0/post HTTP/1.1" - 603 "-" "Apache-HttpClient/4.1.1 (java 1.5)"
- 127.0.1.1  - [16/Nov/2017:12:09:23 +0530] "- - " 202 - "-" "-"
- 10.100.5.100  - [16/Nov/2017:12:09:23 +0530] "- - " 202 - "-" "-"
- 10.100.5.100  - [16/Nov/2017:12:09:36 +0530] "- - " 404 - "-" "-"
- 10.100.5.100 - - [16/Nov/2017:12:09:46 +0530] "PUT /nawaloka/1.0.0/put HTTP/1.1" - 603 "-" "Apache-HttpClient/4.1.1 (java 1.5)"
- 127.0.1.1 - - [16/Nov/2017:12:09:46 +0530] "PUT /services/ESBResource/put HTTP/1.1" - - "-" "Synapse-PT-HttpComponents-NIO"
- 127.0.1.1  - [16/Nov/2017:12:09:46 +0530] "- - " 202 - "-" "-"
- 10.100.5.100  - [16/Nov/2017:12:09:46 +0530] "- - " 202 - "-" "-"
- 10.100.5.100 - - [16/Nov/2017:12:10:16 +0530] "GET /nawaloka/1.0.0/read?PatientId=sample1%40sample.com HTTP/1.1" - - "-" "Apache-HttpClient/4.1.1 (java 1.5)"
- 127.0.1.1 - - [16/Nov/2017:12:10:16 +0530] "GET /services/ESBResource/read?PatientId=sample1%40sample.com HTTP/1.1" - - "-" "Synapse-PT-HttpComponents-NIO"
- 127.0.1.1  - [16/Nov/2017:12:10:16 +0530] "- - " 200 - "-" "-"
- 10.100.5.100 - - [16/Nov/2017:12:10:33 +0530] "DELETE /nawaloka/1.0.0/delete?PatientId=sample1%40sample.com HTTP/1.1" - 603 "-" "Apache-HttpClient/4.1.1 (java 1.5)"
- 127.0.1.1 - - [16/Nov/2017:12:10:33 +0530] "DELETE /services/ESBResource/delete?PatientId=sample1%40sample.com HTTP/1.1" - - "-" "Synapse-PT-HttpComponents-NIO"
- 10.100.5.100  - [16/Nov/2017:12:10:16 +0530] "- - " 200 - "-" "-"
- 127.0.1.1  - [16/Nov/2017:12:10:33 +0530] "- - " 202 - "-" "-"
- 10.100.5.100  - [16/Nov/2017:12:10:33 +0530] "- - " 202 - "-" "-"
- 127.0.1.1  - [16/Nov/2017:12:10:45 +0530] "- - " 202 - "-" "-"
- 10.100.5.100 - - [16/Nov/2017:12:10:45 +0530] "POST /nawaloka/1.0.0/post?PatientId=sample1%40sample.com HTTP/1.1" - 603 "-" "Apache-HttpClient/4.1.1 (java 1.5)"
- 127.0.1.1 - - [16/Nov/2017:12:10:45 +0530] "POST /services/ESBResource/post?PatientId=sample1%40sample.com HTTP/1.1" - - "-" "Synapse-PT-HttpComponents-NIO"
- 10.100.5.100 - - [16/Nov/2017:12:10:57 +0530] "PUT /nawaloka/1.0.0/put?PatientId=sample1%40sample.com HTTP/1.1" - 603 "-" "Apache-HttpClient/4.1.1 (java 1.5)"
- 127.0.1.1 - - [16/Nov/2017:12:10:57 +0530] "PUT /services/ESBResource/put?PatientId=sample1%40sample.com HTTP/1.1" - - "-" "Synapse-PT-HttpComponents-NIO"
- 10.100.5.100  - [16/Nov/2017:12:10:45 +0530] "- - " 202 - "-" "-"
- 10.100.5.100 - - [16/Nov/2017:12:11:04 +0530] "PUT /nawaloka/1.0.0/read?PatientId=sample1%40sample.com HTTP/1.1" - 603 "-" "Apache-HttpClient/4.1.1 (java 1.5)"
- 10.100.5.100 - - [16/Nov/2017:12:11:09 +0530] "GET /nawaloka/1.0.0/read?PatientId=sample1%40sample.com HTTP/1.1" - - "-" "Apache-HttpClient/4.1.1 (java 1.5)"
- 127.0.1.1 - - [16/Nov/2017:12:11:09 +0530] "GET /services/ESBResource/read?PatientId=sample1%40sample.com HTTP/1.1" - - "-" "Synapse-PT-HttpComponents-NIO"
- 127.0.1.1  - [16/Nov/2017:12:10:57 +0530] "- - " 202 - "-" "-"
- 10.100.5.100  - [16/Nov/2017:12:10:57 +0530] "- - " 202 - "-" "-"
- 10.100.5.100  - [16/Nov/2017:12:11:04 +0530] "- - " 404 - "-" "-"
- 127.0.1.1  - [16/Nov/2017:12:11:09 +0530] "- - " 200 - "-" "-"
- 10.100.5.100  - [16/Nov/2017:12:11:09 +0530] "- - " 200 - "-" "-"
- 10.100.5.100 - - [16/Nov/2017:12:11:29 +0530] "DELETE /nawaloka/1.0.0/delete?PatientId=sample1%40sample.com HTTP/1.1" - 603 "-" "Apache-HttpClient/4.1.1 (java 1.5)"
- 127.0.1.1  - [16/Nov/2017:12:11:29 +0530] "- - " 202 - "-" "-"
- 127.0.1.1 - - [16/Nov/2017:12:11:29 +0530] "DELETE /services/ESBResource/delete?PatientId=sample1%40sample.com HTTP/1.1" - - "-" "Synapse-PT-HttpComponents-NIO"
- 10.100.5.100  - [16/Nov/2017:12:11:29 +0530] "- - " 202 - "-" "-"
- 10.100.5.100 - - [16/Nov/2017:13:11:11 +0530] "OPTIONS /nawaloka/1.0.0/post HTTP/1.1" - - "-" "Mozilla/5.0 (X11; Linux x86_64) AppleWebKit/537.36 (KHTML, like Gecko) Chrome/62.0.3202.94 Safari/537.36"
- 10.100.5.100 - - [16/Nov/2017:13:11:11 +0530] "POST /nawaloka/1.0.0/post HTTP/1.1" - 602 "https://172.17.0.1:9444/store/apis/info?name=NawalokaPatientService&version=1.0.0&provider=admin" "Mozilla/5.0 (X11; Linux x86_64) AppleWebKit/537.36 (KHTML, like Gecko) Chrome/62.0.3202.94 Safari/537.36"
- 10.100.5.100  - [16/Nov/2017:13:11:11 +0530] "- - " 200 - "-" "-"
- 127.0.1.1 - - [16/Nov/2017:13:11:11 +0530] "POST /services/ESBResource/post HTTP/1.1" - - "https://172.17.0.1:9444/store/apis/info?name=NawalokaPatientService&version=1.0.0&provider=admin" "Synapse-PT-HttpComponents-NIO"
- 127.0.1.1  - [16/Nov/2017:13:11:11 +0530] "- - " 202 - "-" "-"
- 10.100.5.100  - [16/Nov/2017:13:11:11 +0530] "- - " 202 - "-" "-"
- 10.100.5.100 - - [16/Nov/2017:13:11:20 +0530] "OPTIONS /nawaloka/1.0.0/delete?PatientId=sample1%40sample.com HTTP/1.1" - - "-" "Mozilla/5.0 (X11; Linux x86_64) AppleWebKit/537.36 (KHTML, like Gecko) Chrome/62.0.3202.94 Safari/537.36"
- 10.100.5.100 - - [16/Nov/2017:13:11:20 +0530] "DELETE /nawaloka/1.0.0/delete?PatientId=sample1%40sample.com HTTP/1.1" - - "https://172.17.0.1:9444/store/apis/info?name=NawalokaPatientService&version=1.0.0&provider=admin" "Mozilla/5.0 (X11; Linux x86_64) AppleWebKit/537.36 (KHTML, like Gecko) Chrome/62.0.3202.94 Safari/537.36"
- 127.0.1.1 - - [16/Nov/2017:13:11:20 +0530] "DELETE /services/ESBResource/delete?PatientId=sample1%40sample.com HTTP/1.1" - - "https://172.17.0.1:9444/store/apis/info?name=NawalokaPatientService&version=1.0.0&provider=admin" "Synapse-PT-HttpComponents-NIO"
- 10.100.5.100  - [16/Nov/2017:13:11:20 +0530] "- - " 200 - "-" "-"
- 127.0.1.1  - [16/Nov/2017:13:11:20 +0530] "- - " 202 - "-" "-"
- 10.100.5.100  - [16/Nov/2017:13:11:20 +0530] "- - " 202 - "-" "-"
10.100.5.100 - - [16/Nov/2017:16:30:16 +0530] "GET /publisher/info?name=NawalokaPatientService&version=1.0.0&provider=admin HTTP/1.1" 302 - "https://172.17.0.1:9444/publisher/" "Mozilla/5.0 (X11; Linux x86_64) AppleWebKit/537.36 (KHTML, like Gecko) Chrome/62.0.3202.94 Safari/537.36"
10.100.5.100 - - [16/Nov/2017:16:30:16 +0530] "GET /publisher/site/pages/login.jag?requestedPage=/publisher/info?name%3DNawalokaPatientService%26version%3D1.0.0%26provider%3Dadmin HTTP/1.1" 200 2276 "https://172.17.0.1:9444/publisher/" "Mozilla/5.0 (X11; Linux x86_64) AppleWebKit/537.36 (KHTML, like Gecko) Chrome/62.0.3202.94 Safari/537.36"
10.100.5.100 - - [16/Nov/2017:16:30:16 +0530] "GET /publisher/site/themes/wso2/libs/jquery_1.11.0/jquery-1.11.3.min.js HTTP/1.1" 200 33789 "https://172.17.0.1:9444/publisher/site/pages/login.jag?requestedPage=/publisher/info?name%3DNawalokaPatientService%26version%3D1.0.0%26provider%3Dadmin" "Mozilla/5.0 (X11; Linux x86_64) AppleWebKit/537.36 (KHTML, like Gecko) Chrome/62.0.3202.94 Safari/537.36"
10.100.5.100 - - [16/Nov/2017:16:30:16 +0530] "GET /publisher/site/themes/wso2/libs/bootstrap-select/css/bootstrap-select.min.css HTTP/1.1" 200 1442 "https://172.17.0.1:9444/publisher/site/pages/login.jag?requestedPage=/publisher/info?name%3DNawalokaPatientService%26version%3D1.0.0%26provider%3Dadmin" "Mozilla/5.0 (X11; Linux x86_64) AppleWebKit/537.36 (KHTML, like Gecko) Chrome/62.0.3202.94 Safari/537.36"
10.100.5.100 - - [16/Nov/2017:16:30:16 +0530] "GET /publisher/site/themes/wso2/libs/data-tables_1.10.7/extensions/Bootstrap/css/dataTables.bootstrap.css HTTP/1.1" 200 1969 "https://172.17.0.1:9444/publisher/site/pages/login.jag?requestedPage=/publisher/info?name%3DNawalokaPatientService%26version%3D1.0.0%26provider%3Dadmin" "Mozilla/5.0 (X11; Linux x86_64) AppleWebKit/537.36 (KHTML, like Gecko) Chrome/62.0.3202.94 Safari/537.36"
10.100.5.100 - - [16/Nov/2017:16:30:16 +0530] "GET /publisher/site/themes/wso2/libs/font-wso2_1.0.2/css/font-wso2.min.css HTTP/1.1" 200 2728 "https://172.17.0.1:9444/publisher/site/pages/login.jag?requestedPage=/publisher/info?name%3DNawalokaPatientService%26version%3D1.0.0%26provider%3Dadmin" "Mozilla/5.0 (X11; Linux x86_64) AppleWebKit/537.36 (KHTML, like Gecko) Chrome/62.0.3202.94 Safari/537.36"
10.100.5.100 - - [16/Nov/2017:16:30:16 +0530] "GET /publisher/site/themes/wso2/libs/enjoyhint-3.1.0/src/jquery.enjoyhint.css HTTP/1.1" 200 1287 "https://172.17.0.1:9444/publisher/site/pages/login.jag?requestedPage=/publisher/info?name%3DNawalokaPatientService%26version%3D1.0.0%26provider%3Dadmin" "Mozilla/5.0 (X11; Linux x86_64) AppleWebKit/537.36 (KHTML, like Gecko) Chrome/62.0.3202.94 Safari/537.36"
10.100.5.100 - - [16/Nov/2017:16:30:16 +0530] "GET /publisher/site/themes/wso2/libs/data-tables_1.10.7/extensions/Responsive/css/dataTables.responsive.css HTTP/1.1" 200 656 "https://172.17.0.1:9444/publisher/site/pages/login.jag?requestedPage=/publisher/info?name%3DNawalokaPatientService%26version%3D1.0.0%26provider%3Dadmin" "Mozilla/5.0 (X11; Linux x86_64) AppleWebKit/537.36 (KHTML, like Gecko) Chrome/62.0.3202.94 Safari/537.36"
10.100.5.100 - - [16/Nov/2017:16:30:16 +0530] "GET /publisher/site/themes/wso2/libs/enjoyhint-3.1.0/enjoyhint.css HTTP/1.1" 200 1261 "https://172.17.0.1:9444/publisher/site/pages/login.jag?requestedPage=/publisher/info?name%3DNawalokaPatientService%26version%3D1.0.0%26provider%3Dadmin" "Mozilla/5.0 (X11; Linux x86_64) AppleWebKit/537.36 (KHTML, like Gecko) Chrome/62.0.3202.94 Safari/537.36"
10.100.5.100 - - [16/Nov/2017:16:30:16 +0530] "GET /publisher/site/themes/wso2/libs/select2_4.0.0/css/select2.min.css HTTP/1.1" 200 1959 "https://172.17.0.1:9444/publisher/site/pages/login.jag?requestedPage=/publisher/info?name%3DNawalokaPatientService%26version%3D1.0.0%26provider%3Dadmin" "Mozilla/5.0 (X11; Linux x86_64) AppleWebKit/537.36 (KHTML, like Gecko) Chrome/62.0.3202.94 Safari/537.36"
10.100.5.100 - - [16/Nov/2017:16:30:16 +0530] "GET /publisher/site/themes/wso2/libs/theme-wso2_1.0/css/theme-wso2.css HTTP/1.1" 200 31338 "https://172.17.0.1:9444/publisher/site/pages/login.jag?requestedPage=/publisher/info?name%3DNawalokaPatientService%26version%3D1.0.0%26provider%3Dadmin" "Mozilla/5.0 (X11; Linux x86_64) AppleWebKit/537.36 (KHTML, like Gecko) Chrome/62.0.3202.94 Safari/537.36"
10.100.5.100 - - [16/Nov/2017:16:30:16 +0530] "GET /publisher/site/themes/wso2/css/custom.css HTTP/1.1" 200 1115 "https://172.17.0.1:9444/publisher/site/pages/login.jag?requestedPage=/publisher/info?name%3DNawalokaPatientService%26version%3D1.0.0%26provider%3Dadmin" "Mozilla/5.0 (X11; Linux x86_64) AppleWebKit/537.36 (KHTML, like Gecko) Chrome/62.0.3202.94 Safari/537.36"
10.100.5.100 - - [16/Nov/2017:16:30:16 +0530] "GET /publisher/site/themes/wso2/libs/jasny-bootstrap/dist/css/jasny-bootstrap.min.css HTTP/1.1" 200 2529 "https://172.17.0.1:9444/publisher/site/pages/login.jag?requestedPage=/publisher/info?name%3DNawalokaPatientService%26version%3D1.0.0%26provider%3Dadmin" "Mozilla/5.0 (X11; Linux x86_64) AppleWebKit/537.36 (KHTML, like Gecko) Chrome/62.0.3202.94 Safari/537.36"
10.100.5.100 - - [16/Nov/2017:16:30:16 +0530] "GET /publisher/site/themes/wso2/libs/jquery-csrf.js HTTP/1.1" 200 1144 "https://172.17.0.1:9444/publisher/site/pages/login.jag?requestedPage=/publisher/info?name%3DNawalokaPatientService%26version%3D1.0.0%26provider%3Dadmin" "Mozilla/5.0 (X11; Linux x86_64) AppleWebKit/537.36 (KHTML, like Gecko) Chrome/62.0.3202.94 Safari/537.36"
10.100.5.100 - - [16/Nov/2017:16:30:16 +0530] "GET /publisher/site/themes/wso2/libs/bootstrap-rating/bootstrap-rating.css HTTP/1.1" 200 210 "https://172.17.0.1:9444/publisher/site/pages/login.jag?requestedPage=/publisher/info?name%3DNawalokaPatientService%26version%3D1.0.0%26provider%3Dadmin" "Mozilla/5.0 (X11; Linux x86_64) AppleWebKit/537.36 (KHTML, like Gecko) Chrome/62.0.3202.94 Safari/537.36"
10.100.5.100 - - [16/Nov/2017:16:30:16 +0530] "GET /publisher/site/themes/wso2/libs/bootstrap-rating/bootstrap-rating.js HTTP/1.1" 200 2854 "https://172.17.0.1:9444/publisher/site/pages/login.jag?requestedPage=/publisher/info?name%3DNawalokaPatientService%26version%3D1.0.0%26provider%3Dadmin" "Mozilla/5.0 (X11; Linux x86_64) AppleWebKit/537.36 (KHTML, like Gecko) Chrome/62.0.3202.94 Safari/537.36"
10.100.5.100 - - [16/Nov/2017:16:30:16 +0530] "GET /publisher/site/themes/wso2/libs/i18n/i18next-1.5.9.js HTTP/1.1" 200 13179 "https://172.17.0.1:9444/publisher/site/pages/login.jag?requestedPage=/publisher/info?name%3DNawalokaPatientService%26version%3D1.0.0%26provider%3Dadmin" "Mozilla/5.0 (X11; Linux x86_64) AppleWebKit/537.36 (KHTML, like Gecko) Chrome/62.0.3202.94 Safari/537.36"
10.100.5.100 - - [16/Nov/2017:16:30:16 +0530] "GET /publisher/site/themes/wso2/libs/jquery-validation/jquery.validate.min.js HTTP/1.1" 200 6896 "https://172.17.0.1:9444/publisher/site/pages/login.jag?requestedPage=/publisher/info?name%3DNawalokaPatientService%26version%3D1.0.0%26provider%3Dadmin" "Mozilla/5.0 (X11; Linux x86_64) AppleWebKit/537.36 (KHTML, like Gecko) Chrome/62.0.3202.94 Safari/537.36"
10.100.5.100 - - [16/Nov/2017:16:30:16 +0530] "GET /publisher/site/themes/wso2/libs/enjoyhint-3.1.0/js/cloud-enjoyhint-script-data.js HTTP/1.1" 200 1883 "https://172.17.0.1:9444/publisher/site/pages/login.jag?requestedPage=/publisher/info?name%3DNawalokaPatientService%26version%3D1.0.0%26provider%3Dadmin" "Mozilla/5.0 (X11; Linux x86_64) AppleWebKit/537.36 (KHTML, like Gecko) Chrome/62.0.3202.94 Safari/537.36"
10.100.5.100 - - [16/Nov/2017:16:30:16 +0530] "GET /publisher/site/themes/wso2/libs/select2_4.0.0/js/select2.full.min.js HTTP/1.1" 200 20410 "https://172.17.0.1:9444/publisher/site/pages/login.jag?requestedPage=/publisher/info?name%3DNawalokaPatientService%26version%3D1.0.0%26provider%3Dadmin" "Mozilla/5.0 (X11; Linux x86_64) AppleWebKit/537.36 (KHTML, like Gecko) Chrome/62.0.3202.94 Safari/537.36"
10.100.5.100 - - [16/Nov/2017:16:30:16 +0530] "GET /publisher/site/themes/wso2/libs/enjoyhint-3.1.0/enjoyhint.js HTTP/1.1" 200 38322 "https://172.17.0.1:9444/publisher/site/pages/login.jag?requestedPage=/publisher/info?name%3DNawalokaPatientService%26version%3D1.0.0%26provider%3Dadmin" "Mozilla/5.0 (X11; Linux x86_64) AppleWebKit/537.36 (KHTML, like Gecko) Chrome/62.0.3202.94 Safari/537.36"
10.100.5.100 - - [16/Nov/2017:16:30:16 +0530] "GET /publisher/site/themes/wso2/libs/enjoyhint-3.1.0/js/cloud-enjoyhint-functions.js HTTP/1.1" 200 1030 "https://172.17.0.1:9444/publisher/site/pages/login.jag?requestedPage=/publisher/info?name%3DNawalokaPatientService%26version%3D1.0.0%26provider%3Dadmin" "Mozilla/5.0 (X11; Linux x86_64) AppleWebKit/537.36 (KHTML, like Gecko) Chrome/62.0.3202.94 Safari/537.36"
10.100.5.100 - - [16/Nov/2017:16:30:16 +0530] "GET /publisher/site/themes/wso2/libs/handlebars.min.js HTTP/1.1" 200 36033 "https://172.17.0.1:9444/publisher/site/pages/login.jag?requestedPage=/publisher/info?name%3DNawalokaPatientService%26version%3D1.0.0%26provider%3Dadmin" "Mozilla/5.0 (X11; Linux x86_64) AppleWebKit/537.36 (KHTML, like Gecko) Chrome/62.0.3202.94 Safari/537.36"
10.100.5.100 - - [16/Nov/2017:16:30:16 +0530] "GET /publisher/site/themes/wso2/templates/page/base/js/jagg.js HTTP/1.1" 200 2621 "https://172.17.0.1:9444/publisher/site/pages/login.jag?requestedPage=/publisher/info?name%3DNawalokaPatientService%26version%3D1.0.0%26provider%3Dadmin" "Mozilla/5.0 (X11; Linux x86_64) AppleWebKit/537.36 (KHTML, like Gecko) Chrome/62.0.3202.94 Safari/537.36"
10.100.5.100 - - [16/Nov/2017:16:30:16 +0530] "GET /publisher/site/themes/wso2/templates/utils/dialog/workflow-dialog.js HTTP/1.1" 200 944 "https://172.17.0.1:9444/publisher/site/pages/login.jag?requestedPage=/publisher/info?name%3DNawalokaPatientService%26version%3D1.0.0%26provider%3Dadmin" "Mozilla/5.0 (X11; Linux x86_64) AppleWebKit/537.36 (KHTML, like Gecko) Chrome/62.0.3202.94 Safari/537.36"
10.100.5.100 - - [16/Nov/2017:16:30:16 +0530] "GET /publisher/site/themes/wso2/templates/user/login/js/login.js HTTP/1.1" 200 865 "https://172.17.0.1:9444/publisher/site/pages/login.jag?requestedPage=/publisher/info?name%3DNawalokaPatientService%26version%3D1.0.0%26provider%3Dadmin" "Mozilla/5.0 (X11; Linux x86_64) AppleWebKit/537.36 (KHTML, like Gecko) Chrome/62.0.3202.94 Safari/537.36"
10.100.5.100 - - [16/Nov/2017:16:30:16 +0530] "GET /publisher/site/themes/wso2/templates/menu/primary/js/logout.js HTTP/1.1" 200 965 "https://172.17.0.1:9444/publisher/site/pages/login.jag?requestedPage=/publisher/info?name%3DNawalokaPatientService%26version%3D1.0.0%26provider%3Dadmin" "Mozilla/5.0 (X11; Linux x86_64) AppleWebKit/537.36 (KHTML, like Gecko) Chrome/62.0.3202.94 Safari/537.36"
10.100.5.100 - - [16/Nov/2017:16:30:16 +0530] "GET /publisher/site/themes/wso2/libs/main.js HTTP/1.1" 200 1417 "https://172.17.0.1:9444/publisher/site/pages/login.jag?requestedPage=/publisher/info?name%3DNawalokaPatientService%26version%3D1.0.0%26provider%3Dadmin" "Mozilla/5.0 (X11; Linux x86_64) AppleWebKit/537.36 (KHTML, like Gecko) Chrome/62.0.3202.94 Safari/537.36"
10.100.5.100 - - [16/Nov/2017:16:30:16 +0530] "GET /publisher/site/themes/wso2/libs/bootstrap_3.3.5/js/bootstrap.min.js HTTP/1.1" 200 9891 "https://172.17.0.1:9444/publisher/site/pages/login.jag?requestedPage=/publisher/info?name%3DNawalokaPatientService%26version%3D1.0.0%26provider%3Dadmin" "Mozilla/5.0 (X11; Linux x86_64) AppleWebKit/537.36 (KHTML, like Gecko) Chrome/62.0.3202.94 Safari/537.36"
10.100.5.100 - - [16/Nov/2017:16:30:16 +0530] "GET /publisher/site/themes/wso2/libs/theme-wso2_1.0/js/theme-wso2.js HTTP/1.1" 200 7679 "https://172.17.0.1:9444/publisher/site/pages/login.jag?requestedPage=/publisher/info?name%3DNawalokaPatientService%26version%3D1.0.0%26provider%3Dadmin" "Mozilla/5.0 (X11; Linux x86_64) AppleWebKit/537.36 (KHTML, like Gecko) Chrome/62.0.3202.94 Safari/537.36"
10.100.5.100 - - [16/Nov/2017:16:30:16 +0530] "GET /publisher/site/themes/wso2/libs/bootstrap-select/js/bootstrap-select.min.js HTTP/1.1" 200 8766 "https://172.17.0.1:9444/publisher/site/pages/login.jag?requestedPage=/publisher/info?name%3DNawalokaPatientService%26version%3D1.0.0%26provider%3Dadmin" "Mozilla/5.0 (X11; Linux x86_64) AppleWebKit/537.36 (KHTML, like Gecko) Chrome/62.0.3202.94 Safari/537.36"
10.100.5.100 - - [16/Nov/2017:16:30:16 +0530] "GET /publisher/site/themes/wso2/libs/jquery.form.js HTTP/1.1" 200 10761 "https://172.17.0.1:9444/publisher/site/pages/login.jag?requestedPage=/publisher/info?name%3DNawalokaPatientService%26version%3D1.0.0%26provider%3Dadmin" "Mozilla/5.0 (X11; Linux x86_64) AppleWebKit/537.36 (KHTML, like Gecko) Chrome/62.0.3202.94 Safari/537.36"
10.100.5.100 - - [16/Nov/2017:16:30:16 +0530] "GET /publisher/site/themes/wso2/libs/jquery.cookie.js HTTP/1.1" 200 1941 "https://172.17.0.1:9444/publisher/site/pages/login.jag?requestedPage=/publisher/info?name%3DNawalokaPatientService%26version%3D1.0.0%26provider%3Dadmin" "Mozilla/5.0 (X11; Linux x86_64) AppleWebKit/537.36 (KHTML, like Gecko) Chrome/62.0.3202.94 Safari/537.36"
10.100.5.100 - - [16/Nov/2017:16:30:16 +0530] "GET /publisher/site/themes/wso2/libs/typeahead.jquery.min.js HTTP/1.1" 200 8321 "https://172.17.0.1:9444/publisher/site/pages/login.jag?requestedPage=/publisher/info?name%3DNawalokaPatientService%26version%3D1.0.0%26provider%3Dadmin" "Mozilla/5.0 (X11; Linux x86_64) AppleWebKit/537.36 (KHTML, like Gecko) Chrome/62.0.3202.94 Safari/537.36"
10.100.5.100 - - [16/Nov/2017:16:30:16 +0530] "GET /publisher/site/themes/wso2/libs/bootstrap3-editable/js/bootstrap-editable.min.js HTTP/1.1" 200 19452 "https://172.17.0.1:9444/publisher/site/pages/login.jag?requestedPage=/publisher/info?name%3DNawalokaPatientService%26version%3D1.0.0%26provider%3Dadmin" "Mozilla/5.0 (X11; Linux x86_64) AppleWebKit/537.36 (KHTML, like Gecko) Chrome/62.0.3202.94 Safari/537.36"
10.100.5.100 - - [16/Nov/2017:16:30:16 +0530] "GET /publisher/site/themes/wso2/libs/jasny-bootstrap/dist/js/jasny-bootstrap.min.js HTTP/1.1" 200 4959 "https://172.17.0.1:9444/publisher/site/pages/login.jag?requestedPage=/publisher/info?name%3DNawalokaPatientService%26version%3D1.0.0%26provider%3Dadmin" "Mozilla/5.0 (X11; Linux x86_64) AppleWebKit/537.36 (KHTML, like Gecko) Chrome/62.0.3202.94 Safari/537.36"
10.100.5.100 - - [16/Nov/2017:16:30:16 +0530] "GET /publisher/site/themes/wso2/libs/data-tables_1.10.7/media/js/jquery.dataTables.min.js HTTP/1.1" 200 27457 "https://172.17.0.1:9444/publisher/site/pages/login.jag?requestedPage=/publisher/info?name%3DNawalokaPatientService%26version%3D1.0.0%26provider%3Dadmin" "Mozilla/5.0 (X11; Linux x86_64) AppleWebKit/537.36 (KHTML, like Gecko) Chrome/62.0.3202.94 Safari/537.36"
10.100.5.100 - - [16/Nov/2017:16:30:16 +0530] "GET /publisher/site/themes/wso2/libs/data-tables_1.10.7/extensions/Bootstrap/js/dataTables.bootstrap.js HTTP/1.1" 200 2004 "https://172.17.0.1:9444/publisher/site/pages/login.jag?requestedPage=/publisher/info?name%3DNawalokaPatientService%26version%3D1.0.0%26provider%3Dadmin" "Mozilla/5.0 (X11; Linux x86_64) AppleWebKit/537.36 (KHTML, like Gecko) Chrome/62.0.3202.94 Safari/537.36"
10.100.5.100 - - [16/Nov/2017:16:30:16 +0530] "GET /publisher/site/themes/wso2/libs/data-tables_1.10.7/extensions/Responsive/js/dataTables.responsive.js HTTP/1.1" 200 8293 "https://172.17.0.1:9444/publisher/site/pages/login.jag?requestedPage=/publisher/info?name%3DNawalokaPatientService%26version%3D1.0.0%26provider%3Dadmin" "Mozilla/5.0 (X11; Linux x86_64) AppleWebKit/537.36 (KHTML, like Gecko) Chrome/62.0.3202.94 Safari/537.36"
10.100.5.100 - - [16/Nov/2017:16:30:16 +0530] "GET /publisher/site/themes/wso2/templates/utils/common/common.js HTTP/1.1" 200 1950 "https://172.17.0.1:9444/publisher/site/pages/login.jag?requestedPage=/publisher/info?name%3DNawalokaPatientService%26version%3D1.0.0%26provider%3Dadmin" "Mozilla/5.0 (X11; Linux x86_64) AppleWebKit/537.36 (KHTML, like Gecko) Chrome/62.0.3202.94 Safari/537.36"
10.100.5.100 - - [16/Nov/2017:16:30:16 +0530] "GET /publisher/site/themes/wso2/libs/noty-2.3.8/js/noty/packaged/jquery.noty.packaged.js HTTP/1.1" 200 7037 "https://172.17.0.1:9444/publisher/site/pages/login.jag?requestedPage=/publisher/info?name%3DNawalokaPatientService%26version%3D1.0.0%26provider%3Dadmin" "Mozilla/5.0 (X11; Linux x86_64) AppleWebKit/537.36 (KHTML, like Gecko) Chrome/62.0.3202.94 Safari/537.36"
10.100.5.100 - - [16/Nov/2017:16:30:16 +0530] "GET /publisher/site/themes/wso2/libs/theme-wso2_1.0/js/noty-theme-wso2.js HTTP/1.1" 200 1467 "https://172.17.0.1:9444/publisher/site/pages/login.jag?requestedPage=/publisher/info?name%3DNawalokaPatientService%26version%3D1.0.0%26provider%3Dadmin" "Mozilla/5.0 (X11; Linux x86_64) AppleWebKit/537.36 (KHTML, like Gecko) Chrome/62.0.3202.94 Safari/537.36"
10.100.5.100 - - [16/Nov/2017:16:30:16 +0530] "GET /publisher/site/themes/wso2/libs/noty-2.3.8/js/noty/layouts/topRight.js HTTP/1.1" 200 990 "https://172.17.0.1:9444/publisher/site/pages/login.jag?requestedPage=/publisher/info?name%3DNawalokaPatientService%26version%3D1.0.0%26provider%3Dadmin" "Mozilla/5.0 (X11; Linux x86_64) AppleWebKit/537.36 (KHTML, like Gecko) Chrome/62.0.3202.94 Safari/537.36"
10.100.5.100 - - [16/Nov/2017:16:30:16 +0530] "GET /publisher/site/themes/wso2/templates/utils/button-loader/jquery.buttonLoader.js HTTP/1.1" 200 827 "https://172.17.0.1:9444/publisher/site/pages/login.jag?requestedPage=/publisher/info?name%3DNawalokaPatientService%26version%3D1.0.0%26provider%3Dadmin" "Mozilla/5.0 (X11; Linux x86_64) AppleWebKit/537.36 (KHTML, like Gecko) Chrome/62.0.3202.94 Safari/537.36"
10.100.5.100 - - [16/Nov/2017:16:30:16 +0530] "GET /publisher/site/themes/wso2/images/logo-white.png HTTP/1.1" 200 12995 "https://172.17.0.1:9444/publisher/site/pages/login.jag?requestedPage=/publisher/info?name%3DNawalokaPatientService%26version%3D1.0.0%26provider%3Dadmin" "Mozilla/5.0 (X11; Linux x86_64) AppleWebKit/537.36 (KHTML, like Gecko) Chrome/62.0.3202.94 Safari/537.36"
