10.100.5.100 - - [30/Nov/2017:10:55:06 +0530] "GET /publisher/site/themes/wso2/libs/font-wso2_1.0.2/css/font-wso2.min.css HTTP/1.1" 200 2728 "https://172.17.0.1:9444/publisher/manage?name=NawalokaPatientService2&version=1.0.0&provider=admin" "Mozilla/5.0 (X11; Linux x86_64) AppleWebKit/537.36 (KHTML, like Gecko) Chrome/62.0.3202.94 Safari/537.36"
10.100.5.100 - - [30/Nov/2017:10:55:06 +0530] "GET /publisher/site/themes/wso2/libs/theme-wso2_1.0/css/theme-wso2.css HTTP/1.1" 200 31338 "https://172.17.0.1:9444/publisher/manage?name=NawalokaPatientService2&version=1.0.0&provider=admin" "Mozilla/5.0 (X11; Linux x86_64) AppleWebKit/537.36 (KHTML, like Gecko) Chrome/62.0.3202.94 Safari/537.36"
10.100.5.100 - - [30/Nov/2017:10:55:06 +0530] "GET /publisher/site/themes/wso2/libs/bootstrap-select/css/bootstrap-select.min.css HTTP/1.1" 200 1442 "https://172.17.0.1:9444/publisher/manage?name=NawalokaPatientService2&version=1.0.0&provider=admin" "Mozilla/5.0 (X11; Linux x86_64) AppleWebKit/537.36 (KHTML, like Gecko) Chrome/62.0.3202.94 Safari/537.36"
10.100.5.100 - - [30/Nov/2017:10:55:06 +0530] "GET /publisher/site/themes/wso2/libs/bootstrap-rating/bootstrap-rating.css HTTP/1.1" 200 210 "https://172.17.0.1:9444/publisher/manage?name=NawalokaPatientService2&version=1.0.0&provider=admin" "Mozilla/5.0 (X11; Linux x86_64) AppleWebKit/537.36 (KHTML, like Gecko) Chrome/62.0.3202.94 Safari/537.36"
10.100.5.100 - - [30/Nov/2017:10:55:06 +0530] "GET /publisher/site/themes/wso2/css/custom.css HTTP/1.1" 200 1115 "https://172.17.0.1:9444/publisher/manage?name=NawalokaPatientService2&version=1.0.0&provider=admin" "Mozilla/5.0 (X11; Linux x86_64) AppleWebKit/537.36 (KHTML, like Gecko) Chrome/62.0.3202.94 Safari/537.36"
10.100.5.100 - - [30/Nov/2017:10:55:06 +0530] "GET /publisher/site/themes/wso2/libs/jasny-bootstrap/dist/css/jasny-bootstrap.min.css HTTP/1.1" 200 2529 "https://172.17.0.1:9444/publisher/manage?name=NawalokaPatientService2&version=1.0.0&provider=admin" "Mozilla/5.0 (X11; Linux x86_64) AppleWebKit/537.36 (KHTML, like Gecko) Chrome/62.0.3202.94 Safari/537.36"
10.100.5.100 - - [30/Nov/2017:10:55:06 +0530] "GET /publisher/site/themes/wso2/libs/data-tables_1.10.7/extensions/Responsive/css/dataTables.responsive.css HTTP/1.1" 200 656 "https://172.17.0.1:9444/publisher/manage?name=NawalokaPatientService2&version=1.0.0&provider=admin" "Mozilla/5.0 (X11; Linux x86_64) AppleWebKit/537.36 (KHTML, like Gecko) Chrome/62.0.3202.94 Safari/537.36"
10.100.5.100 - - [30/Nov/2017:10:55:06 +0530] "GET /publisher/site/themes/wso2/libs/data-tables_1.10.7/extensions/Bootstrap/css/dataTables.bootstrap.css HTTP/1.1" 200 1969 "https://172.17.0.1:9444/publisher/manage?name=NawalokaPatientService2&version=1.0.0&provider=admin" "Mozilla/5.0 (X11; Linux x86_64) AppleWebKit/537.36 (KHTML, like Gecko) Chrome/62.0.3202.94 Safari/537.36"
10.100.5.100 - - [30/Nov/2017:10:55:06 +0530] "GET /publisher/site/themes/wso2/templates/item-design/css/api-designer.css HTTP/1.1" 200 1410 "https://172.17.0.1:9444/publisher/manage?name=NawalokaPatientService2&version=1.0.0&provider=admin" "Mozilla/5.0 (X11; Linux x86_64) AppleWebKit/537.36 (KHTML, like Gecko) Chrome/62.0.3202.94 Safari/537.36"
10.100.5.100 - - [30/Nov/2017:10:55:06 +0530] "GET /publisher/site/conf/locales/js/i18nResources.json HTTP/1.1" 200 12454 "https://172.17.0.1:9444/publisher/manage?name=NawalokaPatientService2&version=1.0.0&provider=admin" "Mozilla/5.0 (X11; Linux x86_64) AppleWebKit/537.36 (KHTML, like Gecko) Chrome/62.0.3202.94 Safari/537.36"
10.100.5.100 - - [30/Nov/2017:10:55:06 +0530] "GET /publisher/site/themes/wso2/libs/enjoyhint-3.1.0/enjoyhint.css HTTP/1.1" 200 1261 "https://172.17.0.1:9444/publisher/manage?name=NawalokaPatientService2&version=1.0.0&provider=admin" "Mozilla/5.0 (X11; Linux x86_64) AppleWebKit/537.36 (KHTML, like Gecko) Chrome/62.0.3202.94 Safari/537.36"
10.100.5.100 - - [30/Nov/2017:10:55:06 +0530] "GET /publisher/site/themes/wso2/libs/enjoyhint-3.1.0/src/jquery.enjoyhint.css HTTP/1.1" 200 1287 "https://172.17.0.1:9444/publisher/manage?name=NawalokaPatientService2&version=1.0.0&provider=admin" "Mozilla/5.0 (X11; Linux x86_64) AppleWebKit/537.36 (KHTML, like Gecko) Chrome/62.0.3202.94 Safari/537.36"
10.100.5.100 - - [30/Nov/2017:10:55:06 +0530] "GET /publisher/site/themes/wso2/libs/select2_4.0.0/css/select2.min.css HTTP/1.1" 200 1959 "https://172.17.0.1:9444/publisher/manage?name=NawalokaPatientService2&version=1.0.0&provider=admin" "Mozilla/5.0 (X11; Linux x86_64) AppleWebKit/537.36 (KHTML, like Gecko) Chrome/62.0.3202.94 Safari/537.36"
10.100.5.100 - - [30/Nov/2017:10:55:06 +0530] "GET /publisher/site/themes/wso2/libs/bootstrap3-editable/css/bootstrap-editable.css HTTP/1.1" 200 3553 "https://172.17.0.1:9444/publisher/manage?name=NawalokaPatientService2&version=1.0.0&provider=admin" "Mozilla/5.0 (X11; Linux x86_64) AppleWebKit/537.36 (KHTML, like Gecko) Chrome/62.0.3202.94 Safari/537.36"
10.100.5.100 - - [30/Nov/2017:10:55:06 +0530] "GET /publisher/site/conf/locales/js/i18nResources.json HTTP/1.1" 200 12454 "https://172.17.0.1:9444/publisher/manage?name=NawalokaPatientService2&version=1.0.0&provider=admin" "Mozilla/5.0 (X11; Linux x86_64) AppleWebKit/537.36 (KHTML, like Gecko) Chrome/62.0.3202.94 Safari/537.36"
10.100.5.100 - - [30/Nov/2017:10:55:06 +0530] "GET /publisher/site/conf/locales/js/i18nResources.json HTTP/1.1" 200 12454 "https://172.17.0.1:9444/publisher/manage?name=NawalokaPatientService2&version=1.0.0&provider=admin" "Mozilla/5.0 (X11; Linux x86_64) AppleWebKit/537.36 (KHTML, like Gecko) Chrome/62.0.3202.94 Safari/537.36"
10.100.5.100 - - [30/Nov/2017:10:55:06 +0530] "GET /publisher/site/themes/wso2/templates/item-manage/js/api-manage.js HTTP/1.1" 200 2695 "https://172.17.0.1:9444/publisher/manage?name=NawalokaPatientService2&version=1.0.0&provider=admin" "Mozilla/5.0 (X11; Linux x86_64) AppleWebKit/537.36 (KHTML, like Gecko) Chrome/62.0.3202.94 Safari/537.36"
10.100.5.100 - - [30/Nov/2017:10:55:06 +0530] "GET /publisher/site/themes/wso2/libs/bootstrap-multiselect.js HTTP/1.1" 200 5574 "https://172.17.0.1:9444/publisher/manage?name=NawalokaPatientService2&version=1.0.0&provider=admin" "Mozilla/5.0 (X11; Linux x86_64) AppleWebKit/537.36 (KHTML, like Gecko) Chrome/62.0.3202.94 Safari/537.36"
10.100.5.100 - - [30/Nov/2017:10:55:06 +0530] "GET /publisher/site/themes/wso2/libs/src-noconflict/mode-javascript.js HTTP/1.1" 200 9269 "https://172.17.0.1:9444/publisher/manage?name=NawalokaPatientService2&version=1.0.0&provider=admin" "Mozilla/5.0 (X11; Linux x86_64) AppleWebKit/537.36 (KHTML, like Gecko) Chrome/62.0.3202.94 Safari/537.36"
10.100.5.100 - - [30/Nov/2017:10:55:06 +0530] "GET /publisher/site/blocks/item-design/ajax/add.jag?name=NawalokaPatientService2&version=1.0.0&provider=admin&action=swagger HTTP/1.1" 200 1699 "https://172.17.0.1:9444/publisher/manage?name=NawalokaPatientService2&version=1.0.0&provider=admin" "Mozilla/5.0 (X11; Linux x86_64) AppleWebKit/537.36 (KHTML, like Gecko) Chrome/62.0.3202.94 Safari/537.36"
10.100.5.100 - - [30/Nov/2017:10:55:06 +0530] "POST /publisher/site/blocks/item-design/ajax/add.jag HTTP/1.1" 200 32 "https://172.17.0.1:9444/publisher/manage?name=NawalokaPatientService2&version=1.0.0&provider=admin" "Mozilla/5.0 (X11; Linux x86_64) AppleWebKit/537.36 (KHTML, like Gecko) Chrome/62.0.3202.94 Safari/537.36"
10.100.5.100 - - [30/Nov/2017:10:55:11 +0530] "GET /publisher/site/themes/wso2/libs/bootstrap3-editable/img/loading.gif HTTP/1.1" 200 1849 "https://172.17.0.1:9444/publisher/site/themes/wso2/libs/bootstrap3-editable/css/bootstrap-editable.css" "Mozilla/5.0 (X11; Linux x86_64) AppleWebKit/537.36 (KHTML, like Gecko) Chrome/62.0.3202.94 Safari/537.36"
- 127.0.0.1  - [30/Nov/2017:10:56:15 +0530] "- - " 400 - "-" "-"
- 10.100.5.100 - - [30/Nov/2017:10:56:15 +0530] "POST /token HTTP/1.1" - 85 "-" "curl/7.55.1"
- 10.100.5.100  - [30/Nov/2017:10:56:15 +0530] "- - " 400 - "-" "-"
- 127.0.0.1 - - [30/Nov/2017:10:56:15 +0530] "POST /oauth2/token HTTP/1.1" - - "-" "Synapse-PT-HttpComponents-NIO"
10.100.5.100 - - [30/Nov/2017:10:57:05 +0530] "GET /store/ HTTP/1.1" 200 6125 "https://172.17.0.1:9444/store/site/pages/application.jag?name=Nawalaka2" "Mozilla/5.0 (X11; Linux x86_64) AppleWebKit/537.36 (KHTML, like Gecko) Chrome/62.0.3202.94 Safari/537.36"
10.100.5.100 - - [30/Nov/2017:10:57:05 +0530] "GET /store/site/themes/wso2/libs/bootstrap_3.3.5/css/bootstrap.min.css HTTP/1.1" 200 20162 "https://172.17.0.1:9444/store/" "Mozilla/5.0 (X11; Linux x86_64) AppleWebKit/537.36 (KHTML, like Gecko) Chrome/62.0.3202.94 Safari/537.36"
10.100.5.100 - - [30/Nov/2017:10:57:05 +0530] "GET /store/site/themes/wso2/libs/theme-wso2_1.0/css/theme-wso2.css HTTP/1.1" 200 32108 "https://172.17.0.1:9444/store/" "Mozilla/5.0 (X11; Linux x86_64) AppleWebKit/537.36 (KHTML, like Gecko) Chrome/62.0.3202.94 Safari/537.36"
10.100.5.100 - - [30/Nov/2017:10:57:05 +0530] "GET /store/site/themes/wso2/libs/data-tables_1.10.7/extensions/Bootstrap/css/dataTables.bootstrap.css HTTP/1.1" 200 1969 "https://172.17.0.1:9444/store/" "Mozilla/5.0 (X11; Linux x86_64) AppleWebKit/537.36 (KHTML, like Gecko) Chrome/62.0.3202.94 Safari/537.36"
10.100.5.100 - - [30/Nov/2017:10:57:05 +0530] "GET /store/site/themes/wso2/libs/enjoyhint-3.1.0/enjoyhint.css HTTP/1.1" 200 1262 "https://172.17.0.1:9444/store/" "Mozilla/5.0 (X11; Linux x86_64) AppleWebKit/537.36 (KHTML, like Gecko) Chrome/62.0.3202.94 Safari/537.36"
10.100.5.100 - - [30/Nov/2017:10:57:05 +0530] "GET /store/site/themes/wso2/libs/font-awesome/css/font-awesome.min.css HTTP/1.1" 200 5529 "https://172.17.0.1:9444/store/" "Mozilla/5.0 (X11; Linux x86_64) AppleWebKit/537.36 (KHTML, like Gecko) Chrome/62.0.3202.94 Safari/537.36"
10.100.5.100 - - [30/Nov/2017:10:57:05 +0530] "GET /store/site/themes/wso2/libs/font-wso2_1.0.2/css/font-wso2.min.css HTTP/1.1" 200 2728 "https://172.17.0.1:9444/store/" "Mozilla/5.0 (X11; Linux x86_64) AppleWebKit/537.36 (KHTML, like Gecko) Chrome/62.0.3202.94 Safari/537.36"
10.100.5.100 - - [30/Nov/2017:10:57:05 +0530] "GET /store/site/themes/wso2/libs/enjoyhint-3.1.0/src/jquery.enjoyhint.css HTTP/1.1" 200 1287 "https://172.17.0.1:9444/store/" "Mozilla/5.0 (X11; Linux x86_64) AppleWebKit/537.36 (KHTML, like Gecko) Chrome/62.0.3202.94 Safari/537.36"
10.100.5.100 - - [30/Nov/2017:10:57:05 +0530] "GET /store/site/themes/wso2/libs/data-tables_1.10.7/extensions/Responsive/css/dataTables.responsive.css HTTP/1.1" 200 656 "https://172.17.0.1:9444/store/" "Mozilla/5.0 (X11; Linux x86_64) AppleWebKit/537.36 (KHTML, like Gecko) Chrome/62.0.3202.94 Safari/537.36"
10.100.5.100 - - [30/Nov/2017:10:57:05 +0530] "GET /store/site/themes/wso2/css/custom.css HTTP/1.1" 200 2938 "https://172.17.0.1:9444/store/" "Mozilla/5.0 (X11; Linux x86_64) AppleWebKit/537.36 (KHTML, like Gecko) Chrome/62.0.3202.94 Safari/537.36"
10.100.5.100 - - [30/Nov/2017:10:57:05 +0530] "GET /store/site/themes/wso2/libs/bootstrap-select/css/bootstrap-select.min.css HTTP/1.1" 200 1511 "https://172.17.0.1:9444/store/" "Mozilla/5.0 (X11; Linux x86_64) AppleWebKit/537.36 (KHTML, like Gecko) Chrome/62.0.3202.94 Safari/537.36"
10.100.5.100 - - [30/Nov/2017:10:57:05 +0530] "GET /store/site/themes/wso2/libs/bootstrap-rating/bootstrap-rating.css HTTP/1.1" 200 210 "https://172.17.0.1:9444/store/" "Mozilla/5.0 (X11; Linux x86_64) AppleWebKit/537.36 (KHTML, like Gecko) Chrome/62.0.3202.94 Safari/537.36"
10.100.5.100 - - [30/Nov/2017:10:57:05 +0530] "GET /store/site/themes/wso2/libs/jquery.tagcloud.js HTTP/1.1" 200 958 "https://172.17.0.1:9444/store/" "Mozilla/5.0 (X11; Linux x86_64) AppleWebKit/537.36 (KHTML, like Gecko) Chrome/62.0.3202.94 Safari/537.36"
10.100.5.100 - - [30/Nov/2017:10:57:05 +0530] "GET /store/site/conf/locales/js/i18nResources.json HTTP/1.1" 200 9741 "https://172.17.0.1:9444/store/" "Mozilla/5.0 (X11; Linux x86_64) AppleWebKit/537.36 (KHTML, like Gecko) Chrome/62.0.3202.94 Safari/537.36"
10.100.5.100 - - [30/Nov/2017:10:57:05 +0530] "GET /store/site/conf/locales/js/i18nResources.json HTTP/1.1" 200 9741 "https://172.17.0.1:9444/store/" "Mozilla/5.0 (X11; Linux x86_64) AppleWebKit/537.36 (KHTML, like Gecko) Chrome/62.0.3202.94 Safari/537.36"
10.100.5.100 - - [30/Nov/2017:10:57:05 +0530] "GET /store/site/conf/locales/js/i18nResources.json HTTP/1.1" 200 9741 "https://172.17.0.1:9444/store/" "Mozilla/5.0 (X11; Linux x86_64) AppleWebKit/537.36 (KHTML, like Gecko) Chrome/62.0.3202.94 Safari/537.36"
10.100.5.100 - - [30/Nov/2017:10:57:05 +0530] "POST /store/site/blocks/tag/tag-cloud/ajax/list.jag HTTP/1.1" 200 64 "https://172.17.0.1:9444/store/" "Mozilla/5.0 (X11; Linux x86_64) AppleWebKit/537.36 (KHTML, like Gecko) Chrome/62.0.3202.94 Safari/537.36"
10.100.5.100 - - [30/Nov/2017:10:57:08 +0530] "GET /store/apis/info?name=NawalokaPatientService2&version=1.0.0&provider=admin HTTP/1.1" 200 11822 "https://172.17.0.1:9444/store/" "Mozilla/5.0 (X11; Linux x86_64) AppleWebKit/537.36 (KHTML, like Gecko) Chrome/62.0.3202.94 Safari/537.36"
10.100.5.100 - - [30/Nov/2017:10:57:08 +0530] "GET /store/site/themes/wso2/libs/bootstrap_3.3.5/css/bootstrap.min.css HTTP/1.1" 200 20162 "https://172.17.0.1:9444/store/apis/info?name=NawalokaPatientService2&version=1.0.0&provider=admin" "Mozilla/5.0 (X11; Linux x86_64) AppleWebKit/537.36 (KHTML, like Gecko) Chrome/62.0.3202.94 Safari/537.36"
10.100.5.100 - - [30/Nov/2017:10:57:08 +0530] "GET /store/site/themes/wso2/libs/font-awesome/css/font-awesome.min.css HTTP/1.1" 200 5529 "https://172.17.0.1:9444/store/apis/info?name=NawalokaPatientService2&version=1.0.0&provider=admin" "Mozilla/5.0 (X11; Linux x86_64) AppleWebKit/537.36 (KHTML, like Gecko) Chrome/62.0.3202.94 Safari/537.36"
10.100.5.100 - - [30/Nov/2017:10:57:08 +0530] "GET /store/site/themes/wso2/libs/bootstrap-select/css/bootstrap-select.min.css HTTP/1.1" 200 1511 "https://172.17.0.1:9444/store/apis/info?name=NawalokaPatientService2&version=1.0.0&provider=admin" "Mozilla/5.0 (X11; Linux x86_64) AppleWebKit/537.36 (KHTML, like Gecko) Chrome/62.0.3202.94 Safari/537.36"
10.100.5.100 - - [30/Nov/2017:10:57:08 +0530] "GET /store/site/themes/wso2/css/custom.css HTTP/1.1" 200 2938 "https://172.17.0.1:9444/store/apis/info?name=NawalokaPatientService2&version=1.0.0&provider=admin" "Mozilla/5.0 (X11; Linux x86_64) AppleWebKit/537.36 (KHTML, like Gecko) Chrome/62.0.3202.94 Safari/537.36"
10.100.5.100 - - [30/Nov/2017:10:57:08 +0530] "GET /store/site/themes/wso2/libs/font-wso2_1.0.2/css/font-wso2.min.css HTTP/1.1" 200 2728 "https://172.17.0.1:9444/store/apis/info?name=NawalokaPatientService2&version=1.0.0&provider=admin" "Mozilla/5.0 (X11; Linux x86_64) AppleWebKit/537.36 (KHTML, like Gecko) Chrome/62.0.3202.94 Safari/537.36"
10.100.5.100 - - [30/Nov/2017:10:57:08 +0530] "GET /store/site/themes/wso2/libs/theme-wso2_1.0/css/theme-wso2.css HTTP/1.1" 200 32108 "https://172.17.0.1:9444/store/apis/info?name=NawalokaPatientService2&version=1.0.0&provider=admin" "Mozilla/5.0 (X11; Linux x86_64) AppleWebKit/537.36 (KHTML, like Gecko) Chrome/62.0.3202.94 Safari/537.36"
10.100.5.100 - - [30/Nov/2017:10:57:08 +0530] "GET /store/site/themes/wso2/libs/data-tables_1.10.7/extensions/Responsive/css/dataTables.responsive.css HTTP/1.1" 200 656 "https://172.17.0.1:9444/store/apis/info?name=NawalokaPatientService2&version=1.0.0&provider=admin" "Mozilla/5.0 (X11; Linux x86_64) AppleWebKit/537.36 (KHTML, like Gecko) Chrome/62.0.3202.94 Safari/537.36"
10.100.5.100 - - [30/Nov/2017:10:57:08 +0530] "GET /store/site/themes/wso2/libs/bootstrap-rating/bootstrap-rating.css HTTP/1.1" 200 210 "https://172.17.0.1:9444/store/apis/info?name=NawalokaPatientService2&version=1.0.0&provider=admin" "Mozilla/5.0 (X11; Linux x86_64) AppleWebKit/537.36 (KHTML, like Gecko) Chrome/62.0.3202.94 Safari/537.36"
10.100.5.100 - - [30/Nov/2017:10:57:08 +0530] "GET /store/site/themes/wso2/libs/data-tables_1.10.7/extensions/Bootstrap/css/dataTables.bootstrap.css HTTP/1.1" 200 1969 "https://172.17.0.1:9444/store/apis/info?name=NawalokaPatientService2&version=1.0.0&provider=admin" "Mozilla/5.0 (X11; Linux x86_64) AppleWebKit/537.36 (KHTML, like Gecko) Chrome/62.0.3202.94 Safari/537.36"
10.100.5.100 - - [30/Nov/2017:10:57:08 +0530] "GET /store/site/themes/wso2/libs/enjoyhint-3.1.0/enjoyhint.css HTTP/1.1" 200 1262 "https://172.17.0.1:9444/store/apis/info?name=NawalokaPatientService2&version=1.0.0&provider=admin" "Mozilla/5.0 (X11; Linux x86_64) AppleWebKit/537.36 (KHTML, like Gecko) Chrome/62.0.3202.94 Safari/537.36"
10.100.5.100 - - [30/Nov/2017:10:57:08 +0530] "GET /store/site/themes/wso2/libs/enjoyhint-3.1.0/src/jquery.enjoyhint.css HTTP/1.1" 200 1287 "https://172.17.0.1:9444/store/apis/info?name=NawalokaPatientService2&version=1.0.0&provider=admin" "Mozilla/5.0 (X11; Linux x86_64) AppleWebKit/537.36 (KHTML, like Gecko) Chrome/62.0.3202.94 Safari/537.36"
10.100.5.100 - - [30/Nov/2017:10:57:08 +0530] "GET /store/site/themes/wso2/templates/forum/css/summernote.css HTTP/1.1" 200 2006 "https://172.17.0.1:9444/store/apis/info?name=NawalokaPatientService2&version=1.0.0&provider=admin" "Mozilla/5.0 (X11; Linux x86_64) AppleWebKit/537.36 (KHTML, like Gecko) Chrome/62.0.3202.94 Safari/537.36"
10.100.5.100 - - [30/Nov/2017:10:57:08 +0530] "GET /store/site/themes/wso2/templates/api/overview/js/overview.js HTTP/1.1" 200 772 "https://172.17.0.1:9444/store/apis/info?name=NawalokaPatientService2&version=1.0.0&provider=admin" "Mozilla/5.0 (X11; Linux x86_64) AppleWebKit/537.36 (KHTML, like Gecko) Chrome/62.0.3202.94 Safari/537.36"
10.100.5.100 - - [30/Nov/2017:10:57:08 +0530] "GET /store/site/themes/wso2/templates/api/overview/js/jquery.sharrre.js HTTP/1.1" 200 6361 "https://172.17.0.1:9444/store/apis/info?name=NawalokaPatientService2&version=1.0.0&provider=admin" "Mozilla/5.0 (X11; Linux x86_64) AppleWebKit/537.36 (KHTML, like Gecko) Chrome/62.0.3202.94 Safari/537.36"
10.100.5.100 - - [30/Nov/2017:10:57:08 +0530] "GET /store/site/themes/wso2/templates/api/swagger/swagger/css/screen.css HTTP/1.1" 200 5661 "https://172.17.0.1:9444/store/apis/info?name=NawalokaPatientService2&version=1.0.0&provider=admin" "Mozilla/5.0 (X11; Linux x86_64) AppleWebKit/537.36 (KHTML, like Gecko) Chrome/62.0.3202.94 Safari/537.36"
10.100.5.100 - - [30/Nov/2017:10:57:08 +0530] "GET /store/site/themes/wso2/templates/api/swagger/swagger/lib/handlebars-4.0.5.js HTTP/1.1" 200 21295 "https://172.17.0.1:9444/store/apis/info?name=NawalokaPatientService2&version=1.0.0&provider=admin" "Mozilla/5.0 (X11; Linux x86_64) AppleWebKit/537.36 (KHTML, like Gecko) Chrome/62.0.3202.94 Safari/537.36"
10.100.5.100 - - [30/Nov/2017:10:57:08 +0530] "GET /store/site/themes/wso2/templates/comment/comment-add/js/comment-add.js HTTP/1.1" 200 1783 "https://172.17.0.1:9444/store/apis/info?name=NawalokaPatientService2&version=1.0.0&provider=admin" "Mozilla/5.0 (X11; Linux x86_64) AppleWebKit/537.36 (KHTML, like Gecko) Chrome/62.0.3202.94 Safari/537.36"
10.100.5.100 - - [30/Nov/2017:10:57:08 +0530] "GET /store/site/themes/wso2/templates/api/swagger/swagger/lib/object-assign-pollyfill.js HTTP/1.1" 200 349 "https://172.17.0.1:9444/store/apis/info?name=NawalokaPatientService2&version=1.0.0&provider=admin" "Mozilla/5.0 (X11; Linux x86_64) AppleWebKit/537.36 (KHTML, like Gecko) Chrome/62.0.3202.94 Safari/537.36"
10.100.5.100 - - [30/Nov/2017:10:57:08 +0530] "GET /store/site/themes/wso2/templates/api/swagger/swagger/lib/jquery.slideto.min.js HTTP/1.1" 200 365 "https://172.17.0.1:9444/store/apis/info?name=NawalokaPatientService2&version=1.0.0&provider=admin" "Mozilla/5.0 (X11; Linux x86_64) AppleWebKit/537.36 (KHTML, like Gecko) Chrome/62.0.3202.94 Safari/537.36"
10.100.5.100 - - [30/Nov/2017:10:57:08 +0530] "GET /store/site/themes/wso2/templates/api/swagger/swagger/lib/jquery.wiggle.min.js HTTP/1.1" 200 536 "https://172.17.0.1:9444/store/apis/info?name=NawalokaPatientService2&version=1.0.0&provider=admin" "Mozilla/5.0 (X11; Linux x86_64) AppleWebKit/537.36 (KHTML, like Gecko) Chrome/62.0.3202.94 Safari/537.36"
10.100.5.100 - - [30/Nov/2017:10:57:08 +0530] "GET /store/site/themes/wso2/templates/api/swagger/swagger/lib/jquery.ba-bbq.min.js HTTP/1.1" 200 1818 "https://172.17.0.1:9444/store/apis/info?name=NawalokaPatientService2&version=1.0.0&provider=admin" "Mozilla/5.0 (X11; Linux x86_64) AppleWebKit/537.36 (KHTML, like Gecko) Chrome/62.0.3202.94 Safari/537.36"
10.100.5.100 - - [30/Nov/2017:10:57:08 +0530] "GET /store/site/themes/wso2/templates/api/swagger/swagger/lib/highlight.9.1.0.pack.js HTTP/1.1" 200 5042 "https://172.17.0.1:9444/store/apis/info?name=NawalokaPatientService2&version=1.0.0&provider=admin" "Mozilla/5.0 (X11; Linux x86_64) AppleWebKit/537.36 (KHTML, like Gecko) Chrome/62.0.3202.94 Safari/537.36"
10.100.5.100 - - [30/Nov/2017:10:57:08 +0530] "GET /store/site/themes/wso2/templates/api/swagger/swagger/lib/highlight.9.1.0.pack_extended.js HTTP/1.1" 200 310 "https://172.17.0.1:9444/store/apis/info?name=NawalokaPatientService2&version=1.0.0&provider=admin" "Mozilla/5.0 (X11; Linux x86_64) AppleWebKit/537.36 (KHTML, like Gecko) Chrome/62.0.3202.94 Safari/537.36"
10.100.5.100 - - [30/Nov/2017:10:57:08 +0530] "GET /store/site/themes/wso2/templates/api/swagger/swagger/lib/backbone-min.js HTTP/1.1" 200 6758 "https://172.17.0.1:9444/store/apis/info?name=NawalokaPatientService2&version=1.0.0&provider=admin" "Mozilla/5.0 (X11; Linux x86_64) AppleWebKit/537.36 (KHTML, like Gecko) Chrome/62.0.3202.94 Safari/537.36"
10.100.5.100 - - [30/Nov/2017:10:57:08 +0530] "GET /store/site/themes/wso2/templates/api/swagger/swagger/lib/js-yaml.min.js HTTP/1.1" 200 13819 "https://172.17.0.1:9444/store/apis/info?name=NawalokaPatientService2&version=1.0.0&provider=admin" "Mozilla/5.0 (X11; Linux x86_64) AppleWebKit/537.36 (KHTML, like Gecko) Chrome/62.0.3202.94 Safari/537.36"
10.100.5.100 - - [30/Nov/2017:10:57:08 +0530] "GET /store/site/themes/wso2/templates/api/swagger/swagger/lib/lodash.min.js HTTP/1.1" 200 19256 "https://172.17.0.1:9444/store/apis/info?name=NawalokaPatientService2&version=1.0.0&provider=admin" "Mozilla/5.0 (X11; Linux x86_64) AppleWebKit/537.36 (KHTML, like Gecko) Chrome/62.0.3202.94 Safari/537.36"
10.100.5.100 - - [30/Nov/2017:10:57:08 +0530] "GET /store/site/themes/wso2/templates/ui/tab/js/init-tabs.js HTTP/1.1" 200 177 "https://172.17.0.1:9444/store/apis/info?name=NawalokaPatientService2&version=1.0.0&provider=admin" "Mozilla/5.0 (X11; Linux x86_64) AppleWebKit/537.36 (KHTML, like Gecko) Chrome/62.0.3202.94 Safari/537.36"
10.100.5.100 - - [30/Nov/2017:10:57:08 +0530] "GET /store/site/themes/wso2/templates/api/swagger/swagger/lib/swagger-oauth.js HTTP/1.1" 200 2542 "https://172.17.0.1:9444/store/apis/info?name=NawalokaPatientService2&version=1.0.0&provider=admin" "Mozilla/5.0 (X11; Linux x86_64) AppleWebKit/537.36 (KHTML, like Gecko) Chrome/62.0.3202.94 Safari/537.36"
10.100.5.100 - - [30/Nov/2017:10:57:08 +0530] "GET /store/site/themes/wso2/templates/api/documentation/js/documentation.js HTTP/1.1" 200 206 "https://172.17.0.1:9444/store/apis/info?name=NawalokaPatientService2&version=1.0.0&provider=admin" "Mozilla/5.0 (X11; Linux x86_64) AppleWebKit/537.36 (KHTML, like Gecko) Chrome/62.0.3202.94 Safari/537.36"
10.100.5.100 - - [30/Nov/2017:10:57:08 +0530] "GET /store/site/themes/wso2/templates/api/swagger/swagger/lib/marked.js HTTP/1.1" 200 5186 "https://172.17.0.1:9444/store/apis/info?name=NawalokaPatientService2&version=1.0.0&provider=admin" "Mozilla/5.0 (X11; Linux x86_64) AppleWebKit/537.36 (KHTML, like Gecko) Chrome/62.0.3202.94 Safari/537.36"
10.100.5.100 - - [30/Nov/2017:10:57:08 +0530] "GET /store/site/themes/wso2/libs/summernote.min.js HTTP/1.1" 200 15213 "https://172.17.0.1:9444/store/apis/info?name=NawalokaPatientService2&version=1.0.0&provider=admin" "Mozilla/5.0 (X11; Linux x86_64) AppleWebKit/537.36 (KHTML, like Gecko) Chrome/62.0.3202.94 Safari/537.36"
10.100.5.100 - - [30/Nov/2017:10:57:08 +0530] "GET /store/site/themes/wso2/templates/api/swagger/swagger/lib/jsoneditor.min.js HTTP/1.1" 200 26614 "https://172.17.0.1:9444/store/apis/info?name=NawalokaPatientService2&version=1.0.0&provider=admin" "Mozilla/5.0 (X11; Linux x86_64) AppleWebKit/537.36 (KHTML, like Gecko) Chrome/62.0.3202.94 Safari/537.36"
10.100.5.100 - - [30/Nov/2017:10:57:08 +0530] "GET /store/site/themes/wso2/templates/api/api-info/js/api-info.js HTTP/1.1" 200 2525 "https://172.17.0.1:9444/store/apis/info?name=NawalokaPatientService2&version=1.0.0&provider=admin" "Mozilla/5.0 (X11; Linux x86_64) AppleWebKit/537.36 (KHTML, like Gecko) Chrome/62.0.3202.94 Safari/537.36"
10.100.5.100 - - [30/Nov/2017:10:57:08 +0530] "GET /store/site/themes/wso2/libs/jquery-charCount/jquery.charCount.js HTTP/1.1" 200 866 "https://172.17.0.1:9444/store/apis/info?name=NawalokaPatientService2&version=1.0.0&provider=admin" "Mozilla/5.0 (X11; Linux x86_64) AppleWebKit/537.36 (KHTML, like Gecko) Chrome/62.0.3202.94 Safari/537.36"
10.100.5.100 - - [30/Nov/2017:10:57:08 +0530] "GET /store/site/themes/wso2/templates/forum/js/forum-list.js HTTP/1.1" 200 4779 "https://172.17.0.1:9444/store/apis/info?name=NawalokaPatientService2&version=1.0.0&provider=admin" "Mozilla/5.0 (X11; Linux x86_64) AppleWebKit/537.36 (KHTML, like Gecko) Chrome/62.0.3202.94 Safari/537.36"
10.100.5.100 - - [30/Nov/2017:10:57:08 +0530] "GET /store/site/themes/wso2/libs/bootstrap-paginator.min.js HTTP/1.1" 200 2411 "https://172.17.0.1:9444/store/apis/info?name=NawalokaPatientService2&version=1.0.0&provider=admin" "Mozilla/5.0 (X11; Linux x86_64) AppleWebKit/537.36 (KHTML, like Gecko) Chrome/62.0.3202.94 Safari/537.36"
10.100.5.100 - - [30/Nov/2017:10:57:08 +0530] "GET /store/site/themes/wso2/images/facebook.png HTTP/1.1" 200 2351 "https://172.17.0.1:9444/store/apis/info?name=NawalokaPatientService2&version=1.0.0&provider=admin" "Mozilla/5.0 (X11; Linux x86_64) AppleWebKit/537.36 (KHTML, like Gecko) Chrome/62.0.3202.94 Safari/537.36"
10.100.5.100 - - [30/Nov/2017:10:57:08 +0530] "GET /store/site/themes/wso2/templates/api/swagger/swagger/swagger-ui.min.js HTTP/1.1" 200 127246 "https://172.17.0.1:9444/store/apis/info?name=NawalokaPatientService2&version=1.0.0&provider=admin" "Mozilla/5.0 (X11; Linux x86_64) AppleWebKit/537.36 (KHTML, like Gecko) Chrome/62.0.3202.94 Safari/537.36"
10.100.5.100 - - [30/Nov/2017:10:57:08 +0530] "GET /store/site/themes/wso2/images/twitter.png HTTP/1.1" 200 2648 "https://172.17.0.1:9444/store/apis/info?name=NawalokaPatientService2&version=1.0.0&provider=admin" "Mozilla/5.0 (X11; Linux x86_64) AppleWebKit/537.36 (KHTML, like Gecko) Chrome/62.0.3202.94 Safari/537.36"
10.100.5.100 - - [30/Nov/2017:10:57:08 +0530] "GET /store/site/themes/wso2/images/google.png HTTP/1.1" 200 2716 "https://172.17.0.1:9444/store/apis/info?name=NawalokaPatientService2&version=1.0.0&provider=admin" "Mozilla/5.0 (X11; Linux x86_64) AppleWebKit/537.36 (KHTML, like Gecko) Chrome/62.0.3202.94 Safari/537.36"
10.100.5.100 - - [30/Nov/2017:10:57:08 +0530] "GET /store/site/themes/wso2/images/diggit.png HTTP/1.1" 200 2646 "https://172.17.0.1:9444/store/apis/info?name=NawalokaPatientService2&version=1.0.0&provider=admin" "Mozilla/5.0 (X11; Linux x86_64) AppleWebKit/537.36 (KHTML, like Gecko) Chrome/62.0.3202.94 Safari/537.36"
10.100.5.100 - - [30/Nov/2017:10:57:08 +0530] "GET /store/site/conf/locales/js/i18nResources.json HTTP/1.1" 200 9741 "https://172.17.0.1:9444/store/apis/info?name=NawalokaPatientService2&version=1.0.0&provider=admin" "Mozilla/5.0 (X11; Linux x86_64) AppleWebKit/537.36 (KHTML, like Gecko) Chrome/62.0.3202.94 Safari/537.36"
10.100.5.100 - - [30/Nov/2017:10:57:08 +0530] "GET /store/site/conf/locales/js/i18nResources.json HTTP/1.1" 200 9741 "https://172.17.0.1:9444/store/apis/info?name=NawalokaPatientService2&version=1.0.0&provider=admin" "Mozilla/5.0 (X11; Linux x86_64) AppleWebKit/537.36 (KHTML, like Gecko) Chrome/62.0.3202.94 Safari/537.36"
10.100.5.100 - - [30/Nov/2017:10:57:08 +0530] "GET /store/site/conf/locales/js/i18nResources.json HTTP/1.1" 200 9741 "https://172.17.0.1:9444/store/apis/info?name=NawalokaPatientService2&version=1.0.0&provider=admin" "Mozilla/5.0 (X11; Linux x86_64) AppleWebKit/537.36 (KHTML, like Gecko) Chrome/62.0.3202.94 Safari/537.36"
- 10.100.5.100 - - [30/Nov/2017:10:56:45 +0530] "POST /token HTTP/1.1" - 85 "-" "curl/7.55.1"
- 127.0.0.1  - [30/Nov/2017:10:56:45 +0530] "- - " 200 - "-" "-"
- 127.0.0.1 - - [30/Nov/2017:10:56:45 +0530] "POST /oauth2/token HTTP/1.1" - - "-" "Synapse-PT-HttpComponents-NIO"
- 10.100.5.100  - [30/Nov/2017:10:56:45 +0530] "- - " 200 - "-" "-"
10.100.5.100 - - [30/Nov/2017:10:57:09 +0530] "POST /store/site/blocks/comment/comment-add/ajax/comment-add.jag HTTP/1.1" 200 33 "https://172.17.0.1:9444/store/apis/info?name=NawalokaPatientService2&version=1.0.0&provider=admin" "Mozilla/5.0 (X11; Linux x86_64) AppleWebKit/537.36 (KHTML, like Gecko) Chrome/62.0.3202.94 Safari/537.36"
10.100.5.100 - - [30/Nov/2017:10:57:09 +0530] "GET /store/site/themes/wso2/libs/theme-wso2_1.0/fonts/Roboto/Roboto-LightItalic.woff2 HTTP/1.1" 404 247 "https://172.17.0.1:9444/store/site/themes/wso2/libs/theme-wso2_1.0/css/theme-wso2.css" "Mozilla/5.0 (X11; Linux x86_64) AppleWebKit/537.36 (KHTML, like Gecko) Chrome/62.0.3202.94 Safari/537.36"
10.100.5.100 - - [30/Nov/2017:10:57:09 +0530] "GET /store/api-docs/admin/NawalokaPatientService2/1.0.0 HTTP/1.1" 200 2207 "https://172.17.0.1:9444/store/apis/info?name=NawalokaPatientService2&version=1.0.0&provider=admin" "Mozilla/5.0 (X11; Linux x86_64) AppleWebKit/537.36 (KHTML, like Gecko) Chrome/62.0.3202.94 Safari/537.36"
10.100.5.100 - - [30/Nov/2017:10:57:09 +0530] "GET /store/api-docs/admin/NawalokaPatientService2/1.0.0?envName=Production%20and%20Sandbox HTTP/1.1" 200 2207 "https://172.17.0.1:9444/store/apis/info?name=NawalokaPatientService2&version=1.0.0&provider=admin" "Mozilla/5.0 (X11; Linux x86_64) AppleWebKit/537.36 (KHTML, like Gecko) Chrome/62.0.3202.94 Safari/537.36"
10.100.5.100 - - [30/Nov/2017:10:57:09 +0530] "GET /store/forum/api/topic?parentId=admin%3ANawalokaPatientService2%3A1.0.0&page=1 HTTP/1.1" 200 44 "https://172.17.0.1:9444/store/apis/info?name=NawalokaPatientService2&version=1.0.0&provider=admin" "Mozilla/5.0 (X11; Linux x86_64) AppleWebKit/537.36 (KHTML, like Gecko) Chrome/62.0.3202.94 Safari/537.36"
10.100.5.100 - - [30/Nov/2017:10:57:09 +0530] "GET /store/site/themes/wso2/libs/theme-wso2_1.0/fonts/Roboto/Roboto-LightItalic.woff HTTP/1.1" 404 247 "https://172.17.0.1:9444/store/site/themes/wso2/libs/theme-wso2_1.0/css/theme-wso2.css" "Mozilla/5.0 (X11; Linux x86_64) AppleWebKit/537.36 (KHTML, like Gecko) Chrome/62.0.3202.94 Safari/537.36"
10.100.5.100 - - [30/Nov/2017:10:57:09 +0530] "GET /store/site/themes/wso2/libs/theme-wso2_1.0/fonts/Roboto/Roboto-LightItalic.ttf HTTP/1.1" 404 247 "https://172.17.0.1:9444/store/site/themes/wso2/libs/theme-wso2_1.0/css/theme-wso2.css" "Mozilla/5.0 (X11; Linux x86_64) AppleWebKit/537.36 (KHTML, like Gecko) Chrome/62.0.3202.94 Safari/537.36"
10.100.5.100 - - [30/Nov/2017:10:57:18 +0530] "GET /store/site/themes/wso2/templates/api/swagger/swagger/images/throbber.gif HTTP/1.1" 200 7159 "https://172.17.0.1:9444/store/site/themes/wso2/templates/api/swagger/swagger/css/screen.css" "Mozilla/5.0 (X11; Linux x86_64) AppleWebKit/537.36 (KHTML, like Gecko) Chrome/62.0.3202.94 Safari/537.36"
- 10.100.5.100 - - [30/Nov/2017:10:57:23 +0530] "OPTIONS /nawaloka2/1.0.0/read?PatientId=abc%40abc.com HTTP/1.1" - - "-" "Mozilla/5.0 (X11; Linux x86_64) AppleWebKit/537.36 (KHTML, like Gecko) Chrome/62.0.3202.94 Safari/537.36"
- 10.100.5.100 - - [30/Nov/2017:10:57:23 +0530] "GET /nawaloka2/1.0.0/read?PatientId=abc%40abc.com HTTP/1.1" - - "https://172.17.0.1:9444/store/apis/info?name=NawalokaPatientService2&version=1.0.0&provider=admin" "Mozilla/5.0 (X11; Linux x86_64) AppleWebKit/537.36 (KHTML, like Gecko) Chrome/62.0.3202.94 Safari/537.36"
- 10.100.5.100  - [30/Nov/2017:10:57:23 +0530] "- - " 200 - "-" "-"
- 127.0.0.1 - - [30/Nov/2017:10:57:24 +0530] "GET /services/ModifiedSEcuredESBResource/read?PatientId=abc%40abc.com HTTP/1.1" - - "https://172.17.0.1:9444/store/apis/info?name=NawalokaPatientService2&version=1.0.0&provider=admin" "Synapse-PT-HttpComponents-NIO"
- 127.0.0.1  - [30/Nov/2017:10:57:24 +0530] "- - " 200 - "-" "-"
- 10.100.5.100 - - [30/Nov/2017:10:57:29 +0530] "OPTIONS /nawaloka2/1.0.0/read?PatientId=abc%40abc.com HTTP/1.1" - - "-" "Mozilla/5.0 (X11; Linux x86_64) AppleWebKit/537.36 (KHTML, like Gecko) Chrome/62.0.3202.94 Safari/537.36"
- 10.100.5.100  - [30/Nov/2017:10:57:25 +0530] "- - " 200 - "-" "-"
- 10.100.5.100 - - [30/Nov/2017:10:57:29 +0530] "GET /nawaloka2/1.0.0/read?PatientId=abc%40abc.com HTTP/1.1" - - "https://172.17.0.1:9444/store/apis/info?name=NawalokaPatientService2&version=1.0.0&provider=admin" "Mozilla/5.0 (X11; Linux x86_64) AppleWebKit/537.36 (KHTML, like Gecko) Chrome/62.0.3202.94 Safari/537.36"
- 10.100.5.100  - [30/Nov/2017:10:57:29 +0530] "- - " 200 - "-" "-"
- 127.0.0.1 - - [30/Nov/2017:10:57:29 +0530] "GET /services/ModifiedSEcuredESBResource/read?PatientId=abc%40abc.com HTTP/1.1" - - "https://172.17.0.1:9444/store/apis/info?name=NawalokaPatientService2&version=1.0.0&provider=admin" "Synapse-PT-HttpComponents-NIO"
- 127.0.0.1  - [30/Nov/2017:10:57:29 +0530] "- - " 200 - "-" "-"
- 10.100.5.100 - - [30/Nov/2017:10:57:30 +0530] "GET /nawaloka2/1.0.0/read?PatientId=abc%40abc.com HTTP/1.1" - - "https://172.17.0.1:9444/store/apis/info?name=NawalokaPatientService2&version=1.0.0&provider=admin" "Mozilla/5.0 (X11; Linux x86_64) AppleWebKit/537.36 (KHTML, like Gecko) Chrome/62.0.3202.94 Safari/537.36"
- 127.0.0.1 - - [30/Nov/2017:10:57:30 +0530] "GET /services/ModifiedSEcuredESBResource/read?PatientId=abc%40abc.com HTTP/1.1" - - "https://172.17.0.1:9444/store/apis/info?name=NawalokaPatientService2&version=1.0.0&provider=admin" "Synapse-PT-HttpComponents-NIO"
- 10.100.5.100  - [30/Nov/2017:10:57:29 +0530] "- - " 200 - "-" "-"
- 10.100.5.100 - - [30/Nov/2017:10:57:32 +0530] "GET /nawaloka2/1.0.0/read?PatientId=abc%40abc.com HTTP/1.1" - - "https://172.17.0.1:9444/store/apis/info?name=NawalokaPatientService2&version=1.0.0&provider=admin" "Mozilla/5.0 (X11; Linux x86_64) AppleWebKit/537.36 (KHTML, like Gecko) Chrome/62.0.3202.94 Safari/537.36"
- 127.0.0.1  - [30/Nov/2017:10:57:30 +0530] "- - " 200 - "-" "-"
- 127.0.0.1 - - [30/Nov/2017:10:57:32 +0530] "GET /services/ModifiedSEcuredESBResource/read?PatientId=abc%40abc.com HTTP/1.1" - - "https://172.17.0.1:9444/store/apis/info?name=NawalokaPatientService2&version=1.0.0&provider=admin" "Synapse-PT-HttpComponents-NIO"
- 10.100.5.100  - [30/Nov/2017:10:57:30 +0530] "- - " 200 - "-" "-"
- 10.100.5.100 - - [30/Nov/2017:10:57:33 +0530] "GET /nawaloka2/1.0.0/read?PatientId=abc%40abc.com HTTP/1.1" - - "https://172.17.0.1:9444/store/apis/info?name=NawalokaPatientService2&version=1.0.0&provider=admin" "Mozilla/5.0 (X11; Linux x86_64) AppleWebKit/537.36 (KHTML, like Gecko) Chrome/62.0.3202.94 Safari/537.36"
- 127.0.0.1  - [30/Nov/2017:10:57:32 +0530] "- - " 200 - "-" "-"
- 127.0.0.1 - - [30/Nov/2017:10:57:33 +0530] "GET /services/ModifiedSEcuredESBResource/read?PatientId=abc%40abc.com HTTP/1.1" - - "https://172.17.0.1:9444/store/apis/info?name=NawalokaPatientService2&version=1.0.0&provider=admin" "Synapse-PT-HttpComponents-NIO"
- 10.100.5.100 - - [30/Nov/2017:10:57:34 +0530] "GET /nawaloka2/1.0.0/read?PatientId=abc%40abc.com HTTP/1.1" - - "https://172.17.0.1:9444/store/apis/info?name=NawalokaPatientService2&version=1.0.0&provider=admin" "Mozilla/5.0 (X11; Linux x86_64) AppleWebKit/537.36 (KHTML, like Gecko) Chrome/62.0.3202.94 Safari/537.36"
- 10.100.5.100  - [30/Nov/2017:10:57:32 +0530] "- - " 200 - "-" "-"
- 127.0.0.1 - - [30/Nov/2017:10:57:34 +0530] "GET /services/ModifiedSEcuredESBResource/read?PatientId=abc%40abc.com HTTP/1.1" - - "https://172.17.0.1:9444/store/apis/info?name=NawalokaPatientService2&version=1.0.0&provider=admin" "Synapse-PT-HttpComponents-NIO"
- 10.100.5.100 - - [30/Nov/2017:10:57:35 +0530] "OPTIONS /nawaloka2/1.0.0/read?PatientId=abc%40abc.com HTTP/1.1" - - "-" "Mozilla/5.0 (X11; Linux x86_64) AppleWebKit/537.36 (KHTML, like Gecko) Chrome/62.0.3202.94 Safari/537.36"
- 127.0.0.1  - [30/Nov/2017:10:57:33 +0530] "- - " 200 - "-" "-"
- 10.100.5.100 - - [30/Nov/2017:10:57:35 +0530] "GET /nawaloka2/1.0.0/read?PatientId=abc%40abc.com HTTP/1.1" - - "https://172.17.0.1:9444/store/apis/info?name=NawalokaPatientService2&version=1.0.0&provider=admin" "Mozilla/5.0 (X11; Linux x86_64) AppleWebKit/537.36 (KHTML, like Gecko) Chrome/62.0.3202.94 Safari/537.36"
- 127.0.0.1 - - [30/Nov/2017:10:57:35 +0530] "GET /services/ModifiedSEcuredESBResource/read?PatientId=abc%40abc.com HTTP/1.1" - - "https://172.17.0.1:9444/store/apis/info?name=NawalokaPatientService2&version=1.0.0&provider=admin" "Synapse-PT-HttpComponents-NIO"
- 10.100.5.100  - [30/Nov/2017:10:57:33 +0530] "- - " 200 - "-" "-"
- 10.100.5.100 - - [30/Nov/2017:10:57:35 +0530] "GET /nawaloka2/1.0.0/read?PatientId=abc%40abc.com HTTP/1.1" - - "https://172.17.0.1:9444/store/apis/info?name=NawalokaPatientService2&version=1.0.0&provider=admin" "Mozilla/5.0 (X11; Linux x86_64) AppleWebKit/537.36 (KHTML, like Gecko) Chrome/62.0.3202.94 Safari/537.36"
- 127.0.0.1 - - [30/Nov/2017:10:57:35 +0530] "GET /services/ModifiedSEcuredESBResource/read?PatientId=abc%40abc.com HTTP/1.1" - - "https://172.17.0.1:9444/store/apis/info?name=NawalokaPatientService2&version=1.0.0&provider=admin" "Synapse-PT-HttpComponents-NIO"
- 127.0.0.1  - [30/Nov/2017:10:57:34 +0530] "- - " 200 - "-" "-"
- 10.100.5.100 - - [30/Nov/2017:10:57:37 +0530] "GET /nawaloka2/1.0.0/read?PatientId=abc%40abc.com HTTP/1.1" - - "https://172.17.0.1:9444/store/apis/info?name=NawalokaPatientService2&version=1.0.0&provider=admin" "Mozilla/5.0 (X11; Linux x86_64) AppleWebKit/537.36 (KHTML, like Gecko) Chrome/62.0.3202.94 Safari/537.36"
- 127.0.0.1 - - [30/Nov/2017:10:57:36 +0530] "GET /services/ModifiedSEcuredESBResource/read?PatientId=abc%40abc.com HTTP/1.1" - - "https://172.17.0.1:9444/store/apis/info?name=NawalokaPatientService2&version=1.0.0&provider=admin" "Synapse-PT-HttpComponents-NIO"
- 10.100.5.100  - [30/Nov/2017:10:57:34 +0530] "- - " 200 - "-" "-"
- 10.100.5.100 - - [30/Nov/2017:10:57:38 +0530] "GET /nawaloka2/1.0.0/read?PatientId=abc%40abc.com HTTP/1.1" - - "https://172.17.0.1:9444/store/apis/info?name=NawalokaPatientService2&version=1.0.0&provider=admin" "Mozilla/5.0 (X11; Linux x86_64) AppleWebKit/537.36 (KHTML, like Gecko) Chrome/62.0.3202.94 Safari/537.36"
- 127.0.0.1 - - [30/Nov/2017:10:57:38 +0530] "GET /services/ModifiedSEcuredESBResource/read?PatientId=abc%40abc.com HTTP/1.1" - - "https://172.17.0.1:9444/store/apis/info?name=NawalokaPatientService2&version=1.0.0&provider=admin" "Synapse-PT-HttpComponents-NIO"
- 10.100.5.100  - [30/Nov/2017:10:57:35 +0530] "- - " 200 - "-" "-"
- 10.100.5.100 - - [30/Nov/2017:10:57:38 +0530] "GET /nawaloka2/1.0.0/read?PatientId=abc%40abc.com HTTP/1.1" - - "https://172.17.0.1:9444/store/apis/info?name=NawalokaPatientService2&version=1.0.0&provider=admin" "Mozilla/5.0 (X11; Linux x86_64) AppleWebKit/537.36 (KHTML, like Gecko) Chrome/62.0.3202.94 Safari/537.36"
- 127.0.0.1 - - [30/Nov/2017:10:57:38 +0530] "GET /services/ModifiedSEcuredESBResource/read?PatientId=abc%40abc.com HTTP/1.1" - - "https://172.17.0.1:9444/store/apis/info?name=NawalokaPatientService2&version=1.0.0&provider=admin" "Synapse-PT-HttpComponents-NIO"
- 10.100.5.100 - - [30/Nov/2017:10:57:38 +0530] "GET /nawaloka2/1.0.0/read?PatientId=abc%40abc.com HTTP/1.1" - - "https://172.17.0.1:9444/store/apis/info?name=NawalokaPatientService2&version=1.0.0&provider=admin" "Mozilla/5.0 (X11; Linux x86_64) AppleWebKit/537.36 (KHTML, like Gecko) Chrome/62.0.3202.94 Safari/537.36"
- 127.0.0.1  - [30/Nov/2017:10:57:35 +0530] "- - " 200 - "-" "-"
- 127.0.0.1 - - [30/Nov/2017:10:57:38 +0530] "GET /services/ModifiedSEcuredESBResource/read?PatientId=abc%40abc.com HTTP/1.1" - - "https://172.17.0.1:9444/store/apis/info?name=NawalokaPatientService2&version=1.0.0&provider=admin" "Synapse-PT-HttpComponents-NIO"
- 10.100.5.100 - - [30/Nov/2017:10:57:39 +0530] "GET /nawaloka2/1.0.0/read?PatientId=abc%40abc.com HTTP/1.1" - - "https://172.17.0.1:9444/store/apis/info?name=NawalokaPatientService2&version=1.0.0&provider=admin" "Mozilla/5.0 (X11; Linux x86_64) AppleWebKit/537.36 (KHTML, like Gecko) Chrome/62.0.3202.94 Safari/537.36"
- 10.100.5.100  - [30/Nov/2017:10:57:35 +0530] "- - " 200 - "-" "-"
- 127.0.0.1 - - [30/Nov/2017:10:57:39 +0530] "GET /services/ModifiedSEcuredESBResource/read?PatientId=abc%40abc.com HTTP/1.1" - - "https://172.17.0.1:9444/store/apis/info?name=NawalokaPatientService2&version=1.0.0&provider=admin" "Synapse-PT-HttpComponents-NIO"
- 10.100.5.100 - - [30/Nov/2017:10:57:39 +0530] "GET /nawaloka2/1.0.0/read?PatientId=abc%40abc.com HTTP/1.1" - - "https://172.17.0.1:9444/store/apis/info?name=NawalokaPatientService2&version=1.0.0&provider=admin" "Mozilla/5.0 (X11; Linux x86_64) AppleWebKit/537.36 (KHTML, like Gecko) Chrome/62.0.3202.94 Safari/537.36"
- 127.0.0.1  - [30/Nov/2017:10:57:36 +0530] "- - " 200 - "-" "-"
- 127.0.0.1 - - [30/Nov/2017:10:57:39 +0530] "GET /services/ModifiedSEcuredESBResource/read?PatientId=abc%40abc.com HTTP/1.1" - - "https://172.17.0.1:9444/store/apis/info?name=NawalokaPatientService2&version=1.0.0&provider=admin" "Synapse-PT-HttpComponents-NIO"
- 10.100.5.100 - - [30/Nov/2017:10:57:39 +0530] "GET /nawaloka2/1.0.0/read?PatientId=abc%40abc.com HTTP/1.1" - - "https://172.17.0.1:9444/store/apis/info?name=NawalokaPatientService2&version=1.0.0&provider=admin" "Mozilla/5.0 (X11; Linux x86_64) AppleWebKit/537.36 (KHTML, like Gecko) Chrome/62.0.3202.94 Safari/537.36"
- 127.0.0.1 - - [30/Nov/2017:10:57:39 +0530] "GET /services/ModifiedSEcuredESBResource/read?PatientId=abc%40abc.com HTTP/1.1" - - "https://172.17.0.1:9444/store/apis/info?name=NawalokaPatientService2&version=1.0.0&provider=admin" "Synapse-PT-HttpComponents-NIO"
- 10.100.5.100  - [30/Nov/2017:10:57:37 +0530] "- - " 200 - "-" "-"
- 10.100.5.100 - - [30/Nov/2017:10:57:40 +0530] "OPTIONS /nawaloka2/1.0.0/read?PatientId=abc%40abc.com HTTP/1.1" - - "-" "Mozilla/5.0 (X11; Linux x86_64) AppleWebKit/537.36 (KHTML, like Gecko) Chrome/62.0.3202.94 Safari/537.36"
- 10.100.5.100 - - [30/Nov/2017:10:57:40 +0530] "GET /nawaloka2/1.0.0/read?PatientId=abc%40abc.com HTTP/1.1" - - "https://172.17.0.1:9444/store/apis/info?name=NawalokaPatientService2&version=1.0.0&provider=admin" "Mozilla/5.0 (X11; Linux x86_64) AppleWebKit/537.36 (KHTML, like Gecko) Chrome/62.0.3202.94 Safari/537.36"
- 127.0.0.1  - [30/Nov/2017:10:57:36 +0530] "- - " 200 - "-" "-"
- 127.0.0.1 - - [30/Nov/2017:10:57:40 +0530] "GET /services/ModifiedSEcuredESBResource/read?PatientId=abc%40abc.com HTTP/1.1" - - "https://172.17.0.1:9444/store/apis/info?name=NawalokaPatientService2&version=1.0.0&provider=admin" "Synapse-PT-HttpComponents-NIO"
- 10.100.5.100 - - [30/Nov/2017:10:57:40 +0530] "GET /nawaloka2/1.0.0/read?PatientId=abc%40abc.com HTTP/1.1" - - "https://172.17.0.1:9444/store/apis/info?name=NawalokaPatientService2&version=1.0.0&provider=admin" "Mozilla/5.0 (X11; Linux x86_64) AppleWebKit/537.36 (KHTML, like Gecko) Chrome/62.0.3202.94 Safari/537.36"
- 127.0.0.1 - - [30/Nov/2017:10:57:40 +0530] "GET /services/ModifiedSEcuredESBResource/read?PatientId=abc%40abc.com HTTP/1.1" - - "https://172.17.0.1:9444/store/apis/info?name=NawalokaPatientService2&version=1.0.0&provider=admin" "Synapse-PT-HttpComponents-NIO"
- 10.100.5.100  - [30/Nov/2017:10:57:37 +0530] "- - " 200 - "-" "-"
- 10.100.5.100 - - [30/Nov/2017:10:57:40 +0530] "GET /nawaloka2/1.0.0/read?PatientId=abc%40abc.com HTTP/1.1" - - "https://172.17.0.1:9444/store/apis/info?name=NawalokaPatientService2&version=1.0.0&provider=admin" "Mozilla/5.0 (X11; Linux x86_64) AppleWebKit/537.36 (KHTML, like Gecko) Chrome/62.0.3202.94 Safari/537.36"
- 127.0.0.1 - - [30/Nov/2017:10:57:40 +0530] "GET /services/ModifiedSEcuredESBResource/read?PatientId=abc%40abc.com HTTP/1.1" - - "https://172.17.0.1:9444/store/apis/info?name=NawalokaPatientService2&version=1.0.0&provider=admin" "Synapse-PT-HttpComponents-NIO"
- 127.0.0.1  - [30/Nov/2017:10:57:38 +0530] "- - " 200 - "-" "-"
- 10.100.5.100 - - [30/Nov/2017:10:57:41 +0530] "GET /nawaloka2/1.0.0/read?PatientId=abc%40abc.com HTTP/1.1" - - "https://172.17.0.1:9444/store/apis/info?name=NawalokaPatientService2&version=1.0.0&provider=admin" "Mozilla/5.0 (X11; Linux x86_64) AppleWebKit/537.36 (KHTML, like Gecko) Chrome/62.0.3202.94 Safari/537.36"
- 127.0.0.1 - - [30/Nov/2017:10:57:41 +0530] "GET /services/ModifiedSEcuredESBResource/read?PatientId=abc%40abc.com HTTP/1.1" - - "https://172.17.0.1:9444/store/apis/info?name=NawalokaPatientService2&version=1.0.0&provider=admin" "Synapse-PT-HttpComponents-NIO"
- 10.100.5.100  - [30/Nov/2017:10:57:38 +0530] "- - " 200 - "-" "-"
- 10.100.5.100 - - [30/Nov/2017:10:57:41 +0530] "GET /nawaloka2/1.0.0/read?PatientId=abc%40abc.com HTTP/1.1" - - "https://172.17.0.1:9444/store/apis/info?name=NawalokaPatientService2&version=1.0.0&provider=admin" "Mozilla/5.0 (X11; Linux x86_64) AppleWebKit/537.36 (KHTML, like Gecko) Chrome/62.0.3202.94 Safari/537.36"
- 127.0.0.1 - - [30/Nov/2017:10:57:41 +0530] "GET /services/ModifiedSEcuredESBResource/read?PatientId=abc%40abc.com HTTP/1.1" - - "https://172.17.0.1:9444/store/apis/info?name=NawalokaPatientService2&version=1.0.0&provider=admin" "Synapse-PT-HttpComponents-NIO"
- 127.0.0.1  - [30/Nov/2017:10:57:38 +0530] "- - " 200 - "-" "-"
- 10.100.5.100 - - [30/Nov/2017:10:57:41 +0530] "GET /nawaloka2/1.0.0/read?PatientId=abc%40abc.com HTTP/1.1" - - "https://172.17.0.1:9444/store/apis/info?name=NawalokaPatientService2&version=1.0.0&provider=admin" "Mozilla/5.0 (X11; Linux x86_64) AppleWebKit/537.36 (KHTML, like Gecko) Chrome/62.0.3202.94 Safari/537.36"
- 10.100.5.100  - [30/Nov/2017:10:57:38 +0530] "- - " 200 - "-" "-"
- 127.0.0.1 - - [30/Nov/2017:10:57:41 +0530] "GET /services/ModifiedSEcuredESBResource/read?PatientId=abc%40abc.com HTTP/1.1" - - "https://172.17.0.1:9444/store/apis/info?name=NawalokaPatientService2&version=1.0.0&provider=admin" "Synapse-PT-HttpComponents-NIO"
- 10.100.5.100 - - [30/Nov/2017:10:57:42 +0530] "GET /nawaloka2/1.0.0/read?PatientId=abc%40abc.com HTTP/1.1" - - "https://172.17.0.1:9444/store/apis/info?name=NawalokaPatientService2&version=1.0.0&provider=admin" "Mozilla/5.0 (X11; Linux x86_64) AppleWebKit/537.36 (KHTML, like Gecko) Chrome/62.0.3202.94 Safari/537.36"
- 127.0.0.1  - [30/Nov/2017:10:57:39 +0530] "- - " 200 - "-" "-"
- 127.0.0.1 - - [30/Nov/2017:10:57:42 +0530] "GET /services/ModifiedSEcuredESBResource/read?PatientId=abc%40abc.com HTTP/1.1" - - "https://172.17.0.1:9444/store/apis/info?name=NawalokaPatientService2&version=1.0.0&provider=admin" "Synapse-PT-HttpComponents-NIO"
- 10.100.5.100  - [30/Nov/2017:10:57:39 +0530] "- - " 200 - "-" "-"
- 10.100.5.100 - - [30/Nov/2017:10:57:42 +0530] "GET /nawaloka2/1.0.0/read?PatientId=abc%40abc.com HTTP/1.1" - - "https://172.17.0.1:9444/store/apis/info?name=NawalokaPatientService2&version=1.0.0&provider=admin" "Mozilla/5.0 (X11; Linux x86_64) AppleWebKit/537.36 (KHTML, like Gecko) Chrome/62.0.3202.94 Safari/537.36"
- 127.0.0.1  - [30/Nov/2017:10:57:39 +0530] "- - " 200 - "-" "-"
- 127.0.0.1 - - [30/Nov/2017:10:57:42 +0530] "GET /services/ModifiedSEcuredESBResource/read?PatientId=abc%40abc.com HTTP/1.1" - - "https://172.17.0.1:9444/store/apis/info?name=NawalokaPatientService2&version=1.0.0&provider=admin" "Synapse-PT-HttpComponents-NIO"
- 10.100.5.100 - - [30/Nov/2017:10:57:42 +0530] "GET /nawaloka2/1.0.0/read?PatientId=abc%40abc.com HTTP/1.1" - - "https://172.17.0.1:9444/store/apis/info?name=NawalokaPatientService2&version=1.0.0&provider=admin" "Mozilla/5.0 (X11; Linux x86_64) AppleWebKit/537.36 (KHTML, like Gecko) Chrome/62.0.3202.94 Safari/537.36"
- 10.100.5.100  - [30/Nov/2017:10:57:39 +0530] "- - " 200 - "-" "-"
- 127.0.0.1 - - [30/Nov/2017:10:57:42 +0530] "GET /services/ModifiedSEcuredESBResource/read?PatientId=abc%40abc.com HTTP/1.1" - - "https://172.17.0.1:9444/store/apis/info?name=NawalokaPatientService2&version=1.0.0&provider=admin" "Synapse-PT-HttpComponents-NIO"
- 127.0.0.1  - [30/Nov/2017:10:57:39 +0530] "- - " 200 - "-" "-"
- 10.100.5.100 - - [30/Nov/2017:10:57:42 +0530] "GET /nawaloka2/1.0.0/read?PatientId=abc%40abc.com HTTP/1.1" - - "https://172.17.0.1:9444/store/apis/info?name=NawalokaPatientService2&version=1.0.0&provider=admin" "Mozilla/5.0 (X11; Linux x86_64) AppleWebKit/537.36 (KHTML, like Gecko) Chrome/62.0.3202.94 Safari/537.36"
- 127.0.0.1 - - [30/Nov/2017:10:57:42 +0530] "GET /services/ModifiedSEcuredESBResource/read?PatientId=abc%40abc.com HTTP/1.1" - - "https://172.17.0.1:9444/store/apis/info?name=NawalokaPatientService2&version=1.0.0&provider=admin" "Synapse-PT-HttpComponents-NIO"
- 10.100.5.100  - [30/Nov/2017:10:57:39 +0530] "- - " 200 - "-" "-"
- 10.100.5.100 - - [30/Nov/2017:10:57:43 +0530] "GET /nawaloka2/1.0.0/read?PatientId=abc%40abc.com HTTP/1.1" - - "https://172.17.0.1:9444/store/apis/info?name=NawalokaPatientService2&version=1.0.0&provider=admin" "Mozilla/5.0 (X11; Linux x86_64) AppleWebKit/537.36 (KHTML, like Gecko) Chrome/62.0.3202.94 Safari/537.36"
- 127.0.0.1 - - [30/Nov/2017:10:57:43 +0530] "GET /services/ModifiedSEcuredESBResource/read?PatientId=abc%40abc.com HTTP/1.1" - - "https://172.17.0.1:9444/store/apis/info?name=NawalokaPatientService2&version=1.0.0&provider=admin" "Synapse-PT-HttpComponents-NIO"
- 10.100.5.100  - [30/Nov/2017:10:57:40 +0530] "- - " 200 - "-" "-"
- 10.100.5.100 - - [30/Nov/2017:10:57:43 +0530] "GET /nawaloka2/1.0.0/read?PatientId=abc%40abc.com HTTP/1.1" - - "https://172.17.0.1:9444/store/apis/info?name=NawalokaPatientService2&version=1.0.0&provider=admin" "Mozilla/5.0 (X11; Linux x86_64) AppleWebKit/537.36 (KHTML, like Gecko) Chrome/62.0.3202.94 Safari/537.36"
- 127.0.0.1  - [30/Nov/2017:10:57:40 +0530] "- - " 200 - "-" "-"
- 127.0.0.1 - - [30/Nov/2017:10:57:43 +0530] "GET /services/ModifiedSEcuredESBResource/read?PatientId=abc%40abc.com HTTP/1.1" - - "https://172.17.0.1:9444/store/apis/info?name=NawalokaPatientService2&version=1.0.0&provider=admin" "Synapse-PT-HttpComponents-NIO"
