10.100.5.100 - - [22/Nov/2017:09:22:14 +0530] "GET /publisher/site/themes/wso2/libs/font-wso2_1.0.2/css/font-wso2.min.css HTTP/1.1" 200 2728 "https://172.17.0.1:9444/publisher/manage?name=NawalokaPatientService2&version=1.0.0&provider=admin" "Mozilla/5.0 (X11; Linux x86_64) AppleWebKit/537.36 (KHTML, like Gecko) Chrome/62.0.3202.94 Safari/537.36"
10.100.5.100 - - [22/Nov/2017:09:22:14 +0530] "GET /publisher/site/themes/wso2/libs/bootstrap-rating/bootstrap-rating.css HTTP/1.1" 200 210 "https://172.17.0.1:9444/publisher/manage?name=NawalokaPatientService2&version=1.0.0&provider=admin" "Mozilla/5.0 (X11; Linux x86_64) AppleWebKit/537.36 (KHTML, like Gecko) Chrome/62.0.3202.94 Safari/537.36"
10.100.5.100 - - [22/Nov/2017:09:22:14 +0530] "GET /publisher/site/themes/wso2/libs/data-tables_1.10.7/extensions/Bootstrap/css/dataTables.bootstrap.css HTTP/1.1" 200 1969 "https://172.17.0.1:9444/publisher/manage?name=NawalokaPatientService2&version=1.0.0&provider=admin" "Mozilla/5.0 (X11; Linux x86_64) AppleWebKit/537.36 (KHTML, like Gecko) Chrome/62.0.3202.94 Safari/537.36"
10.100.5.100 - - [22/Nov/2017:09:22:14 +0530] "GET /publisher/site/themes/wso2/libs/select2_4.0.0/css/select2.min.css HTTP/1.1" 200 1959 "https://172.17.0.1:9444/publisher/manage?name=NawalokaPatientService2&version=1.0.0&provider=admin" "Mozilla/5.0 (X11; Linux x86_64) AppleWebKit/537.36 (KHTML, like Gecko) Chrome/62.0.3202.94 Safari/537.36"
10.100.5.100 - - [22/Nov/2017:09:22:14 +0530] "GET /publisher/site/themes/wso2/libs/enjoyhint-3.1.0/src/jquery.enjoyhint.css HTTP/1.1" 200 1287 "https://172.17.0.1:9444/publisher/manage?name=NawalokaPatientService2&version=1.0.0&provider=admin" "Mozilla/5.0 (X11; Linux x86_64) AppleWebKit/537.36 (KHTML, like Gecko) Chrome/62.0.3202.94 Safari/537.36"
10.100.5.100 - - [22/Nov/2017:09:22:14 +0530] "GET /publisher/site/themes/wso2/libs/data-tables_1.10.7/extensions/Responsive/css/dataTables.responsive.css HTTP/1.1" 200 656 "https://172.17.0.1:9444/publisher/manage?name=NawalokaPatientService2&version=1.0.0&provider=admin" "Mozilla/5.0 (X11; Linux x86_64) AppleWebKit/537.36 (KHTML, like Gecko) Chrome/62.0.3202.94 Safari/537.36"
10.100.5.100 - - [22/Nov/2017:09:22:14 +0530] "GET /publisher/site/themes/wso2/libs/enjoyhint-3.1.0/enjoyhint.css HTTP/1.1" 200 1261 "https://172.17.0.1:9444/publisher/manage?name=NawalokaPatientService2&version=1.0.0&provider=admin" "Mozilla/5.0 (X11; Linux x86_64) AppleWebKit/537.36 (KHTML, like Gecko) Chrome/62.0.3202.94 Safari/537.36"
10.100.5.100 - - [22/Nov/2017:09:22:14 +0530] "GET /publisher/site/themes/wso2/libs/theme-wso2_1.0/css/theme-wso2.css HTTP/1.1" 200 31338 "https://172.17.0.1:9444/publisher/manage?name=NawalokaPatientService2&version=1.0.0&provider=admin" "Mozilla/5.0 (X11; Linux x86_64) AppleWebKit/537.36 (KHTML, like Gecko) Chrome/62.0.3202.94 Safari/537.36"
10.100.5.100 - - [22/Nov/2017:09:22:14 +0530] "GET /publisher/site/themes/wso2/templates/item-design/css/api-designer.css HTTP/1.1" 200 1410 "https://172.17.0.1:9444/publisher/manage?name=NawalokaPatientService2&version=1.0.0&provider=admin" "Mozilla/5.0 (X11; Linux x86_64) AppleWebKit/537.36 (KHTML, like Gecko) Chrome/62.0.3202.94 Safari/537.36"
10.100.5.100 - - [22/Nov/2017:09:22:14 +0530] "GET /publisher/site/themes/wso2/libs/bootstrap3-editable/css/bootstrap-editable.css HTTP/1.1" 200 3553 "https://172.17.0.1:9444/publisher/manage?name=NawalokaPatientService2&version=1.0.0&provider=admin" "Mozilla/5.0 (X11; Linux x86_64) AppleWebKit/537.36 (KHTML, like Gecko) Chrome/62.0.3202.94 Safari/537.36"
10.100.5.100 - - [22/Nov/2017:09:22:14 +0530] "GET /publisher/site/conf/locales/js/i18nResources.json HTTP/1.1" 200 12454 "https://172.17.0.1:9444/publisher/manage?name=NawalokaPatientService2&version=1.0.0&provider=admin" "Mozilla/5.0 (X11; Linux x86_64) AppleWebKit/537.36 (KHTML, like Gecko) Chrome/62.0.3202.94 Safari/537.36"
10.100.5.100 - - [22/Nov/2017:09:22:14 +0530] "GET /publisher/site/conf/locales/js/i18nResources.json HTTP/1.1" 200 12454 "https://172.17.0.1:9444/publisher/manage?name=NawalokaPatientService2&version=1.0.0&provider=admin" "Mozilla/5.0 (X11; Linux x86_64) AppleWebKit/537.36 (KHTML, like Gecko) Chrome/62.0.3202.94 Safari/537.36"
10.100.5.100 - - [22/Nov/2017:09:22:14 +0530] "GET /publisher/site/conf/locales/js/i18nResources.json HTTP/1.1" 200 12454 "https://172.17.0.1:9444/publisher/manage?name=NawalokaPatientService2&version=1.0.0&provider=admin" "Mozilla/5.0 (X11; Linux x86_64) AppleWebKit/537.36 (KHTML, like Gecko) Chrome/62.0.3202.94 Safari/537.36"
10.100.5.100 - - [22/Nov/2017:09:22:14 +0530] "GET /publisher/site/blocks/item-design/ajax/add.jag?name=NawalokaPatientService2&version=1.0.0&provider=admin&action=swagger HTTP/1.1" 200 1632 "https://172.17.0.1:9444/publisher/manage?name=NawalokaPatientService2&version=1.0.0&provider=admin" "Mozilla/5.0 (X11; Linux x86_64) AppleWebKit/537.36 (KHTML, like Gecko) Chrome/62.0.3202.94 Safari/537.36"
10.100.5.100 - - [22/Nov/2017:09:22:14 +0530] "POST /publisher/site/blocks/item-design/ajax/add.jag HTTP/1.1" 200 32 "https://172.17.0.1:9444/publisher/manage?name=NawalokaPatientService2&version=1.0.0&provider=admin" "Mozilla/5.0 (X11; Linux x86_64) AppleWebKit/537.36 (KHTML, like Gecko) Chrome/62.0.3202.94 Safari/537.36"
10.100.5.100 - - [22/Nov/2017:09:22:28 +0530] "GET /store/apis/info?name=NawalokaPatientService2&version=1.0.0&provider=admin HTTP/1.1" 200 10454 "https://172.17.0.1:9444/store/" "Mozilla/5.0 (X11; Linux x86_64) AppleWebKit/537.36 (KHTML, like Gecko) Chrome/62.0.3202.94 Safari/537.36"
10.100.5.100 - - [22/Nov/2017:09:22:28 +0530] "GET /store/site/themes/wso2/libs/font-wso2_1.0.2/css/font-wso2.min.css HTTP/1.1" 200 2728 "https://172.17.0.1:9444/store/apis/info?name=NawalokaPatientService2&version=1.0.0&provider=admin" "Mozilla/5.0 (X11; Linux x86_64) AppleWebKit/537.36 (KHTML, like Gecko) Chrome/62.0.3202.94 Safari/537.36"
10.100.5.100 - - [22/Nov/2017:09:22:28 +0530] "GET /store/site/themes/wso2/libs/bootstrap_3.3.5/css/bootstrap.min.css HTTP/1.1" 200 20162 "https://172.17.0.1:9444/store/apis/info?name=NawalokaPatientService2&version=1.0.0&provider=admin" "Mozilla/5.0 (X11; Linux x86_64) AppleWebKit/537.36 (KHTML, like Gecko) Chrome/62.0.3202.94 Safari/537.36"
10.100.5.100 - - [22/Nov/2017:09:22:28 +0530] "GET /store/site/themes/wso2/libs/font-awesome/css/font-awesome.min.css HTTP/1.1" 200 5529 "https://172.17.0.1:9444/store/apis/info?name=NawalokaPatientService2&version=1.0.0&provider=admin" "Mozilla/5.0 (X11; Linux x86_64) AppleWebKit/537.36 (KHTML, like Gecko) Chrome/62.0.3202.94 Safari/537.36"
10.100.5.100 - - [22/Nov/2017:09:22:28 +0530] "GET /store/site/themes/wso2/libs/theme-wso2_1.0/css/theme-wso2.css HTTP/1.1" 200 32108 "https://172.17.0.1:9444/store/apis/info?name=NawalokaPatientService2&version=1.0.0&provider=admin" "Mozilla/5.0 (X11; Linux x86_64) AppleWebKit/537.36 (KHTML, like Gecko) Chrome/62.0.3202.94 Safari/537.36"
10.100.5.100 - - [22/Nov/2017:09:22:28 +0530] "GET /store/site/themes/wso2/libs/bootstrap-rating/bootstrap-rating.css HTTP/1.1" 200 210 "https://172.17.0.1:9444/store/apis/info?name=NawalokaPatientService2&version=1.0.0&provider=admin" "Mozilla/5.0 (X11; Linux x86_64) AppleWebKit/537.36 (KHTML, like Gecko) Chrome/62.0.3202.94 Safari/537.36"
10.100.5.100 - - [22/Nov/2017:09:22:28 +0530] "GET /store/site/themes/wso2/libs/bootstrap-select/css/bootstrap-select.min.css HTTP/1.1" 200 1511 "https://172.17.0.1:9444/store/apis/info?name=NawalokaPatientService2&version=1.0.0&provider=admin" "Mozilla/5.0 (X11; Linux x86_64) AppleWebKit/537.36 (KHTML, like Gecko) Chrome/62.0.3202.94 Safari/537.36"
10.100.5.100 - - [22/Nov/2017:09:22:28 +0530] "GET /store/site/themes/wso2/css/custom.css HTTP/1.1" 200 2938 "https://172.17.0.1:9444/store/apis/info?name=NawalokaPatientService2&version=1.0.0&provider=admin" "Mozilla/5.0 (X11; Linux x86_64) AppleWebKit/537.36 (KHTML, like Gecko) Chrome/62.0.3202.94 Safari/537.36"
10.100.5.100 - - [22/Nov/2017:09:22:28 +0530] "GET /store/site/themes/wso2/libs/data-tables_1.10.7/extensions/Bootstrap/css/dataTables.bootstrap.css HTTP/1.1" 200 1969 "https://172.17.0.1:9444/store/apis/info?name=NawalokaPatientService2&version=1.0.0&provider=admin" "Mozilla/5.0 (X11; Linux x86_64) AppleWebKit/537.36 (KHTML, like Gecko) Chrome/62.0.3202.94 Safari/537.36"
10.100.5.100 - - [22/Nov/2017:09:22:28 +0530] "GET /store/site/themes/wso2/libs/data-tables_1.10.7/extensions/Responsive/css/dataTables.responsive.css HTTP/1.1" 200 656 "https://172.17.0.1:9444/store/apis/info?name=NawalokaPatientService2&version=1.0.0&provider=admin" "Mozilla/5.0 (X11; Linux x86_64) AppleWebKit/537.36 (KHTML, like Gecko) Chrome/62.0.3202.94 Safari/537.36"
10.100.5.100 - - [22/Nov/2017:09:22:28 +0530] "GET /store/site/themes/wso2/libs/enjoyhint-3.1.0/enjoyhint.css HTTP/1.1" 200 1262 "https://172.17.0.1:9444/store/apis/info?name=NawalokaPatientService2&version=1.0.0&provider=admin" "Mozilla/5.0 (X11; Linux x86_64) AppleWebKit/537.36 (KHTML, like Gecko) Chrome/62.0.3202.94 Safari/537.36"
10.100.5.100 - - [22/Nov/2017:09:22:28 +0530] "GET /store/site/themes/wso2/libs/enjoyhint-3.1.0/src/jquery.enjoyhint.css HTTP/1.1" 200 1287 "https://172.17.0.1:9444/store/apis/info?name=NawalokaPatientService2&version=1.0.0&provider=admin" "Mozilla/5.0 (X11; Linux x86_64) AppleWebKit/537.36 (KHTML, like Gecko) Chrome/62.0.3202.94 Safari/537.36"
10.100.5.100 - - [22/Nov/2017:09:22:28 +0530] "GET /store/site/themes/wso2/templates/api/swagger/swagger/css/screen.css HTTP/1.1" 200 5661 "https://172.17.0.1:9444/store/apis/info?name=NawalokaPatientService2&version=1.0.0&provider=admin" "Mozilla/5.0 (X11; Linux x86_64) AppleWebKit/537.36 (KHTML, like Gecko) Chrome/62.0.3202.94 Safari/537.36"
10.100.5.100 - - [22/Nov/2017:09:22:28 +0530] "GET /store/site/themes/wso2/templates/forum/css/summernote.css HTTP/1.1" 200 2006 "https://172.17.0.1:9444/store/apis/info?name=NawalokaPatientService2&version=1.0.0&provider=admin" "Mozilla/5.0 (X11; Linux x86_64) AppleWebKit/537.36 (KHTML, like Gecko) Chrome/62.0.3202.94 Safari/537.36"
10.100.5.100 - - [22/Nov/2017:09:22:28 +0530] "GET /store/site/conf/locales/js/i18nResources.json HTTP/1.1" 200 9741 "https://172.17.0.1:9444/store/apis/info?name=NawalokaPatientService2&version=1.0.0&provider=admin" "Mozilla/5.0 (X11; Linux x86_64) AppleWebKit/537.36 (KHTML, like Gecko) Chrome/62.0.3202.94 Safari/537.36"
10.100.5.100 - - [22/Nov/2017:09:22:28 +0530] "GET /store/site/conf/locales/js/i18nResources.json HTTP/1.1" 200 9741 "https://172.17.0.1:9444/store/apis/info?name=NawalokaPatientService2&version=1.0.0&provider=admin" "Mozilla/5.0 (X11; Linux x86_64) AppleWebKit/537.36 (KHTML, like Gecko) Chrome/62.0.3202.94 Safari/537.36"
10.100.5.100 - - [22/Nov/2017:09:22:28 +0530] "GET /store/site/conf/locales/js/i18nResources.json HTTP/1.1" 200 9741 "https://172.17.0.1:9444/store/apis/info?name=NawalokaPatientService2&version=1.0.0&provider=admin" "Mozilla/5.0 (X11; Linux x86_64) AppleWebKit/537.36 (KHTML, like Gecko) Chrome/62.0.3202.94 Safari/537.36"
10.100.5.100 - - [22/Nov/2017:09:22:28 +0530] "POST /store/site/blocks/comment/comment-add/ajax/comment-add.jag HTTP/1.1" 200 33 "https://172.17.0.1:9444/store/apis/info?name=NawalokaPatientService2&version=1.0.0&provider=admin" "Mozilla/5.0 (X11; Linux x86_64) AppleWebKit/537.36 (KHTML, like Gecko) Chrome/62.0.3202.94 Safari/537.36"
10.100.5.100 - - [22/Nov/2017:09:22:28 +0530] "GET /store/forum/api/topic?parentId=admin%3ANawalokaPatientService2%3A1.0.0&page=1 HTTP/1.1" 200 44 "https://172.17.0.1:9444/store/apis/info?name=NawalokaPatientService2&version=1.0.0&provider=admin" "Mozilla/5.0 (X11; Linux x86_64) AppleWebKit/537.36 (KHTML, like Gecko) Chrome/62.0.3202.94 Safari/537.36"
10.100.5.100 - - [22/Nov/2017:09:22:28 +0530] "GET /store/api-docs/admin/NawalokaPatientService2/1.0.0 HTTP/1.1" 200 2140 "https://172.17.0.1:9444/store/apis/info?name=NawalokaPatientService2&version=1.0.0&provider=admin" "Mozilla/5.0 (X11; Linux x86_64) AppleWebKit/537.36 (KHTML, like Gecko) Chrome/62.0.3202.94 Safari/537.36"
10.100.5.100 - - [22/Nov/2017:09:22:28 +0530] "GET /store/api-docs/admin/NawalokaPatientService2/1.0.0?envName=undefined HTTP/1.1" 200 2140 "https://172.17.0.1:9444/store/apis/info?name=NawalokaPatientService2&version=1.0.0&provider=admin" "Mozilla/5.0 (X11; Linux x86_64) AppleWebKit/537.36 (KHTML, like Gecko) Chrome/62.0.3202.94 Safari/537.36"
10.100.5.100 - - [22/Nov/2017:09:22:31 +0530] "GET /store/site/themes/wso2/libs/theme-wso2_1.0/fonts/Roboto/Roboto-LightItalic.woff2 HTTP/1.1" 404 247 "https://172.17.0.1:9444/store/site/themes/wso2/libs/theme-wso2_1.0/css/theme-wso2.css" "Mozilla/5.0 (X11; Linux x86_64) AppleWebKit/537.36 (KHTML, like Gecko) Chrome/62.0.3202.94 Safari/537.36"
10.100.5.100 - - [22/Nov/2017:09:22:31 +0530] "GET /store/site/themes/wso2/libs/theme-wso2_1.0/fonts/Roboto/Roboto-LightItalic.woff HTTP/1.1" 404 247 "https://172.17.0.1:9444/store/site/themes/wso2/libs/theme-wso2_1.0/css/theme-wso2.css" "Mozilla/5.0 (X11; Linux x86_64) AppleWebKit/537.36 (KHTML, like Gecko) Chrome/62.0.3202.94 Safari/537.36"
10.100.5.100 - - [22/Nov/2017:09:22:31 +0530] "GET /store/site/themes/wso2/libs/theme-wso2_1.0/fonts/Roboto/Roboto-LightItalic.ttf HTTP/1.1" 404 247 "https://172.17.0.1:9444/store/site/themes/wso2/libs/theme-wso2_1.0/css/theme-wso2.css" "Mozilla/5.0 (X11; Linux x86_64) AppleWebKit/537.36 (KHTML, like Gecko) Chrome/62.0.3202.94 Safari/537.36"
- 10.100.5.100 - - [22/Nov/2017:09:28:09 +0530] "POST /token HTTP/1.1" - 112 "-" "curl/7.55.1"
- 127.0.0.1  - [22/Nov/2017:09:28:09 +0530] "- - " 200 - "-" "-"
- 127.0.0.1 - - [22/Nov/2017:09:28:09 +0530] "POST /oauth2/token HTTP/1.1" - - "-" "Synapse-PT-HttpComponents-NIO"
- 10.100.5.100  - [22/Nov/2017:09:28:09 +0530] "- - " 200 - "-" "-"
- 10.100.5.100 - - [22/Nov/2017:09:28:54 +0530] "POST /token HTTP/1.1" - 105 "-" "curl/7.55.1"
- 127.0.0.1 - - [22/Nov/2017:09:28:54 +0530] "POST /oauth2/token HTTP/1.1" - - "-" "Synapse-PT-HttpComponents-NIO"
- 127.0.0.1  - [22/Nov/2017:09:28:54 +0530] "- - " 400 - "-" "-"
- 10.100.5.100  - [22/Nov/2017:09:28:54 +0530] "- - " 400 - "-" "-"
- 10.100.5.100 - - [22/Nov/2017:09:29:06 +0530] "POST /token HTTP/1.1" - 104 "-" "curl/7.55.1"
- 127.0.0.1 - - [22/Nov/2017:09:29:06 +0530] "POST /oauth2/token HTTP/1.1" - - "-" "Synapse-PT-HttpComponents-NIO"
- 127.0.0.1  - [22/Nov/2017:09:29:06 +0530] "- - " 200 - "-" "-"
- 10.100.5.100  - [22/Nov/2017:09:29:06 +0530] "- - " 200 - "-" "-"
- 10.100.5.100  - [22/Nov/2017:09:29:52 +0530] "- - " 200 - "-" "-"
- 10.100.5.100 - - [22/Nov/2017:09:29:52 +0530] "OPTIONS /nawaloka2/1.0.0/post HTTP/1.1" - - "-" "Mozilla/5.0 (X11; Linux x86_64) AppleWebKit/537.36 (KHTML, like Gecko) Chrome/62.0.3202.94 Safari/537.36"
- 127.0.1.1  - [22/Nov/2017:09:29:52 +0530] "- - " 202 - "-" "-"
- 10.100.5.100 - - [22/Nov/2017:09:29:52 +0530] "POST /nawaloka2/1.0.0/post HTTP/1.1" - 601 "https://172.17.0.1:9444/store/apis/info?name=NawalokaPatientService2&version=1.0.0&provider=admin" "Mozilla/5.0 (X11; Linux x86_64) AppleWebKit/537.36 (KHTML, like Gecko) Chrome/62.0.3202.94 Safari/537.36"
- 127.0.1.1 - - [22/Nov/2017:09:29:52 +0530] "POST /services/ModifiedSEcuredESBResource/post HTTP/1.1" - - "https://172.17.0.1:9444/store/apis/info?name=NawalokaPatientService2&version=1.0.0&provider=admin" "Synapse-PT-HttpComponents-NIO"
- 10.100.5.100  - [22/Nov/2017:09:29:52 +0530] "- - " 202 - "-" "-"
- 10.100.5.100 - - [22/Nov/2017:09:30:10 +0530] "OPTIONS /nawaloka2/1.0.0/read?PatientId=sample1%40sample.com HTTP/1.1" - - "-" "Mozilla/5.0 (X11; Linux x86_64) AppleWebKit/537.36 (KHTML, like Gecko) Chrome/62.0.3202.94 Safari/537.36"
- 10.100.5.100 - - [22/Nov/2017:09:30:10 +0530] "GET /nawaloka2/1.0.0/read?PatientId=sample1%40sample.com HTTP/1.1" - - "https://172.17.0.1:9444/store/apis/info?name=NawalokaPatientService2&version=1.0.0&provider=admin" "Mozilla/5.0 (X11; Linux x86_64) AppleWebKit/537.36 (KHTML, like Gecko) Chrome/62.0.3202.94 Safari/537.36"
- 10.100.5.100  - [22/Nov/2017:09:30:10 +0530] "- - " 200 - "-" "-"
- 127.0.1.1 - - [22/Nov/2017:09:30:10 +0530] "GET /services/ModifiedSEcuredESBResource/read?PatientId=sample1%40sample.com HTTP/1.1" - - "https://172.17.0.1:9444/store/apis/info?name=NawalokaPatientService2&version=1.0.0&provider=admin" "Synapse-PT-HttpComponents-NIO"
- 10.100.5.100 - - [22/Nov/2017:09:30:24 +0530] "OPTIONS /nawaloka2/1.0.0/delete?PatientId=sample1%40sample.com HTTP/1.1" - - "-" "Mozilla/5.0 (X11; Linux x86_64) AppleWebKit/537.36 (KHTML, like Gecko) Chrome/62.0.3202.94 Safari/537.36"
- 10.100.5.100 - - [22/Nov/2017:09:30:24 +0530] "DELETE /nawaloka2/1.0.0/delete?PatientId=sample1%40sample.com HTTP/1.1" - - "https://172.17.0.1:9444/store/apis/info?name=NawalokaPatientService2&version=1.0.0&provider=admin" "Mozilla/5.0 (X11; Linux x86_64) AppleWebKit/537.36 (KHTML, like Gecko) Chrome/62.0.3202.94 Safari/537.36"
- 127.0.1.1  - [22/Nov/2017:09:30:10 +0530] "- - " 200 - "-" "-"
- 127.0.1.1 - - [22/Nov/2017:09:30:24 +0530] "DELETE /services/ModifiedSEcuredESBResource/delete?PatientId=sample1%40sample.com HTTP/1.1" - - "https://172.17.0.1:9444/store/apis/info?name=NawalokaPatientService2&version=1.0.0&provider=admin" "Synapse-PT-HttpComponents-NIO"
- 10.100.5.100  - [22/Nov/2017:09:30:10 +0530] "- - " 200 - "-" "-"
- 10.100.5.100  - [22/Nov/2017:09:30:24 +0530] "- - " 200 - "-" "-"
- 127.0.1.1  - [22/Nov/2017:09:30:24 +0530] "- - " 202 - "-" "-"
- 10.100.5.100  - [22/Nov/2017:09:30:24 +0530] "- - " 202 - "-" "-"
- 10.100.5.100 - - [22/Nov/2017:09:31:31 +0530] "GET /nawaloka2/1.0.0/read?PatientId=abc%40abc.com HTTP/1.1" - - "-" "Apache-HttpClient/4.1.1 (java 1.5)"
- 10.100.5.100  - [22/Nov/2017:09:31:31 +0530] "- - " 401 - "-" "-"
- 10.100.5.100 - - [22/Nov/2017:09:31:58 +0530] "GET /nawaloka2/1.0.0/read?PatientId=abc%40abc.com HTTP/1.1" - - "-" "Apache-HttpClient/4.1.1 (java 1.5)"
- 127.0.1.1 - - [22/Nov/2017:09:31:58 +0530] "GET /services/ModifiedSEcuredESBResource/read?PatientId=abc%40abc.com HTTP/1.1" - - "-" "Synapse-PT-HttpComponents-NIO"
- 127.0.1.1  - [22/Nov/2017:09:31:58 +0530] "- - " 200 - "-" "-"
- 10.100.5.100  - [22/Nov/2017:09:31:58 +0530] "- - " 200 - "-" "-"
- 127.0.1.1  - [22/Nov/2017:09:36:48 +0530] "- - " 202 - "-" "-"
- 10.100.5.100 - - [22/Nov/2017:09:36:48 +0530] "POST /nawaloka2/1.0.0/post?PatientId=abc%40abc.com HTTP/1.1" - 601 "-" "Apache-HttpClient/4.1.1 (java 1.5)"
- 127.0.1.1 - - [22/Nov/2017:09:36:48 +0530] "POST /services/ModifiedSEcuredESBResource/post?PatientId=abc%40abc.com HTTP/1.1" - - "-" "Synapse-PT-HttpComponents-NIO"
- 10.100.5.100  - [22/Nov/2017:09:36:48 +0530] "- - " 202 - "-" "-"
- 10.100.5.100 - - [22/Nov/2017:09:37:24 +0530] "GET /nawaloka2/1.0.0/post?PatientId=sample1%40sample.com HTTP/1.1" - - "-" "Apache-HttpClient/4.1.1 (java 1.5)"
- 10.100.5.100  - [22/Nov/2017:09:37:24 +0530] "- - " 404 - "-" "-"
- 10.100.5.100 - - [22/Nov/2017:09:37:35 +0530] "POST /nawaloka2/1.0.0/post?PatientId=sample1%40sample.com HTTP/1.1" - 601 "-" "Apache-HttpClient/4.1.1 (java 1.5)"
- 127.0.1.1 - - [22/Nov/2017:09:37:35 +0530] "POST /services/ModifiedSEcuredESBResource/post?PatientId=sample1%40sample.com HTTP/1.1" - - "-" "Synapse-PT-HttpComponents-NIO"
- 10.100.5.100 - - [22/Nov/2017:09:37:51 +0530] "GET /nawaloka2/1.0.0/read?PatientId=sample1%40sample.com HTTP/1.1" - - "-" "Apache-HttpClient/4.1.1 (java 1.5)"
- 127.0.1.1 - - [22/Nov/2017:09:37:51 +0530] "GET /services/ModifiedSEcuredESBResource/read?PatientId=sample1%40sample.com HTTP/1.1" - - "-" "Synapse-PT-HttpComponents-NIO"
- 127.0.1.1  - [22/Nov/2017:09:37:35 +0530] "- - " 500 - "-" "-"
- 10.100.5.100 - - [22/Nov/2017:09:38:03 +0530] "DELETE /nawaloka2/1.0.0/delete?PatientId=sample1%40sample.com HTTP/1.1" - 601 "-" "Apache-HttpClient/4.1.1 (java 1.5)"
- 127.0.1.1 - - [22/Nov/2017:09:38:03 +0530] "DELETE /services/ModifiedSEcuredESBResource/delete?PatientId=sample1%40sample.com HTTP/1.1" - - "-" "Synapse-PT-HttpComponents-NIO"
- 10.100.5.100  - [22/Nov/2017:09:37:35 +0530] "- - " 500 - "-" "-"
- 127.0.1.1  - [22/Nov/2017:09:37:51 +0530] "- - " 200 - "-" "-"
- 10.100.5.100  - [22/Nov/2017:09:37:51 +0530] "- - " 200 - "-" "-"
- 127.0.1.1  - [22/Nov/2017:09:38:03 +0530] "- - " 202 - "-" "-"
- 10.100.5.100  - [22/Nov/2017:09:38:03 +0530] "- - " 202 - "-" "-"
10.100.5.100 - - [22/Nov/2017:10:01:25 +0530] "POST /publisher/site/blocks/user/login/ajax/sessionCheck.jag HTTP/1.1" 200 39 "https://172.17.0.1:9444/publisher/manage?name=NawalokaPatientService2&version=1.0.0&provider=admin" "Mozilla/5.0 (X11; Linux x86_64) AppleWebKit/537.36 (KHTML, like Gecko) Chrome/62.0.3202.94 Safari/537.36"
10.100.5.100 - - [22/Nov/2017:10:01:25 +0530] "GET /publisher/apis?page=1 HTTP/1.1" 302 - "https://172.17.0.1:9444/publisher/manage?name=NawalokaPatientService2&version=1.0.0&provider=admin" "Mozilla/5.0 (X11; Linux x86_64) AppleWebKit/537.36 (KHTML, like Gecko) Chrome/62.0.3202.94 Safari/537.36"
10.100.5.100 - - [22/Nov/2017:10:01:25 +0530] "GET /publisher/site/pages/login.jag?requestedPage=/publisher/apis?page%3D1 HTTP/1.1" 200 2276 "https://172.17.0.1:9444/publisher/manage?name=NawalokaPatientService2&version=1.0.0&provider=admin" "Mozilla/5.0 (X11; Linux x86_64) AppleWebKit/537.36 (KHTML, like Gecko) Chrome/62.0.3202.94 Safari/537.36"
10.100.5.100 - - [22/Nov/2017:10:01:25 +0530] "GET /publisher/site/themes/wso2/libs/font-wso2_1.0.2/css/font-wso2.min.css HTTP/1.1" 200 2728 "https://172.17.0.1:9444/publisher/site/pages/login.jag?requestedPage=/publisher/apis?page%3D1" "Mozilla/5.0 (X11; Linux x86_64) AppleWebKit/537.36 (KHTML, like Gecko) Chrome/62.0.3202.94 Safari/537.36"
10.100.5.100 - - [22/Nov/2017:10:01:25 +0530] "GET /publisher/site/themes/wso2/css/custom.css HTTP/1.1" 200 1115 "https://172.17.0.1:9444/publisher/site/pages/login.jag?requestedPage=/publisher/apis?page%3D1" "Mozilla/5.0 (X11; Linux x86_64) AppleWebKit/537.36 (KHTML, like Gecko) Chrome/62.0.3202.94 Safari/537.36"
10.100.5.100 - - [22/Nov/2017:10:01:25 +0530] "GET /publisher/site/themes/wso2/libs/bootstrap-select/css/bootstrap-select.min.css HTTP/1.1" 200 1442 "https://172.17.0.1:9444/publisher/site/pages/login.jag?requestedPage=/publisher/apis?page%3D1" "Mozilla/5.0 (X11; Linux x86_64) AppleWebKit/537.36 (KHTML, like Gecko) Chrome/62.0.3202.94 Safari/537.36"
10.100.5.100 - - [22/Nov/2017:10:01:25 +0530] "GET /publisher/site/themes/wso2/libs/jasny-bootstrap/dist/css/jasny-bootstrap.min.css HTTP/1.1" 200 2529 "https://172.17.0.1:9444/publisher/site/pages/login.jag?requestedPage=/publisher/apis?page%3D1" "Mozilla/5.0 (X11; Linux x86_64) AppleWebKit/537.36 (KHTML, like Gecko) Chrome/62.0.3202.94 Safari/537.36"
10.100.5.100 - - [22/Nov/2017:10:01:25 +0530] "GET /publisher/site/themes/wso2/libs/data-tables_1.10.7/extensions/Bootstrap/css/dataTables.bootstrap.css HTTP/1.1" 200 1969 "https://172.17.0.1:9444/publisher/site/pages/login.jag?requestedPage=/publisher/apis?page%3D1" "Mozilla/5.0 (X11; Linux x86_64) AppleWebKit/537.36 (KHTML, like Gecko) Chrome/62.0.3202.94 Safari/537.36"
10.100.5.100 - - [22/Nov/2017:10:01:25 +0530] "GET /publisher/site/themes/wso2/libs/theme-wso2_1.0/css/theme-wso2.css HTTP/1.1" 200 31338 "https://172.17.0.1:9444/publisher/site/pages/login.jag?requestedPage=/publisher/apis?page%3D1" "Mozilla/5.0 (X11; Linux x86_64) AppleWebKit/537.36 (KHTML, like Gecko) Chrome/62.0.3202.94 Safari/537.36"
10.100.5.100 - - [22/Nov/2017:10:01:25 +0530] "GET /publisher/site/themes/wso2/libs/bootstrap-rating/bootstrap-rating.css HTTP/1.1" 200 210 "https://172.17.0.1:9444/publisher/site/pages/login.jag?requestedPage=/publisher/apis?page%3D1" "Mozilla/5.0 (X11; Linux x86_64) AppleWebKit/537.36 (KHTML, like Gecko) Chrome/62.0.3202.94 Safari/537.36"
10.100.5.100 - - [22/Nov/2017:10:01:25 +0530] "GET /publisher/site/themes/wso2/libs/enjoyhint-3.1.0/enjoyhint.css HTTP/1.1" 200 1261 "https://172.17.0.1:9444/publisher/site/pages/login.jag?requestedPage=/publisher/apis?page%3D1" "Mozilla/5.0 (X11; Linux x86_64) AppleWebKit/537.36 (KHTML, like Gecko) Chrome/62.0.3202.94 Safari/537.36"
10.100.5.100 - - [22/Nov/2017:10:01:25 +0530] "GET /publisher/site/themes/wso2/libs/enjoyhint-3.1.0/src/jquery.enjoyhint.css HTTP/1.1" 200 1287 "https://172.17.0.1:9444/publisher/site/pages/login.jag?requestedPage=/publisher/apis?page%3D1" "Mozilla/5.0 (X11; Linux x86_64) AppleWebKit/537.36 (KHTML, like Gecko) Chrome/62.0.3202.94 Safari/537.36"
10.100.5.100 - - [22/Nov/2017:10:01:25 +0530] "GET /publisher/site/themes/wso2/libs/data-tables_1.10.7/extensions/Responsive/css/dataTables.responsive.css HTTP/1.1" 200 656 "https://172.17.0.1:9444/publisher/site/pages/login.jag?requestedPage=/publisher/apis?page%3D1" "Mozilla/5.0 (X11; Linux x86_64) AppleWebKit/537.36 (KHTML, like Gecko) Chrome/62.0.3202.94 Safari/537.36"
10.100.5.100 - - [22/Nov/2017:10:01:25 +0530] "GET /publisher/site/themes/wso2/libs/select2_4.0.0/css/select2.min.css HTTP/1.1" 200 1959 "https://172.17.0.1:9444/publisher/site/pages/login.jag?requestedPage=/publisher/apis?page%3D1" "Mozilla/5.0 (X11; Linux x86_64) AppleWebKit/537.36 (KHTML, like Gecko) Chrome/62.0.3202.94 Safari/537.36"
10.100.5.100 - - [22/Nov/2017:10:01:25 +0530] "GET /publisher/site/conf/locales/js/i18nResources.json HTTP/1.1" 200 12454 "https://172.17.0.1:9444/publisher/site/pages/login.jag?requestedPage=/publisher/apis?page%3D1" "Mozilla/5.0 (X11; Linux x86_64) AppleWebKit/537.36 (KHTML, like Gecko) Chrome/62.0.3202.94 Safari/537.36"
10.100.5.100 - - [22/Nov/2017:10:01:25 +0530] "GET /publisher/site/conf/locales/js/i18nResources.json HTTP/1.1" 200 12454 "https://172.17.0.1:9444/publisher/site/pages/login.jag?requestedPage=/publisher/apis?page%3D1" "Mozilla/5.0 (X11; Linux x86_64) AppleWebKit/537.36 (KHTML, like Gecko) Chrome/62.0.3202.94 Safari/537.36"
10.100.5.100 - - [22/Nov/2017:10:01:25 +0530] "GET /publisher/site/conf/locales/js/i18nResources.json HTTP/1.1" 200 12454 "https://172.17.0.1:9444/publisher/site/pages/login.jag?requestedPage=/publisher/apis?page%3D1" "Mozilla/5.0 (X11; Linux x86_64) AppleWebKit/537.36 (KHTML, like Gecko) Chrome/62.0.3202.94 Safari/537.36"
10.100.5.100 - - [22/Nov/2017:10:01:31 +0530] "POST /publisher/site/blocks/user/login/ajax/login.jag HTTP/1.1" 200 17 "https://172.17.0.1:9444/publisher/site/pages/login.jag?requestedPage=/publisher/apis?page%3D1" "Mozilla/5.0 (X11; Linux x86_64) AppleWebKit/537.36 (KHTML, like Gecko) Chrome/62.0.3202.94 Safari/537.36"
10.100.5.100 - - [22/Nov/2017:10:01:31 +0530] "GET /publisher/apis?page=1 HTTP/1.1" 200 6553 "https://172.17.0.1:9444/publisher/site/pages/login.jag?requestedPage=/publisher/apis?page%3D1" "Mozilla/5.0 (X11; Linux x86_64) AppleWebKit/537.36 (KHTML, like Gecko) Chrome/62.0.3202.94 Safari/537.36"
10.100.5.100 - - [22/Nov/2017:10:01:31 +0530] "GET /publisher/site/themes/wso2/templates/listing/js/listing.js HTTP/1.1" 200 893 "https://172.17.0.1:9444/publisher/apis?page=1" "Mozilla/5.0 (X11; Linux x86_64) AppleWebKit/537.36 (KHTML, like Gecko) Chrome/62.0.3202.94 Safari/537.36"
10.100.5.100 - - [22/Nov/2017:10:01:31 +0530] "GET /publisher/site/themes/wso2/templates/listing/js/samples.js HTTP/1.1" 200 3602 "https://172.17.0.1:9444/publisher/apis?page=1" "Mozilla/5.0 (X11; Linux x86_64) AppleWebKit/537.36 (KHTML, like Gecko) Chrome/62.0.3202.94 Safari/537.36"
10.100.5.100 - - [22/Nov/2017:10:01:31 +0530] "GET /publisher/site/themes/wso2/libs/font-wso2_1.0.2/css/font-wso2.min.css HTTP/1.1" 200 2728 "https://172.17.0.1:9444/publisher/apis?page=1" "Mozilla/5.0 (X11; Linux x86_64) AppleWebKit/537.36 (KHTML, like Gecko) Chrome/62.0.3202.94 Safari/537.36"
10.100.5.100 - - [22/Nov/2017:10:01:31 +0530] "GET /publisher/site/themes/wso2/libs/bootstrap-select/css/bootstrap-select.min.css HTTP/1.1" 200 1442 "https://172.17.0.1:9444/publisher/apis?page=1" "Mozilla/5.0 (X11; Linux x86_64) AppleWebKit/537.36 (KHTML, like Gecko) Chrome/62.0.3202.94 Safari/537.36"
10.100.5.100 - - [22/Nov/2017:10:01:31 +0530] "GET /publisher/site/themes/wso2/templates/search/api-search/js/api-search.js HTTP/1.1" 200 560 "https://172.17.0.1:9444/publisher/apis?page=1" "Mozilla/5.0 (X11; Linux x86_64) AppleWebKit/537.36 (KHTML, like Gecko) Chrome/62.0.3202.94 Safari/537.36"
10.100.5.100 - - [22/Nov/2017:10:01:31 +0530] "GET /publisher/site/themes/wso2/css/custom.css HTTP/1.1" 200 1115 "https://172.17.0.1:9444/publisher/apis?page=1" "Mozilla/5.0 (X11; Linux x86_64) AppleWebKit/537.36 (KHTML, like Gecko) Chrome/62.0.3202.94 Safari/537.36"
10.100.5.100 - - [22/Nov/2017:10:01:31 +0530] "GET /publisher/site/themes/wso2/libs/bootstrap-rating/bootstrap-rating.css HTTP/1.1" 200 210 "https://172.17.0.1:9444/publisher/apis?page=1" "Mozilla/5.0 (X11; Linux x86_64) AppleWebKit/537.36 (KHTML, like Gecko) Chrome/62.0.3202.94 Safari/537.36"
10.100.5.100 - - [22/Nov/2017:10:01:31 +0530] "GET /publisher/site/themes/wso2/libs/theme-wso2_1.0/css/theme-wso2.css HTTP/1.1" 200 31338 "https://172.17.0.1:9444/publisher/apis?page=1" "Mozilla/5.0 (X11; Linux x86_64) AppleWebKit/537.36 (KHTML, like Gecko) Chrome/62.0.3202.94 Safari/537.36"
10.100.5.100 - - [22/Nov/2017:10:01:31 +0530] "GET /publisher/site/themes/wso2/libs/data-tables_1.10.7/extensions/Responsive/css/dataTables.responsive.css HTTP/1.1" 200 656 "https://172.17.0.1:9444/publisher/apis?page=1" "Mozilla/5.0 (X11; Linux x86_64) AppleWebKit/537.36 (KHTML, like Gecko) Chrome/62.0.3202.94 Safari/537.36"
10.100.5.100 - - [22/Nov/2017:10:01:31 +0530] "GET /publisher/site/themes/wso2/libs/jasny-bootstrap/dist/css/jasny-bootstrap.min.css HTTP/1.1" 200 2529 "https://172.17.0.1:9444/publisher/apis?page=1" "Mozilla/5.0 (X11; Linux x86_64) AppleWebKit/537.36 (KHTML, like Gecko) Chrome/62.0.3202.94 Safari/537.36"
10.100.5.100 - - [22/Nov/2017:10:01:31 +0530] "GET /publisher/site/themes/wso2/libs/select2_4.0.0/css/select2.min.css HTTP/1.1" 200 1959 "https://172.17.0.1:9444/publisher/apis?page=1" "Mozilla/5.0 (X11; Linux x86_64) AppleWebKit/537.36 (KHTML, like Gecko) Chrome/62.0.3202.94 Safari/537.36"
10.100.5.100 - - [22/Nov/2017:10:01:31 +0530] "GET /publisher/site/themes/wso2/libs/data-tables_1.10.7/extensions/Bootstrap/css/dataTables.bootstrap.css HTTP/1.1" 200 1969 "https://172.17.0.1:9444/publisher/apis?page=1" "Mozilla/5.0 (X11; Linux x86_64) AppleWebKit/537.36 (KHTML, like Gecko) Chrome/62.0.3202.94 Safari/537.36"
10.100.5.100 - - [22/Nov/2017:10:01:31 +0530] "GET /publisher/site/themes/wso2/libs/enjoyhint-3.1.0/enjoyhint.css HTTP/1.1" 200 1261 "https://172.17.0.1:9444/publisher/apis?page=1" "Mozilla/5.0 (X11; Linux x86_64) AppleWebKit/537.36 (KHTML, like Gecko) Chrome/62.0.3202.94 Safari/537.36"
10.100.5.100 - - [22/Nov/2017:10:01:31 +0530] "GET /publisher/site/themes/wso2/libs/enjoyhint-3.1.0/src/jquery.enjoyhint.css HTTP/1.1" 200 1287 "https://172.17.0.1:9444/publisher/apis?page=1" "Mozilla/5.0 (X11; Linux x86_64) AppleWebKit/537.36 (KHTML, like Gecko) Chrome/62.0.3202.94 Safari/537.36"
10.100.5.100 - - [22/Nov/2017:10:01:31 +0530] "GET /publisher/site/conf/locales/js/i18nResources.json HTTP/1.1" 200 12454 "https://172.17.0.1:9444/publisher/apis?page=1" "Mozilla/5.0 (X11; Linux x86_64) AppleWebKit/537.36 (KHTML, like Gecko) Chrome/62.0.3202.94 Safari/537.36"
10.100.5.100 - - [22/Nov/2017:10:01:31 +0530] "GET /publisher/site/conf/locales/js/i18nResources.json HTTP/1.1" 200 12454 "https://172.17.0.1:9444/publisher/apis?page=1" "Mozilla/5.0 (X11; Linux x86_64) AppleWebKit/537.36 (KHTML, like Gecko) Chrome/62.0.3202.94 Safari/537.36"
10.100.5.100 - - [22/Nov/2017:10:01:31 +0530] "GET /publisher/site/conf/locales/js/i18nResources.json HTTP/1.1" 200 12454 "https://172.17.0.1:9444/publisher/apis?page=1" "Mozilla/5.0 (X11; Linux x86_64) AppleWebKit/537.36 (KHTML, like Gecko) Chrome/62.0.3202.94 Safari/537.36"
10.100.5.100 - - [22/Nov/2017:10:01:33 +0530] "GET /publisher/info?name=NawalokaPatientService1&version=1.0.0&provider=admin HTTP/1.1" 200 10212 "https://172.17.0.1:9444/publisher/apis?page=1" "Mozilla/5.0 (X11; Linux x86_64) AppleWebKit/537.36 (KHTML, like Gecko) Chrome/62.0.3202.94 Safari/537.36"
10.100.5.100 - - [22/Nov/2017:10:01:33 +0530] "GET /publisher/site/themes/wso2/libs/load-tabs.js HTTP/1.1" 200 3588 "https://172.17.0.1:9444/publisher/info?name=NawalokaPatientService1&version=1.0.0&provider=admin" "Mozilla/5.0 (X11; Linux x86_64) AppleWebKit/537.36 (KHTML, like Gecko) Chrome/62.0.3202.94 Safari/537.36"
10.100.5.100 - - [22/Nov/2017:10:01:33 +0530] "GET /publisher/site/themes/wso2/templates/overview/js/copy.js HTTP/1.1" 200 1655 "https://172.17.0.1:9444/publisher/info?name=NawalokaPatientService1&version=1.0.0&provider=admin" "Mozilla/5.0 (X11; Linux x86_64) AppleWebKit/537.36 (KHTML, like Gecko) Chrome/62.0.3202.94 Safari/537.36"
10.100.5.100 - - [22/Nov/2017:10:01:33 +0530] "GET /publisher/site/themes/wso2/templates/item-info/js/lodash.min.js HTTP/1.1" 200 18383 "https://172.17.0.1:9444/publisher/info?name=NawalokaPatientService1&version=1.0.0&provider=admin" "Mozilla/5.0 (X11; Linux x86_64) AppleWebKit/537.36 (KHTML, like Gecko) Chrome/62.0.3202.94 Safari/537.36"
10.100.5.100 - - [22/Nov/2017:10:01:33 +0530] "GET /publisher/site/themes/wso2/libs/chrome.lifecycle.fix.js HTTP/1.1" 200 229 "https://172.17.0.1:9444/publisher/info?name=NawalokaPatientService1&version=1.0.0&provider=admin" "Mozilla/5.0 (X11; Linux x86_64) AppleWebKit/537.36 (KHTML, like Gecko) Chrome/62.0.3202.94 Safari/537.36"
10.100.5.100 - - [22/Nov/2017:10:01:33 +0530] "GET /publisher/site/themes/wso2/libs/graphlib.core.min.js HTTP/1.1" 200 5943 "https://172.17.0.1:9444/publisher/info?name=NawalokaPatientService1&version=1.0.0&provider=admin" "Mozilla/5.0 (X11; Linux x86_64) AppleWebKit/537.36 (KHTML, like Gecko) Chrome/62.0.3202.94 Safari/537.36"
10.100.5.100 - - [22/Nov/2017:10:01:33 +0530] "GET /publisher/site/themes/wso2/libs/font-wso2_1.0.2/css/font-wso2.min.css HTTP/1.1" 200 2728 "https://172.17.0.1:9444/publisher/info?name=NawalokaPatientService1&version=1.0.0&provider=admin" "Mozilla/5.0 (X11; Linux x86_64) AppleWebKit/537.36 (KHTML, like Gecko) Chrome/62.0.3202.94 Safari/537.36"
10.100.5.100 - - [22/Nov/2017:10:01:33 +0530] "GET /publisher/site/themes/wso2/libs/bootstrap-select/css/bootstrap-select.min.css HTTP/1.1" 200 1442 "https://172.17.0.1:9444/publisher/info?name=NawalokaPatientService1&version=1.0.0&provider=admin" "Mozilla/5.0 (X11; Linux x86_64) AppleWebKit/537.36 (KHTML, like Gecko) Chrome/62.0.3202.94 Safari/537.36"
10.100.5.100 - - [22/Nov/2017:10:01:33 +0530] "GET /publisher/site/themes/wso2/libs/theme-wso2_1.0/css/theme-wso2.css HTTP/1.1" 200 31338 "https://172.17.0.1:9444/publisher/info?name=NawalokaPatientService1&version=1.0.0&provider=admin" "Mozilla/5.0 (X11; Linux x86_64) AppleWebKit/537.36 (KHTML, like Gecko) Chrome/62.0.3202.94 Safari/537.36"
10.100.5.100 - - [22/Nov/2017:10:01:33 +0530] "GET /publisher/site/themes/wso2/libs/dagre-d3.min.js HTTP/1.1" 200 36102 "https://172.17.0.1:9444/publisher/info?name=NawalokaPatientService1&version=1.0.0&provider=admin" "Mozilla/5.0 (X11; Linux x86_64) AppleWebKit/537.36 (KHTML, like Gecko) Chrome/62.0.3202.94 Safari/537.36"
10.100.5.100 - - [22/Nov/2017:10:01:33 +0530] "GET /publisher/site/themes/wso2/libs/d3.min.js HTTP/1.1" 200 54095 "https://172.17.0.1:9444/publisher/info?name=NawalokaPatientService1&version=1.0.0&provider=admin" "Mozilla/5.0 (X11; Linux x86_64) AppleWebKit/537.36 (KHTML, like Gecko) Chrome/62.0.3202.94 Safari/537.36"
10.100.5.100 - - [22/Nov/2017:10:01:33 +0530] "GET /publisher/site/themes/wso2/css/custom.css HTTP/1.1" 200 1115 "https://172.17.0.1:9444/publisher/info?name=NawalokaPatientService1&version=1.0.0&provider=admin" "Mozilla/5.0 (X11; Linux x86_64) AppleWebKit/537.36 (KHTML, like Gecko) Chrome/62.0.3202.94 Safari/537.36"
10.100.5.100 - - [22/Nov/2017:10:01:33 +0530] "GET /publisher/site/themes/wso2/libs/bootstrap-rating/bootstrap-rating.css HTTP/1.1" 200 210 "https://172.17.0.1:9444/publisher/info?name=NawalokaPatientService1&version=1.0.0&provider=admin" "Mozilla/5.0 (X11; Linux x86_64) AppleWebKit/537.36 (KHTML, like Gecko) Chrome/62.0.3202.94 Safari/537.36"
10.100.5.100 - - [22/Nov/2017:10:01:33 +0530] "GET /publisher/site/themes/wso2/libs/jasny-bootstrap/dist/css/jasny-bootstrap.min.css HTTP/1.1" 200 2529 "https://172.17.0.1:9444/publisher/info?name=NawalokaPatientService1&version=1.0.0&provider=admin" "Mozilla/5.0 (X11; Linux x86_64) AppleWebKit/537.36 (KHTML, like Gecko) Chrome/62.0.3202.94 Safari/537.36"
10.100.5.100 - - [22/Nov/2017:10:01:33 +0530] "GET /publisher/site/themes/wso2/libs/data-tables_1.10.7/extensions/Bootstrap/css/dataTables.bootstrap.css HTTP/1.1" 200 1969 "https://172.17.0.1:9444/publisher/info?name=NawalokaPatientService1&version=1.0.0&provider=admin" "Mozilla/5.0 (X11; Linux x86_64) AppleWebKit/537.36 (KHTML, like Gecko) Chrome/62.0.3202.94 Safari/537.36"
10.100.5.100 - - [22/Nov/2017:10:01:33 +0530] "GET /publisher/site/themes/wso2/libs/data-tables_1.10.7/extensions/Responsive/css/dataTables.responsive.css HTTP/1.1" 200 656 "https://172.17.0.1:9444/publisher/info?name=NawalokaPatientService1&version=1.0.0&provider=admin" "Mozilla/5.0 (X11; Linux x86_64) AppleWebKit/537.36 (KHTML, like Gecko) Chrome/62.0.3202.94 Safari/537.36"
10.100.5.100 - - [22/Nov/2017:10:01:33 +0530] "GET /publisher/site/themes/wso2/libs/enjoyhint-3.1.0/enjoyhint.css HTTP/1.1" 200 1261 "https://172.17.0.1:9444/publisher/info?name=NawalokaPatientService1&version=1.0.0&provider=admin" "Mozilla/5.0 (X11; Linux x86_64) AppleWebKit/537.36 (KHTML, like Gecko) Chrome/62.0.3202.94 Safari/537.36"
10.100.5.100 - - [22/Nov/2017:10:01:33 +0530] "GET /publisher/site/themes/wso2/templates/item-info/css/lifecycles.css HTTP/1.1" 200 328 "https://172.17.0.1:9444/publisher/info?name=NawalokaPatientService1&version=1.0.0&provider=admin" "Mozilla/5.0 (X11; Linux x86_64) AppleWebKit/537.36 (KHTML, like Gecko) Chrome/62.0.3202.94 Safari/537.36"
10.100.5.100 - - [22/Nov/2017:10:01:33 +0530] "GET /publisher/site/themes/wso2/libs/select2_4.0.0/css/select2.min.css HTTP/1.1" 200 1959 "https://172.17.0.1:9444/publisher/info?name=NawalokaPatientService1&version=1.0.0&provider=admin" "Mozilla/5.0 (X11; Linux x86_64) AppleWebKit/537.36 (KHTML, like Gecko) Chrome/62.0.3202.94 Safari/537.36"
10.100.5.100 - - [22/Nov/2017:10:01:33 +0530] "GET /publisher/site/themes/wso2/libs/enjoyhint-3.1.0/src/jquery.enjoyhint.css HTTP/1.1" 200 1287 "https://172.17.0.1:9444/publisher/info?name=NawalokaPatientService1&version=1.0.0&provider=admin" "Mozilla/5.0 (X11; Linux x86_64) AppleWebKit/537.36 (KHTML, like Gecko) Chrome/62.0.3202.94 Safari/537.36"
10.100.5.100 - - [22/Nov/2017:10:01:33 +0530] "GET /publisher/site/conf/locales/js/i18nResources.json HTTP/1.1" 200 12454 "https://172.17.0.1:9444/publisher/info?name=NawalokaPatientService1&version=1.0.0&provider=admin" "Mozilla/5.0 (X11; Linux x86_64) AppleWebKit/537.36 (KHTML, like Gecko) Chrome/62.0.3202.94 Safari/537.36"
10.100.5.100 - - [22/Nov/2017:10:01:33 +0530] "GET /publisher/site/themes/wso2/libs/nvd3/css/nv.d3.css HTTP/1.1" 200 2977 "https://172.17.0.1:9444/publisher/info?name=NawalokaPatientService1&version=1.0.0&provider=admin" "Mozilla/5.0 (X11; Linux x86_64) AppleWebKit/537.36 (KHTML, like Gecko) Chrome/62.0.3202.94 Safari/537.36"
10.100.5.100 - - [22/Nov/2017:10:01:33 +0530] "GET /publisher/site/themes/wso2/templates/utils/url-validation/url-validation.js HTTP/1.1" 200 1240 "https://172.17.0.1:9444/publisher/info?name=NawalokaPatientService1&version=1.0.0&provider=admin" "Mozilla/5.0 (X11; Linux x86_64) AppleWebKit/537.36 (KHTML, like Gecko) Chrome/62.0.3202.94 Safari/537.36"
10.100.5.100 - - [22/Nov/2017:10:01:33 +0530] "GET /publisher/site/themes/wso2/templates/documentation/js/docs.js HTTP/1.1" 200 4486 "https://172.17.0.1:9444/publisher/info?name=NawalokaPatientService1&version=1.0.0&provider=admin" "Mozilla/5.0 (X11; Linux x86_64) AppleWebKit/537.36 (KHTML, like Gecko) Chrome/62.0.3202.94 Safari/537.36"
10.100.5.100 - - [22/Nov/2017:10:01:33 +0530] "GET /publisher/site/themes/wso2/templates/utils/custom-validation/custom-validation.js HTTP/1.1" 200 1626 "https://172.17.0.1:9444/publisher/info?name=NawalokaPatientService1&version=1.0.0&provider=admin" "Mozilla/5.0 (X11; Linux x86_64) AppleWebKit/537.36 (KHTML, like Gecko) Chrome/62.0.3202.94 Safari/537.36"
10.100.5.100 - - [22/Nov/2017:10:01:33 +0530] "GET /publisher/site/conf/locales/js/i18nResources.json HTTP/1.1" 200 12454 "https://172.17.0.1:9444/publisher/info?name=NawalokaPatientService1&version=1.0.0&provider=admin" "Mozilla/5.0 (X11; Linux x86_64) AppleWebKit/537.36 (KHTML, like Gecko) Chrome/62.0.3202.94 Safari/537.36"
10.100.5.100 - - [22/Nov/2017:10:01:33 +0530] "GET /publisher/site/conf/locales/js/i18nResources.json HTTP/1.1" 200 12454 "https://172.17.0.1:9444/publisher/info?name=NawalokaPatientService1&version=1.0.0&provider=admin" "Mozilla/5.0 (X11; Linux x86_64) AppleWebKit/537.36 (KHTML, like Gecko) Chrome/62.0.3202.94 Safari/537.36"
10.100.5.100 - - [22/Nov/2017:10:01:33 +0530] "GET /publisher/site/themes/wso2/libs/nvd3/js/d3.v3.js HTTP/1.1" 200 64507 "https://172.17.0.1:9444/publisher/info?name=NawalokaPatientService1&version=1.0.0&provider=admin" "Mozilla/5.0 (X11; Linux x86_64) AppleWebKit/537.36 (KHTML, like Gecko) Chrome/62.0.3202.94 Safari/537.36"
10.100.5.100 - - [22/Nov/2017:10:01:33 +0530] "GET /publisher/site/themes/wso2/libs/nvd3/js/nv.d3.js HTTP/1.1" 200 64938 "https://172.17.0.1:9444/publisher/info?name=NawalokaPatientService1&version=1.0.0&provider=admin" "Mozilla/5.0 (X11; Linux x86_64) AppleWebKit/537.36 (KHTML, like Gecko) Chrome/62.0.3202.94 Safari/537.36"
10.100.5.100 - - [22/Nov/2017:10:01:33 +0530] "GET /publisher/site/themes/wso2/templates/item-external/js/external.js HTTP/1.1" 200 673 "https://172.17.0.1:9444/publisher/info?name=NawalokaPatientService1&version=1.0.0&provider=admin" "Mozilla/5.0 (X11; Linux x86_64) AppleWebKit/537.36 (KHTML, like Gecko) Chrome/62.0.3202.94 Safari/537.36"
10.100.5.100 - - [22/Nov/2017:10:01:33 +0530] "GET /publisher/site/themes/wso2/libs/dataTables/js/jquery.dataTables.min.js HTTP/1.1" 200 27457 "https://172.17.0.1:9444/publisher/info?name=NawalokaPatientService1&version=1.0.0&provider=admin" "Mozilla/5.0 (X11; Linux x86_64) AppleWebKit/537.36 (KHTML, like Gecko) Chrome/62.0.3202.94 Safari/537.36"
10.100.5.100 - - [22/Nov/2017:10:01:33 +0530] "GET /publisher/site/themes/wso2/libs/datepicker/js/moment.js HTTP/1.1" 200 23190 "https://172.17.0.1:9444/publisher/info?name=NawalokaPatientService1&version=1.0.0&provider=admin" "Mozilla/5.0 (X11; Linux x86_64) AppleWebKit/537.36 (KHTML, like Gecko) Chrome/62.0.3202.94 Safari/537.36"
10.100.5.100 - - [22/Nov/2017:10:01:33 +0530] "GET /publisher/site/themes/wso2/libs/datepicker/js/daterangepicker.js HTTP/1.1" 200 9514 "https://172.17.0.1:9444/publisher/info?name=NawalokaPatientService1&version=1.0.0&provider=admin" "Mozilla/5.0 (X11; Linux x86_64) AppleWebKit/537.36 (KHTML, like Gecko) Chrome/62.0.3202.94 Safari/537.36"
10.100.5.100 - - [22/Nov/2017:10:01:35 +0530] "GET /publisher/design?name=NawalokaPatientService1&version=1.0.0&provider=admin HTTP/1.1" 200 9586 "https://172.17.0.1:9444/publisher/info?name=NawalokaPatientService1&version=1.0.0&provider=admin" "Mozilla/5.0 (X11; Linux x86_64) AppleWebKit/537.36 (KHTML, like Gecko) Chrome/62.0.3202.94 Safari/537.36"
10.100.5.100 - - [22/Nov/2017:10:01:35 +0530] "GET /publisher/site/themes/wso2/libs/font-wso2_1.0.2/css/font-wso2.min.css HTTP/1.1" 200 2728 "https://172.17.0.1:9444/publisher/design?name=NawalokaPatientService1&version=1.0.0&provider=admin" "Mozilla/5.0 (X11; Linux x86_64) AppleWebKit/537.36 (KHTML, like Gecko) Chrome/62.0.3202.94 Safari/537.36"
10.100.5.100 - - [22/Nov/2017:10:01:35 +0530] "GET /publisher/site/themes/wso2/css/custom.css HTTP/1.1" 200 1115 "https://172.17.0.1:9444/publisher/design?name=NawalokaPatientService1&version=1.0.0&provider=admin" "Mozilla/5.0 (X11; Linux x86_64) AppleWebKit/537.36 (KHTML, like Gecko) Chrome/62.0.3202.94 Safari/537.36"
10.100.5.100 - - [22/Nov/2017:10:01:35 +0530] "GET /publisher/site/themes/wso2/libs/bootstrap-rating/bootstrap-rating.css HTTP/1.1" 200 210 "https://172.17.0.1:9444/publisher/design?name=NawalokaPatientService1&version=1.0.0&provider=admin" "Mozilla/5.0 (X11; Linux x86_64) AppleWebKit/537.36 (KHTML, like Gecko) Chrome/62.0.3202.94 Safari/537.36"
10.100.5.100 - - [22/Nov/2017:10:01:35 +0530] "GET /publisher/site/themes/wso2/libs/jasny-bootstrap/dist/css/jasny-bootstrap.min.css HTTP/1.1" 200 2529 "https://172.17.0.1:9444/publisher/design?name=NawalokaPatientService1&version=1.0.0&provider=admin" "Mozilla/5.0 (X11; Linux x86_64) AppleWebKit/537.36 (KHTML, like Gecko) Chrome/62.0.3202.94 Safari/537.36"
10.100.5.100 - - [22/Nov/2017:10:01:35 +0530] "GET /publisher/site/themes/wso2/libs/bootstrap-select/css/bootstrap-select.min.css HTTP/1.1" 200 1442 "https://172.17.0.1:9444/publisher/design?name=NawalokaPatientService1&version=1.0.0&provider=admin" "Mozilla/5.0 (X11; Linux x86_64) AppleWebKit/537.36 (KHTML, like Gecko) Chrome/62.0.3202.94 Safari/537.36"
10.100.5.100 - - [22/Nov/2017:10:01:35 +0530] "GET /publisher/site/themes/wso2/libs/data-tables_1.10.7/extensions/Bootstrap/css/dataTables.bootstrap.css HTTP/1.1" 200 1969 "https://172.17.0.1:9444/publisher/design?name=NawalokaPatientService1&version=1.0.0&provider=admin" "Mozilla/5.0 (X11; Linux x86_64) AppleWebKit/537.36 (KHTML, like Gecko) Chrome/62.0.3202.94 Safari/537.36"
10.100.5.100 - - [22/Nov/2017:10:01:35 +0530] "GET /publisher/site/themes/wso2/libs/enjoyhint-3.1.0/enjoyhint.css HTTP/1.1" 200 1261 "https://172.17.0.1:9444/publisher/design?name=NawalokaPatientService1&version=1.0.0&provider=admin" "Mozilla/5.0 (X11; Linux x86_64) AppleWebKit/537.36 (KHTML, like Gecko) Chrome/62.0.3202.94 Safari/537.36"
10.100.5.100 - - [22/Nov/2017:10:01:35 +0530] "GET /publisher/site/themes/wso2/libs/enjoyhint-3.1.0/src/jquery.enjoyhint.css HTTP/1.1" 200 1287 "https://172.17.0.1:9444/publisher/design?name=NawalokaPatientService1&version=1.0.0&provider=admin" "Mozilla/5.0 (X11; Linux x86_64) AppleWebKit/537.36 (KHTML, like Gecko) Chrome/62.0.3202.94 Safari/537.36"
10.100.5.100 - - [22/Nov/2017:10:01:35 +0530] "GET /publisher/site/themes/wso2/libs/select2_4.0.0/css/select2.min.css HTTP/1.1" 200 1959 "https://172.17.0.1:9444/publisher/design?name=NawalokaPatientService1&version=1.0.0&provider=admin" "Mozilla/5.0 (X11; Linux x86_64) AppleWebKit/537.36 (KHTML, like Gecko) Chrome/62.0.3202.94 Safari/537.36"
10.100.5.100 - - [22/Nov/2017:10:01:35 +0530] "GET /publisher/site/themes/wso2/libs/data-tables_1.10.7/extensions/Responsive/css/dataTables.responsive.css HTTP/1.1" 200 656 "https://172.17.0.1:9444/publisher/design?name=NawalokaPatientService1&version=1.0.0&provider=admin" "Mozilla/5.0 (X11; Linux x86_64) AppleWebKit/537.36 (KHTML, like Gecko) Chrome/62.0.3202.94 Safari/537.36"
10.100.5.100 - - [22/Nov/2017:10:01:35 +0530] "GET /publisher/site/themes/wso2/libs/theme-wso2_1.0/css/theme-wso2.css HTTP/1.1" 200 31338 "https://172.17.0.1:9444/publisher/design?name=NawalokaPatientService1&version=1.0.0&provider=admin" "Mozilla/5.0 (X11; Linux x86_64) AppleWebKit/537.36 (KHTML, like Gecko) Chrome/62.0.3202.94 Safari/537.36"
10.100.5.100 - - [22/Nov/2017:10:01:35 +0530] "GET /publisher/site/themes/wso2/templates/item-design/css/api-designer.css HTTP/1.1" 200 1410 "https://172.17.0.1:9444/publisher/design?name=NawalokaPatientService1&version=1.0.0&provider=admin" "Mozilla/5.0 (X11; Linux x86_64) AppleWebKit/537.36 (KHTML, like Gecko) Chrome/62.0.3202.94 Safari/537.36"
10.100.5.100 - - [22/Nov/2017:10:01:35 +0530] "GET /publisher/site/themes/wso2/libs/bootstrap3-editable/css/bootstrap-editable.css HTTP/1.1" 200 3553 "https://172.17.0.1:9444/publisher/design?name=NawalokaPatientService1&version=1.0.0&provider=admin" "Mozilla/5.0 (X11; Linux x86_64) AppleWebKit/537.36 (KHTML, like Gecko) Chrome/62.0.3202.94 Safari/537.36"
10.100.5.100 - - [22/Nov/2017:10:01:35 +0530] "GET /publisher/site/themes/wso2/libs/bootstrap-taginput/bootstrap-tagsinput.css HTTP/1.1" 200 1094 "https://172.17.0.1:9444/publisher/design?name=NawalokaPatientService1&version=1.0.0&provider=admin" "Mozilla/5.0 (X11; Linux x86_64) AppleWebKit/537.36 (KHTML, like Gecko) Chrome/62.0.3202.94 Safari/537.36"
10.100.5.100 - - [22/Nov/2017:10:01:35 +0530] "GET /publisher/site/conf/locales/js/i18nResources.json HTTP/1.1" 200 12454 "https://172.17.0.1:9444/publisher/design?name=NawalokaPatientService1&version=1.0.0&provider=admin" "Mozilla/5.0 (X11; Linux x86_64) AppleWebKit/537.36 (KHTML, like Gecko) Chrome/62.0.3202.94 Safari/537.36"
10.100.5.100 - - [22/Nov/2017:10:01:35 +0530] "GET /publisher/site/conf/locales/js/i18nResources.json HTTP/1.1" 200 12454 "https://172.17.0.1:9444/publisher/design?name=NawalokaPatientService1&version=1.0.0&provider=admin" "Mozilla/5.0 (X11; Linux x86_64) AppleWebKit/537.36 (KHTML, like Gecko) Chrome/62.0.3202.94 Safari/537.36"
10.100.5.100 - - [22/Nov/2017:10:01:35 +0530] "GET /publisher/site/conf/locales/js/i18nResources.json HTTP/1.1" 200 12454 "https://172.17.0.1:9444/publisher/design?name=NawalokaPatientService1&version=1.0.0&provider=admin" "Mozilla/5.0 (X11; Linux x86_64) AppleWebKit/537.36 (KHTML, like Gecko) Chrome/62.0.3202.94 Safari/537.36"
10.100.5.100 - - [22/Nov/2017:10:01:35 +0530] "GET /publisher/site/themes/wso2/libs/src-noconflict/ace.js HTTP/1.1" 200 125085 "https://172.17.0.1:9444/publisher/design?name=NawalokaPatientService1&version=1.0.0&provider=admin" "Mozilla/5.0 (X11; Linux x86_64) AppleWebKit/537.36 (KHTML, like Gecko) Chrome/62.0.3202.94 Safari/537.36"
10.100.5.100 - - [22/Nov/2017:10:01:35 +0530] "GET /publisher/site/themes/wso2/libs/src-noconflict/mode-yaml.js HTTP/1.1" 200 1956 "https://172.17.0.1:9444/publisher/design?name=NawalokaPatientService1&version=1.0.0&provider=admin" "Mozilla/5.0 (X11; Linux x86_64) AppleWebKit/537.36 (KHTML, like Gecko) Chrome/62.0.3202.94 Safari/537.36"
